Archive member included to satisfy reference by file (symbol)

D:/Software/STM32Cube/STM32CubeIDE/plugins/com.st.stm32cube.ide.mcu.externaltools.gnu-tools-for-stm32.12.3.rel1.win32_1.0.200.202406191623/tools/bin/../lib/gcc/arm-none-eabi/12.3.1/../../../../arm-none-eabi/lib/thumb/v7e-m+fp/hard\libc_nano.a(libc_a-exit.o)
                              D:/Software/STM32Cube/STM32CubeIDE/plugins/com.st.stm32cube.ide.mcu.externaltools.gnu-tools-for-stm32.12.3.rel1.win32_1.0.200.202406191623/tools/bin/../lib/gcc/arm-none-eabi/12.3.1/../../../../arm-none-eabi/lib/thumb/v7e-m+fp/hard/crt0.o (exit)
D:/Software/STM32Cube/STM32CubeIDE/plugins/com.st.stm32cube.ide.mcu.externaltools.gnu-tools-for-stm32.12.3.rel1.win32_1.0.200.202406191623/tools/bin/../lib/gcc/arm-none-eabi/12.3.1/../../../../arm-none-eabi/lib/thumb/v7e-m+fp/hard\libc_nano.a(libc_a-findfp.o)
                              D:/Software/STM32Cube/STM32CubeIDE/plugins/com.st.stm32cube.ide.mcu.externaltools.gnu-tools-for-stm32.12.3.rel1.win32_1.0.200.202406191623/tools/bin/../lib/gcc/arm-none-eabi/12.3.1/../../../../arm-none-eabi/lib/thumb/v7e-m+fp/hard\libc_nano.a(libc_a-exit.o) (__stdio_exit_handler)
D:/Software/STM32Cube/STM32CubeIDE/plugins/com.st.stm32cube.ide.mcu.externaltools.gnu-tools-for-stm32.12.3.rel1.win32_1.0.200.202406191623/tools/bin/../lib/gcc/arm-none-eabi/12.3.1/../../../../arm-none-eabi/lib/thumb/v7e-m+fp/hard\libc_nano.a(libc_a-fwalk.o)
                              D:/Software/STM32Cube/STM32CubeIDE/plugins/com.st.stm32cube.ide.mcu.externaltools.gnu-tools-for-stm32.12.3.rel1.win32_1.0.200.202406191623/tools/bin/../lib/gcc/arm-none-eabi/12.3.1/../../../../arm-none-eabi/lib/thumb/v7e-m+fp/hard\libc_nano.a(libc_a-findfp.o) (_fwalk_sglue)
D:/Software/STM32Cube/STM32CubeIDE/plugins/com.st.stm32cube.ide.mcu.externaltools.gnu-tools-for-stm32.12.3.rel1.win32_1.0.200.202406191623/tools/bin/../lib/gcc/arm-none-eabi/12.3.1/../../../../arm-none-eabi/lib/thumb/v7e-m+fp/hard\libc_nano.a(libc_a-stdio.o)
                              D:/Software/STM32Cube/STM32CubeIDE/plugins/com.st.stm32cube.ide.mcu.externaltools.gnu-tools-for-stm32.12.3.rel1.win32_1.0.200.202406191623/tools/bin/../lib/gcc/arm-none-eabi/12.3.1/../../../../arm-none-eabi/lib/thumb/v7e-m+fp/hard\libc_nano.a(libc_a-findfp.o) (__sread)
D:/Software/STM32Cube/STM32CubeIDE/plugins/com.st.stm32cube.ide.mcu.externaltools.gnu-tools-for-stm32.12.3.rel1.win32_1.0.200.202406191623/tools/bin/../lib/gcc/arm-none-eabi/12.3.1/../../../../arm-none-eabi/lib/thumb/v7e-m+fp/hard\libc_nano.a(libc_a-memset.o)
                              D:/Software/STM32Cube/STM32CubeIDE/plugins/com.st.stm32cube.ide.mcu.externaltools.gnu-tools-for-stm32.12.3.rel1.win32_1.0.200.202406191623/tools/bin/../lib/gcc/arm-none-eabi/12.3.1/../../../../arm-none-eabi/lib/thumb/v7e-m+fp/hard/crt0.o (memset)
D:/Software/STM32Cube/STM32CubeIDE/plugins/com.st.stm32cube.ide.mcu.externaltools.gnu-tools-for-stm32.12.3.rel1.win32_1.0.200.202406191623/tools/bin/../lib/gcc/arm-none-eabi/12.3.1/../../../../arm-none-eabi/lib/thumb/v7e-m+fp/hard\libc_nano.a(libc_a-closer.o)
                              D:/Software/STM32Cube/STM32CubeIDE/plugins/com.st.stm32cube.ide.mcu.externaltools.gnu-tools-for-stm32.12.3.rel1.win32_1.0.200.202406191623/tools/bin/../lib/gcc/arm-none-eabi/12.3.1/../../../../arm-none-eabi/lib/thumb/v7e-m+fp/hard\libc_nano.a(libc_a-stdio.o) (_close_r)
D:/Software/STM32Cube/STM32CubeIDE/plugins/com.st.stm32cube.ide.mcu.externaltools.gnu-tools-for-stm32.12.3.rel1.win32_1.0.200.202406191623/tools/bin/../lib/gcc/arm-none-eabi/12.3.1/../../../../arm-none-eabi/lib/thumb/v7e-m+fp/hard\libc_nano.a(libc_a-reent.o)
                              D:/Software/STM32Cube/STM32CubeIDE/plugins/com.st.stm32cube.ide.mcu.externaltools.gnu-tools-for-stm32.12.3.rel1.win32_1.0.200.202406191623/tools/bin/../lib/gcc/arm-none-eabi/12.3.1/../../../../arm-none-eabi/lib/thumb/v7e-m+fp/hard\libc_nano.a(libc_a-closer.o) (errno)
D:/Software/STM32Cube/STM32CubeIDE/plugins/com.st.stm32cube.ide.mcu.externaltools.gnu-tools-for-stm32.12.3.rel1.win32_1.0.200.202406191623/tools/bin/../lib/gcc/arm-none-eabi/12.3.1/../../../../arm-none-eabi/lib/thumb/v7e-m+fp/hard\libc_nano.a(libc_a-impure.o)
                              D:/Software/STM32Cube/STM32CubeIDE/plugins/com.st.stm32cube.ide.mcu.externaltools.gnu-tools-for-stm32.12.3.rel1.win32_1.0.200.202406191623/tools/bin/../lib/gcc/arm-none-eabi/12.3.1/../../../../arm-none-eabi/lib/thumb/v7e-m+fp/hard\libc_nano.a(libc_a-reent.o) (_impure_ptr)
D:/Software/STM32Cube/STM32CubeIDE/plugins/com.st.stm32cube.ide.mcu.externaltools.gnu-tools-for-stm32.12.3.rel1.win32_1.0.200.202406191623/tools/bin/../lib/gcc/arm-none-eabi/12.3.1/../../../../arm-none-eabi/lib/thumb/v7e-m+fp/hard\libc_nano.a(libc_a-lseekr.o)
[...]
Memory Configuration

Name             Origin             Length             Attributes
RAM              0x20000000         0x00020000         xrw
FLASH            0x08000000         0x00080000         xr
*default*        0x00000000         0xffffffff

Linker script and memory map

LOAD D:/Software/STM32Cube/STM32CubeIDE/plugins/com.st.stm32cube.ide.mcu.externaltools.gnu-tools-for-stm32.12.3.rel1.win32_1.0.200.202406191623/tools/bin/../lib/gcc/arm-none-eabi/12.3.1/thumb/v7e-m+fp/hard/crti.o
LOAD D:/Software/STM32Cube/STM32CubeIDE/plugins/com.st.stm32cube.ide.mcu.externaltools.gnu-tools-for-stm32.12.3.rel1.win32_1.0.200.202406191623/tools/bin/../lib/gcc/arm-none-eabi/12.3.1/thumb/v7e-m+fp/hard/crtbegin.o
LOAD D:/Software/STM32Cube/STM32CubeIDE/plugins/com.st.stm32cube.ide.mcu.externaltools.gnu-tools-for-stm32.12.3.rel1.win32_1.0.200.202406191623/tools/bin/../lib/gcc/arm-none-eabi/12.3.1/../../../../arm-none-eabi/lib/thumb/v7e-m+fp/hard/crt0.o
LOAD ./Core/Src/gpio.o
LOAD ./Core/Src/main.o
LOAD ./Core/Src/sdio.o
LOAD ./Core/Src/stm32f4xx_hal_msp.o
LOAD ./Core/Src/stm32f4xx_it.o
LOAD ./Core/Src/syscalls.o
LOAD ./Core/Src/sysmem.o
LOAD ./Core/Src/system_stm32f4xx.o
LOAD ./Core/Src/usart.o
LOAD ./Core/Startup/startup_stm32f446retx.o
LOAD ./Drivers/STM32F4xx_HAL_Driver/Src/stm32f4xx_hal.o
LOAD ./Drivers/STM32F4xx_HAL_Driver/Src/stm32f4xx_hal_cortex.o
LOAD ./Drivers/STM32F4xx_HAL_Driver/Src/stm32f4xx_hal_dma.o
LOAD ./Drivers/STM32F4xx_HAL_Driver/Src/stm32f4xx_hal_dma_ex.o
LOAD ./Drivers/STM32F4xx_HAL_Driver/Src/stm32f4xx_hal_exti.o
LOAD ./Drivers/STM32F4xx_HAL_Driver/Src/stm32f4xx_hal_flash.o
LOAD ./Drivers/STM32F4xx_HAL_Driver/Src/stm32f4xx_hal_flash_ex.o
LOAD ./Drivers/STM32F4xx_HAL_Driver/Src/stm32f4xx_hal_flash_ramfunc.o
LOAD ./Drivers/STM32F4xx_HAL_Driver/Src/stm32f4xx_hal_gpio.o
LOAD ./Drivers/STM32F4xx_HAL_Driver/Src/stm32f4xx_hal_pwr.o
LOAD ./Drivers/STM32F4xx_HAL_Driver/Src/stm32f4xx_hal_pwr_ex.o
LOAD ./Drivers/STM32F4xx_HAL_Driver/Src/stm32f4xx_hal_rcc.o
LOAD ./Drivers/STM32F4xx_HAL_Driver/Src/stm32f4xx_hal_rcc_ex.o
LOAD ./Drivers/STM32F4xx_HAL_Driver/Src/stm32f4xx_hal_sd.o
LOAD ./Drivers/STM32F4xx_HAL_Driver/Src/stm32f4xx_hal_tim.o
LOAD ./Drivers/STM32F4xx_HAL_Driver/Src/stm32f4xx_hal_tim_ex.o
LOAD ./Drivers/STM32F4xx_HAL_Driver/Src/stm32f4xx_hal_uart.o
LOAD ./Drivers/STM32F4xx_HAL_Driver/Src/stm32f4xx_ll_sdmmc.o
LOAD ./FATFS/App/fatfs.o
LOAD ./FATFS/Target/bsp_driver_sd.o
LOAD ./FATFS/Target/fatfs_platform.o
LOAD ./FATFS/Target/sd_diskio.o
LOAD ./Middlewares/Third_Party/FatFs/src/diskio.o
LOAD ./Middlewares/Third_Party/FatFs/src/ff.o
LOAD ./Middlewares/Third_Party/FatFs/src/ff_gen_drv.o
LOAD ./Middlewares/Third_Party/FatFs/src/option/ccsbcs.o
LOAD ./Middlewares/Third_Party/FatFs/src/option/syscall.o
START GROUP
LOAD D:/Software/STM32Cube/STM32CubeIDE/plugins/com.st.stm32cube.ide.mcu.externaltools.gnu-tools-for-stm32.12.3.rel1.win32_1.0.200.202406191623/tools/bin/../lib/gcc/arm-none-eabi/12.3.1/../../../../arm-none-eabi/lib/thumb/v7e-m+fp/hard\libc_nano.a
LOAD D:/Software/STM32Cube/STM32CubeIDE/plugins/com.st.stm32cube.ide.mcu.externaltools.gnu-tools-for-stm32.12.3.rel1.win32_1.0.200.202406191623/tools/bin/../lib/gcc/arm-none-eabi/12.3.1/../../../../arm-none-eabi/lib/thumb/v7e-m+fp/hard\libm.a
END GROUP
START GROUP
LOAD D:/Software/STM32Cube/STM32CubeIDE/plugins/com.st.stm32cube.ide.mcu.externaltools.gnu-tools-for-stm32.12.3.rel1.win32_1.0.200.202406191623/tools/bin/../lib/gcc/arm-none-eabi/12.3.1/thumb/v7e-m+fp/hard\libgcc.a
LOAD D:/Software/STM32Cube/STM32CubeIDE/plugins/com.st.stm32cube.ide.mcu.externaltools.gnu-tools-for-stm32.12.3.rel1.win32_1.0.200.202406191623/tools/bin/../lib/gcc/arm-none-eabi/12.3.1/../../../../arm-none-eabi/lib/thumb/v7e-m+fp/hard\libc_nano.a
END GROUP
START GROUP
LOAD D:/Software/STM32Cube/STM32CubeIDE/plugins/com.st.stm32cube.ide.mcu.externaltools.gnu-tools-for-stm32.12.3.rel1.win32_1.0.200.202406191623/tools/bin/../lib/gcc/arm-none-eabi/12.3.1/thumb/v7e-m+fp/hard\libgcc.a
LOAD D:/Software/STM32Cube/STM32CubeIDE/plugins/com.st.stm32cube.ide.mcu.externaltools.gnu-tools-for-stm32.12.3.rel1.win32_1.0.200.202406191623/tools/bin/../lib/gcc/arm-none-eabi/12.3.1/../../../../arm-none-eabi/lib/thumb/v7e-m+fp/hard\libc_nano.a
LOAD D:/Software/STM32Cube/STM32CubeIDE/plugins/com.st.stm32cube.ide.mcu.externaltools.gnu-tools-for-stm32.12.3.rel1.win32_1.0.200.202406191623/tools/bin/../lib/gcc/arm-none-eabi/12.3.1/../../../../arm-none-eabi/lib/thumb/v7e-m+fp/hard\libnosys.a
END GROUP
START GROUP
LOAD D:/Software/STM32Cube/STM32CubeIDE/plugins/com.st.stm32cube.ide.mcu.externaltools.gnu-tools-for-stm32.12.3.rel1.win32_1.0.200.202406191623/tools/bin/../lib/gcc/arm-none-eabi/12.3.1/thumb/v7e-m+fp/hard\libgcc.a
LOAD D:/Software/STM32Cube/STM32CubeIDE/plugins/com.st.stm32cube.ide.mcu.externaltools.gnu-tools-for-stm32.12.3.rel1.win32_1.0.200.202406191623/tools/bin/../lib/gcc/arm-none-eabi/12.3.1/../../../../arm-none-eabi/lib/thumb/v7e-m+fp/hard\libc_nano.a
LOAD D:/Software/STM32Cube/STM32CubeIDE/plugins/com.st.stm32cube.ide.mcu.externaltools.gnu-tools-for-stm32.12.3.rel1.win32_1.0.200.202406191623/tools/bin/../lib/gcc/arm-none-eabi/12.3.1/../../../../arm-none-eabi/lib/thumb/v7e-m+fp/hard\libnosys.a
END GROUP
LOAD D:/Software/STM32Cube/STM32CubeIDE/plugins/com.st.stm32cube.ide.mcu.externaltools.gnu-tools-for-stm32.12.3.rel1.win32_1.0.200.202406191623/tools/bin/../lib/gcc/arm-none-eabi/12.3.1/thumb/v7e-m+fp/hard/crtend.o
LOAD D:/Software/STM32Cube/STM32CubeIDE/plugins/com.st.stm32cube.ide.mcu.externaltools.gnu-tools-for-stm32.12.3.rel1.win32_1.0.200.202406191623/tools/bin/../lib/gcc/arm-none-eabi/12.3.1/thumb/v7e-m+fp/hard/crtn.o
                0x20020000                        _estack = (ORIGIN (RAM) + LENGTH (RAM))
                0x00000200                        _Min_Heap_Size = 0x200
                0x00000400                        _Min_Stack_Size = 0x400

.isr_vector     0x08000000      0x1c4
                0x08000000                        . = ALIGN (0x4)
 *(.isr_vector)
 .isr_vector    0x08000000      0x1c4 ./Core/Startup/startup_stm32f446retx.o
                0x08000000                g_pfnVectors
                0x080001c4                        . = ALIGN (0x4)

.text           0x080001c4     0x7668
                0x080001c4                        . = ALIGN (0x4)
 *(.text)
 .text          0x080001c4       0x40 D:/Software/STM32Cube/STM32CubeIDE/plugins/com.st.stm32cube.ide.mcu.externaltools.gnu-tools-for-stm32.12.3.rel1.win32_1.0.200.202406191623/tools/bin/../lib/gcc/arm-none-eabi/12.3.1/thumb/v7e-m+fp/hard/crtbegin.o
 .text          0x08000204       0x30 D:/Software/STM32Cube/STM32CubeIDE/plugins/com.st.stm32cube.ide.mcu.externaltools.gnu-tools-for-stm32.12.3.rel1.win32_1.0.200.202406191623/tools/bin/../lib/gcc/arm-none-eabi/12.3.1/thumb/v7e-m+fp/hard\libgcc.a(_aeabi_uldivmod.o)
                0x08000204                __aeabi_uldivmod
 .text          0x08000234      0x2bc D:/Software/STM32Cube/STM32CubeIDE/plugins/com.st.stm32cube.ide.mcu.externaltools.gnu-tools-for-stm32.12.3.rel1.win32_1.0.200.202406191623/tools/bin/../lib/gcc/arm-none-eabi/12.3.1/thumb/v7e-m+fp/hard\libgcc.a(_udivmoddi4.o)
                0x08000234                __udivmoddi4
 .text          0x080004f0        0x4 D:/Software/STM32Cube/STM32CubeIDE/plugins/com.st.stm32cube.ide.mcu.externaltools.gnu-tools-for-stm32.12.3.rel1.win32_1.0.200.202406191623/tools/bin/../lib/gcc/arm-none-eabi/12.3.1/thumb/v7e-m+fp/hard\libgcc.a(_dvmd_tls.o)
                0x080004f0                __aeabi_idiv0
                0x080004f0                __aeabi_ldiv0
 *(.text*)
 .text.MX_GPIO_Init
                0x080004f4      0x138 ./Core/Src/gpio.o
                0x080004f4                MX_GPIO_Init
 .text.main     0x0800062c       0xec ./Core/Src/main.o
                0x0800062c                main
 .text.SystemClock_Config
                0x08000718       0xd8 ./Core/Src/main.o
                0x08000718                SystemClock_Config
 .text.Error_Handler
                0x080007f0        0xc ./Core/Src/main.o
                0x080007f0                Error_Handler
 .text.MX_SDIO_SD_Init
                0x080007fc       0x4c ./Core/Src/sdio.o
                0x080007fc                MX_SDIO_SD_Init
 .text.HAL_SD_MspInit
                0x08000848      0x14c ./Core/Src/sdio.o
                0x08000848                HAL_SD_MspInit
 .text.HAL_MspInit
                0x08000994       0x50 ./Core/Src/stm32f4xx_hal_msp.o
                0x08000994                HAL_MspInit
 .text.NMI_Handler
                0x080009e4        0x8 ./Core/Src/stm32f4xx_it.o
                0x080009e4                NMI_Handler
 .text.HardFault_Handler
                0x080009ec        0x8 ./Core/Src/stm32f4xx_it.o
                0x080009ec                HardFault_Handler
 .text.MemManage_Handler
                0x080009f4        0x8 ./Core/Src/stm32f4xx_it.o
                0x080009f4                MemManage_Handler
 .text.BusFault_Handler
                0x080009fc        0x8 ./Core/Src/stm32f4xx_it.o
                0x080009fc                BusFault_Handler
 .text.UsageFault_Handler
                0x08000a04        0x8 ./Core/Src/stm32f4xx_it.o
                0x08000a04                UsageFault_Handler
 .text.SVC_Handler
                0x08000a0c        0xe ./Core/Src/stm32f4xx_it.o
                0x08000a0c                SVC_Handler
 .text.DebugMon_Handler
                0x08000a1a        0xe ./Core/Src/stm32f4xx_it.o
                0x08000a1a                DebugMon_Handler
 .text.PendSV_Handler
                0x08000a28        0xe ./Core/Src/stm32f4xx_it.o
                0x08000a28                PendSV_Handler
 .text.SysTick_Handler
                0x08000a36        0xc ./Core/Src/stm32f4xx_it.o
                0x08000a36                SysTick_Handler
 *fill*         0x08000a42        0x2 
 .text.SystemInit
                0x08000a44       0x24 ./Core/Src/system_stm32f4xx.o
                0x08000a44                SystemInit
 .text.MX_USART2_UART_Init
                0x08000a68       0x54 ./Core/Src/usart.o
                0x08000a68                MX_USART2_UART_Init
 .text.HAL_UART_MspInit
                0x08000abc       0x90 ./Core/Src/usart.o
                0x08000abc                HAL_UART_MspInit
 .text.Reset_Handler
                0x08000b4c       0x50 ./Core/Startup/startup_stm32f446retx.o
                0x08000b4c                Reset_Handler
 .text.Default_Handler
                0x08000b9c        0x2 ./Core/Startup/startup_stm32f446retx.o
                0x08000b9c                RTC_Alarm_IRQHandler
                0x08000b9c                EXTI2_IRQHandler
                0x08000b9c                TIM8_CC_IRQHandler
                0x08000b9c                FMPI2C1_EV_IRQHandler
                0x08000b9c                SPI4_IRQHandler
                0x08000b9c                TIM1_CC_IRQHandler
                0x08000b9c                DMA2_Stream5_IRQHandler
                0x08000b9c                DMA1_Stream5_IRQHandler
                0x08000b9c                PVD_IRQHandler
                0x08000b9c                SDIO_IRQHandler
                0x08000b9c                TAMP_STAMP_IRQHandler
                0x08000b9c                CAN2_RX1_IRQHandler
                0x08000b9c                EXTI3_IRQHandler
                0x08000b9c                TIM8_TRG_COM_TIM14_IRQHandler
                0x08000b9c                TIM1_UP_TIM10_IRQHandler
                0x08000b9c                TIM8_UP_TIM13_IRQHandler
                0x08000b9c                I2C3_ER_IRQHandler
                0x08000b9c                EXTI0_IRQHandler
                0x08000b9c                I2C2_EV_IRQHandler
                0x08000b9c                DMA1_Stream2_IRQHandler
                0x08000b9c                CAN1_RX0_IRQHandler
                0x08000b9c                FPU_IRQHandler
                0x08000b9c                OTG_HS_WKUP_IRQHandler
                0x08000b9c                CAN2_SCE_IRQHandler
                0x08000b9c                DMA2_Stream2_IRQHandler
                0x08000b9c                SPI1_IRQHandler
                0x08000b9c                TIM6_DAC_IRQHandler
                0x08000b9c                TIM1_BRK_TIM9_IRQHandler
                0x08000b9c                DCMI_IRQHandler
                0x08000b9c                CAN2_RX0_IRQHandler
                0x08000b9c                DMA2_Stream3_IRQHandler
                0x08000b9c                SAI2_IRQHandler
                0x08000b9c                USART6_IRQHandler
                0x08000b9c                USART3_IRQHandler
                0x08000b9c                CAN1_RX1_IRQHandler
                0x08000b9c                UART5_IRQHandler
                0x08000b9c                DMA2_Stream0_IRQHandler
                0x08000b9c                TIM4_IRQHandler
                0x08000b9c                QUADSPI_IRQHandler
                0x08000b9c                I2C1_EV_IRQHandler
                0x08000b9c                DMA1_Stream6_IRQHandler
                0x08000b9c                DMA1_Stream1_IRQHandler
                0x08000b9c                UART4_IRQHandler
                0x08000b9c                TIM3_IRQHandler
                0x08000b9c                RCC_IRQHandler
                0x08000b9c                TIM8_BRK_TIM12_IRQHandler
                0x08000b9c                Default_Handler
                0x08000b9c                CEC_IRQHandler
                0x08000b9c                EXTI15_10_IRQHandler
                0x08000b9c                ADC_IRQHandler
                0x08000b9c                DMA1_Stream7_IRQHandler
                0x08000b9c                TIM7_IRQHandler
                0x08000b9c                CAN2_TX_IRQHandler
                0x08000b9c                TIM5_IRQHandler
                0x08000b9c                DMA2_Stream7_IRQHandler
                0x08000b9c                I2C3_EV_IRQHandler
                0x08000b9c                EXTI9_5_IRQHandler
                0x08000b9c                RTC_WKUP_IRQHandler
                0x08000b9c                SPDIF_RX_IRQHandler
                0x08000b9c                SPI2_IRQHandler
                0x08000b9c                OTG_HS_EP1_IN_IRQHandler
                0x08000b9c                DMA1_Stream0_IRQHandler
                0x08000b9c                CAN1_TX_IRQHandler
                0x08000b9c                FMPI2C1_ER_IRQHandler
                0x08000b9c                EXTI4_IRQHandler
                0x08000b9c                OTG_HS_EP1_OUT_IRQHandler
                0x08000b9c                WWDG_IRQHandler
                0x08000b9c                TIM2_IRQHandler
                0x08000b9c                OTG_FS_WKUP_IRQHandler
                0x08000b9c                TIM1_TRG_COM_TIM11_IRQHandler
                0x08000b9c                OTG_HS_IRQHandler
                0x08000b9c                EXTI1_IRQHandler
                0x08000b9c                USART2_IRQHandler
                0x08000b9c                I2C2_ER_IRQHandler
                0x08000b9c                DMA2_Stream1_IRQHandler
                0x08000b9c                CAN1_SCE_IRQHandler
                0x08000b9c                FLASH_IRQHandler
                0x08000b9c                DMA2_Stream4_IRQHandler
                0x08000b9c                USART1_IRQHandler
                0x08000b9c                OTG_FS_IRQHandler
                0x08000b9c                SPI3_IRQHandler
                0x08000b9c                DMA1_Stream4_IRQHandler
                0x08000b9c                I2C1_ER_IRQHandler
                0x08000b9c                FMC_IRQHandler
                0x08000b9c                DMA2_Stream6_IRQHandler
                0x08000b9c                SAI1_IRQHandler
                0x08000b9c                DMA1_Stream3_IRQHandler
 *fill*         0x08000b9e        0x2 
 .text.HAL_Init
                0x08000ba0       0x44 ./Drivers/STM32F4xx_HAL_Driver/Src/stm32f4xx_hal.o
                0x08000ba0                HAL_Init
 .text.HAL_InitTick
                0x08000be4       0x60 ./Drivers/STM32F4xx_HAL_Driver/Src/stm32f4xx_hal.o
                0x08000be4                HAL_InitTick
 .text.HAL_IncTick
                0x08000c44       0x28 ./Drivers/STM32F4xx_HAL_Driver/Src/stm32f4xx_hal.o
                0x08000c44                HAL_IncTick
 .text.HAL_GetTick
                0x08000c6c       0x18 ./Drivers/STM32F4xx_HAL_Driver/Src/stm32f4xx_hal.o
                0x08000c6c                HAL_GetTick
 .text.HAL_Delay
                0x08000c84       0x48 ./Drivers/STM32F4xx_HAL_Driver/Src/stm32f4xx_hal.o
                0x08000c84                HAL_Delay
 .text.__NVIC_SetPriorityGrouping
                0x08000ccc       0x48 ./Drivers/STM32F4xx_HAL_Driver/Src/stm32f4xx_hal_cortex.o
 .text.__NVIC_GetPriorityGrouping
                0x08000d14       0x1c ./Drivers/STM32F4xx_HAL_Driver/Src/stm32f4xx_hal_cortex.o
 .text.__NVIC_SetPriority
                0x08000d30       0x54 ./Drivers/STM32F4xx_HAL_Driver/Src/stm32f4xx_hal_cortex.o
 .text.NVIC_EncodePriority
                0x08000d84       0x66 ./Drivers/STM32F4xx_HAL_Driver/Src/stm32f4xx_hal_cortex.o
 *fill*         0x08000dea        0x2 
 .text.SysTick_Config
                0x08000dec       0x44 ./Drivers/STM32F4xx_HAL_Driver/Src/stm32f4xx_hal_cortex.o
 .text.HAL_NVIC_SetPriorityGrouping
                0x08000e30       0x16 ./Drivers/STM32F4xx_HAL_Driver/Src/stm32f4xx_hal_cortex.o
                0x08000e30                HAL_NVIC_SetPriorityGrouping
 .text.HAL_NVIC_SetPriority
                0x08000e46       0x38 ./Drivers/STM32F4xx_HAL_Driver/Src/stm32f4xx_hal_cortex.o
                0x08000e46                HAL_NVIC_SetPriority
 .text.HAL_SYSTICK_Config
                0x08000e7e       0x18 ./Drivers/STM32F4xx_HAL_Driver/Src/stm32f4xx_hal_cortex.o
                0x08000e7e                HAL_SYSTICK_Config
 *fill*         0x08000e96        0x2 
 .text.HAL_GPIO_Init
                0x08000e98      0x328 ./Drivers/STM32F4xx_HAL_Driver/Src/stm32f4xx_hal_gpio.o
                0x08000e98                HAL_GPIO_Init
 .text.HAL_GPIO_ReadPin
                0x080011c0       0x30 ./Drivers/STM32F4xx_HAL_Driver/Src/stm32f4xx_hal_gpio.o
                0x080011c0                HAL_GPIO_ReadPin
 .text.HAL_GPIO_WritePin
                0x080011f0       0x32 ./Drivers/STM32F4xx_HAL_Driver/Src/stm32f4xx_hal_gpio.o
                0x080011f0                HAL_GPIO_WritePin
 *fill*         0x08001222        0x2 
 .text.HAL_RCC_ClockConfig
                0x08001224      0x1cc ./Drivers/STM32F4xx_HAL_Driver/Src/stm32f4xx_hal_rcc.o
                0x08001224                HAL_RCC_ClockConfig
 .text.HAL_RCC_GetHCLKFreq
                0x080013f0       0x18 ./Drivers/STM32F4xx_HAL_Driver/Src/stm32f4xx_hal_rcc.o
                0x080013f0                HAL_RCC_GetHCLKFreq
 .text.HAL_RCC_GetPCLK1Freq
                0x08001408       0x28 ./Drivers/STM32F4xx_HAL_Driver/Src/stm32f4xx_hal_rcc.o
                0x08001408                HAL_RCC_GetPCLK1Freq
 .text.HAL_RCC_GetPCLK2Freq
                0x08001430       0x28 ./Drivers/STM32F4xx_HAL_Driver/Src/stm32f4xx_hal_rcc.o
                0x08001430                HAL_RCC_GetPCLK2Freq
 .text.HAL_RCCEx_PeriphCLKConfig
                0x08001458      0x654 ./Drivers/STM32F4xx_HAL_Driver/Src/stm32f4xx_hal_rcc_ex.o
                0x08001458                HAL_RCCEx_PeriphCLKConfig
 .text.HAL_RCC_GetSysClockFreq
                0x08001aac      0x460 ./Drivers/STM32F4xx_HAL_Driver/Src/stm32f4xx_hal_rcc_ex.o
                0x08001aac                HAL_RCC_GetSysClockFreq
 .text.HAL_RCC_OscConfig
                0x08001f0c      0x53c ./Drivers/STM32F4xx_HAL_Driver/Src/stm32f4xx_hal_rcc_ex.o
                0x08001f0c                HAL_RCC_OscConfig
 .text.HAL_SD_Init
                0x08002448       0x60 ./Drivers/STM32F4xx_HAL_Driver/Src/stm32f4xx_hal_sd.o
                0x08002448                HAL_SD_Init
 .text.HAL_SD_InitCard
                0x080024a8      0x100 ./Drivers/STM32F4xx_HAL_Driver/Src/stm32f4xx_hal_sd.o
                0x080024a8                HAL_SD_InitCard
 .text.HAL_SD_ReadBlocks
                0x080025a8      0x3bc ./Drivers/STM32F4xx_HAL_Driver/Src/stm32f4xx_hal_sd.o
                0x080025a8                HAL_SD_ReadBlocks
 .text.HAL_SD_WriteBlocks
                0x08002964      0x30c ./Drivers/STM32F4xx_HAL_Driver/Src/stm32f4xx_hal_sd.o
                0x08002964                HAL_SD_WriteBlocks
 .text.HAL_SD_GetCardCSD
                0x08002c70      0x348 ./Drivers/STM32F4xx_HAL_Driver/Src/stm32f4xx_hal_sd.o
                0x08002c70                HAL_SD_GetCardCSD
 .text.HAL_SD_GetCardInfo
                0x08002fb8       0x58 ./Drivers/STM32F4xx_HAL_Driver/Src/stm32f4xx_hal_sd.o
                0x08002fb8                HAL_SD_GetCardInfo
 .text.HAL_SD_GetCardState
                0x08003010       0x40 ./Drivers/STM32F4xx_HAL_Driver/Src/stm32f4xx_hal_sd.o
                0x08003010                HAL_SD_GetCardState
 .text.SD_InitCard
                0x08003050      0x19c ./Drivers/STM32F4xx_HAL_Driver/Src/stm32f4xx_hal_sd.o
 .text.SD_PowerON
                0x080031ec      0x11c ./Drivers/STM32F4xx_HAL_Driver/Src/stm32f4xx_hal_sd.o
 .text.SD_SendStatus
                0x08003308       0x50 ./Drivers/STM32F4xx_HAL_Driver/Src/stm32f4xx_hal_sd.o
 .text.HAL_UART_Init
                0x08003358       0xa0 ./Drivers/STM32F4xx_HAL_Driver/Src/stm32f4xx_hal_uart.o
                0x08003358                HAL_UART_Init
 .text.UART_SetConfig
                0x080033f8      0x4e8 ./Drivers/STM32F4xx_HAL_Driver/Src/stm32f4xx_hal_uart.o
 .text.SDIO_Init
                0x080038e0       0x56 ./Drivers/STM32F4xx_HAL_Driver/Src/stm32f4xx_ll_sdmmc.o
                0x080038e0                SDIO_Init
 .text.SDIO_ReadFIFO
                0x08003936       0x1a ./Drivers/STM32F4xx_HAL_Driver/Src/stm32f4xx_ll_sdmmc.o
                0x08003936                SDIO_ReadFIFO
 .text.SDIO_WriteFIFO
                0x08003950       0x22 ./Drivers/STM32F4xx_HAL_Driver/Src/stm32f4xx_ll_sdmmc.o
                0x08003950                SDIO_WriteFIFO
 .text.SDIO_PowerState_ON
                0x08003972       0x1c ./Drivers/STM32F4xx_HAL_Driver/Src/stm32f4xx_ll_sdmmc.o
                0x08003972                SDIO_PowerState_ON
 .text.SDIO_GetPowerState
                0x0800398e       0x1c ./Drivers/STM32F4xx_HAL_Driver/Src/stm32f4xx_ll_sdmmc.o
                0x0800398e                SDIO_GetPowerState
 .text.SDIO_SendCommand
                0x080039aa       0x54 ./Drivers/STM32F4xx_HAL_Driver/Src/stm32f4xx_ll_sdmmc.o
                0x080039aa                SDIO_SendCommand
 .text.SDIO_GetCommandResponse
                0x080039fe       0x1a ./Drivers/STM32F4xx_HAL_Driver/Src/stm32f4xx_ll_sdmmc.o
                0x080039fe                SDIO_GetCommandResponse
 .text.SDIO_GetResponse
                0x08003a18       0x26 ./Drivers/STM32F4xx_HAL_Driver/Src/stm32f4xx_ll_sdmmc.o
                0x08003a18                SDIO_GetResponse
 .text.SDIO_ConfigData
                0x08003a3e       0x58 ./Drivers/STM32F4xx_HAL_Driver/Src/stm32f4xx_ll_sdmmc.o
                0x08003a3e                SDIO_ConfigData
 .text.SDMMC_CmdBlockLength
                0x08003a96       0x44 ./Drivers/STM32F4xx_HAL_Driver/Src/stm32f4xx_ll_sdmmc.o
                0x08003a96                SDMMC_CmdBlockLength
 .text.SDMMC_CmdReadSingleBlock
                0x08003ada       0x44 ./Drivers/STM32F4xx_HAL_Driver/Src/stm32f4xx_ll_sdmmc.o
                0x08003ada                SDMMC_CmdReadSingleBlock
 .text.SDMMC_CmdReadMultiBlock
                0x08003b1e       0x44 ./Drivers/STM32F4xx_HAL_Driver/Src/stm32f4xx_ll_sdmmc.o
                0x08003b1e                SDMMC_CmdReadMultiBlock
 .text.SDMMC_CmdWriteSingleBlock
                0x08003b62       0x44 ./Drivers/STM32F4xx_HAL_Driver/Src/stm32f4xx_ll_sdmmc.o
                0x08003b62                SDMMC_CmdWriteSingleBlock
 .text.SDMMC_CmdWriteMultiBlock
                0x08003ba6       0x44 ./Drivers/STM32F4xx_HAL_Driver/Src/stm32f4xx_ll_sdmmc.o
                0x08003ba6                SDMMC_CmdWriteMultiBlock
 *fill*         0x08003bea        0x2 
 .text.SDMMC_CmdStopTransfer
                0x08003bec       0x44 ./Drivers/STM32F4xx_HAL_Driver/Src/stm32f4xx_ll_sdmmc.o
                0x08003bec                SDMMC_CmdStopTransfer
 .text.SDMMC_CmdSelDesel
                0x08003c30       0x46 ./Drivers/STM32F4xx_HAL_Driver/Src/stm32f4xx_ll_sdmmc.o
                0x08003c30                SDMMC_CmdSelDesel
 .text.SDMMC_CmdGoIdleState
                0x08003c76       0x3c ./Drivers/STM32F4xx_HAL_Driver/Src/stm32f4xx_ll_sdmmc.o
                0x08003c76                SDMMC_CmdGoIdleState
 .text.SDMMC_CmdOperCond
                0x08003cb2       0x3e ./Drivers/STM32F4xx_HAL_Driver/Src/stm32f4xx_ll_sdmmc.o
                0x08003cb2                SDMMC_CmdOperCond
 .text.SDMMC_CmdAppCommand
                0x08003cf0       0x44 ./Drivers/STM32F4xx_HAL_Driver/Src/stm32f4xx_ll_sdmmc.o
                0x08003cf0                SDMMC_CmdAppCommand
 .text.SDMMC_CmdAppOperCommand
                0x08003d34       0x46 ./Drivers/STM32F4xx_HAL_Driver/Src/stm32f4xx_ll_sdmmc.o
                0x08003d34                SDMMC_CmdAppOperCommand
 .text.SDMMC_CmdSendCID
                0x08003d7a       0x3c ./Drivers/STM32F4xx_HAL_Driver/Src/stm32f4xx_ll_sdmmc.o
                0x08003d7a                SDMMC_CmdSendCID
 .text.SDMMC_CmdSendCSD
                0x08003db6       0x3e ./Drivers/STM32F4xx_HAL_Driver/Src/stm32f4xx_ll_sdmmc.o
                0x08003db6                SDMMC_CmdSendCSD
 .text.SDMMC_CmdSetRelAdd
                0x08003df4       0x42 ./Drivers/STM32F4xx_HAL_Driver/Src/stm32f4xx_ll_sdmmc.o
                0x08003df4                SDMMC_CmdSetRelAdd
 .text.SDMMC_CmdSendStatus
                0x08003e36       0x44 ./Drivers/STM32F4xx_HAL_Driver/Src/stm32f4xx_ll_sdmmc.o
                0x08003e36                SDMMC_CmdSendStatus
 *fill*         0x08003e7a        0x2 
 .text.SDMMC_GetCmdResp1
                0x08003e7c      0x1dc ./Drivers/STM32F4xx_HAL_Driver/Src/stm32f4xx_ll_sdmmc.o
                0x08003e7c                SDMMC_GetCmdResp1
 .text.SDMMC_GetCmdResp2
                0x08004058       0x90 ./Drivers/STM32F4xx_HAL_Driver/Src/stm32f4xx_ll_sdmmc.o
                0x08004058                SDMMC_GetCmdResp2
 .text.SDMMC_GetCmdResp3
                0x080040e8       0x7c ./Drivers/STM32F4xx_HAL_Driver/Src/stm32f4xx_ll_sdmmc.o
                0x080040e8                SDMMC_GetCmdResp3
 .text.SDMMC_GetCmdResp6
                0x08004164       0xec ./Drivers/STM32F4xx_HAL_Driver/Src/stm32f4xx_ll_sdmmc.o
                0x08004164                SDMMC_GetCmdResp6
 .text.SDMMC_GetCmdResp7
                0x08004250       0x9c ./Drivers/STM32F4xx_HAL_Driver/Src/stm32f4xx_ll_sdmmc.o
                0x08004250                SDMMC_GetCmdResp7
 .text.SDMMC_GetCmdError
                0x080042ec       0x58 ./Drivers/STM32F4xx_HAL_Driver/Src/stm32f4xx_ll_sdmmc.o
 .text.MX_FATFS_Init
                0x08004344       0x24 ./FATFS/App/fatfs.o
                0x08004344                MX_FATFS_Init
 .text.get_fattime
                0x08004368       0x10 ./FATFS/App/fatfs.o
                0x08004368                get_fattime
 .text.BSP_SD_Init
                0x08004378       0x30 ./FATFS/Target/bsp_driver_sd.o
                0x08004378                BSP_SD_Init
 .text.BSP_SD_ReadBlocks
                0x080043a8       0x3c ./FATFS/Target/bsp_driver_sd.o
                0x080043a8                BSP_SD_ReadBlocks
 .text.BSP_SD_WriteBlocks
                0x080043e4       0x3c ./FATFS/Target/bsp_driver_sd.o
                0x080043e4                BSP_SD_WriteBlocks
 .text.BSP_SD_GetCardState
                0x08004420       0x20 ./FATFS/Target/bsp_driver_sd.o
                0x08004420                BSP_SD_GetCardState
 .text.BSP_SD_GetCardInfo
                0x08004440       0x1c ./FATFS/Target/bsp_driver_sd.o
                0x08004440                BSP_SD_GetCardInfo
 .text.BSP_SD_IsDetected
                0x0800445c       0x24 ./FATFS/Target/bsp_driver_sd.o
                0x0800445c                BSP_SD_IsDetected
 .text.BSP_PlatformIsDetected
                0x08004480       0x2c ./FATFS/Target/fatfs_platform.o
                0x08004480                BSP_PlatformIsDetected
 .text.SD_CheckStatus
                0x080044ac       0x3c ./FATFS/Target/sd_diskio.o
 .text.SD_initialize
                0x080044e8       0x3c ./FATFS/Target/sd_diskio.o
                0x080044e8                SD_initialize
 .text.SD_status
                0x08004524       0x1c ./FATFS/Target/sd_diskio.o
                0x08004524                SD_status
 .text.SD_read  0x08004540       0x42 ./FATFS/Target/sd_diskio.o
                0x08004540                SD_read
 .text.SD_write
                0x08004582       0x42 ./FATFS/Target/sd_diskio.o
                0x08004582                SD_write
 .text.SD_ioctl
                0x080045c4       0xb0 ./FATFS/Target/sd_diskio.o
                0x080045c4                SD_ioctl
 .text.disk_status
                0x08004674       0x34 ./Middlewares/Third_Party/FatFs/src/diskio.o
                0x08004674                disk_status
 .text.disk_initialize
                0x080046a8       0x50 ./Middlewares/Third_Party/FatFs/src/diskio.o
                0x080046a8                disk_initialize
 .text.disk_read
                0x080046f8       0x40 ./Middlewares/Third_Party/FatFs/src/diskio.o
                0x080046f8                disk_read
 .text.disk_write
                0x08004738       0x40 ./Middlewares/Third_Party/FatFs/src/diskio.o
                0x08004738                disk_write
 .text.disk_ioctl
                0x08004778       0x3c ./Middlewares/Third_Party/FatFs/src/diskio.o
                0x08004778                disk_ioctl
 .text.ld_word  0x080047b4       0x30 ./Middlewares/Third_Party/FatFs/src/ff.o
 .text.ld_dword
                0x080047e4       0x46 ./Middlewares/Third_Party/FatFs/src/ff.o
 .text.st_word  0x0800482a       0x36 ./Middlewares/Third_Party/FatFs/src/ff.o
 .text.st_dword
                0x08004860       0x58 ./Middlewares/Third_Party/FatFs/src/ff.o
 .text.mem_cpy  0x080048b8       0x42 ./Middlewares/Third_Party/FatFs/src/ff.o
 .text.mem_set  0x080048fa       0x36 ./Middlewares/Third_Party/FatFs/src/ff.o
 .text.mem_cmp  0x08004930       0x4e ./Middlewares/Third_Party/FatFs/src/ff.o
 .text.chk_chr  0x0800497e       0x36 ./Middlewares/Third_Party/FatFs/src/ff.o
 .text.chk_lock
                0x080049b4       0xb8 ./Middlewares/Third_Party/FatFs/src/ff.o
 .text.enq_lock
                0x08004a6c       0x44 ./Middlewares/Third_Party/FatFs/src/ff.o
 .text.inc_lock
                0x08004ab0      0x11c ./Middlewares/Third_Party/FatFs/src/ff.o
 .text.dec_lock
                0x08004bcc       0x78 ./Middlewares/Third_Party/FatFs/src/ff.o
 .text.clear_lock
                0x08004c44       0x48 ./Middlewares/Third_Party/FatFs/src/ff.o
 .text.sync_window
                0x08004c8c       0x88 ./Middlewares/Third_Party/FatFs/src/ff.o
 .text.move_window
                0x08004d14       0x5a ./Middlewares/Third_Party/FatFs/src/ff.o
 *fill*         0x08004d6e        0x2 
 .text.sync_fs  0x08004d70       0xe0 ./Middlewares/Third_Party/FatFs/src/ff.o
 .text.clust2sect
                0x08004e50       0x3e ./Middlewares/Third_Party/FatFs/src/ff.o
 .text.get_fat  0x08004e8e      0x1a6 ./Middlewares/Third_Party/FatFs/src/ff.o
 .text.put_fat  0x08005034      0x234 ./Middlewares/Third_Party/FatFs/src/ff.o
 .text.remove_chain
                0x08005268       0xca ./Middlewares/Third_Party/FatFs/src/ff.o
 .text.create_chain
                0x08005332      0x130 ./Middlewares/Third_Party/FatFs/src/ff.o
 .text.clmt_clust
                0x08005462       0x70 ./Middlewares/Third_Party/FatFs/src/ff.o
 .text.dir_sdi  0x080054d2      0x112 ./Middlewares/Third_Party/FatFs/src/ff.o
 .text.dir_next
                0x080055e4      0x1ac ./Middlewares/Third_Party/FatFs/src/ff.o
 .text.dir_alloc
                0x08005790       0x8e ./Middlewares/Third_Party/FatFs/src/ff.o
 .text.ld_clust
                0x0800581e       0x3e ./Middlewares/Third_Party/FatFs/src/ff.o
 .text.st_clust
                0x0800585c       0x40 ./Middlewares/Third_Party/FatFs/src/ff.o
 .text.cmp_lfn  0x0800589c       0xe0 ./Middlewares/Third_Party/FatFs/src/ff.o
 .text.put_lfn  0x0800597c       0xd0 ./Middlewares/Third_Party/FatFs/src/ff.o
 .text.gen_numname
                0x08005a4c      0x11c ./Middlewares/Third_Party/FatFs/src/ff.o
 .text.sum_sfn  0x08005b68       0x42 ./Middlewares/Third_Party/FatFs/src/ff.o
 .text.dir_find
                0x08005baa      0x180 ./Middlewares/Third_Party/FatFs/src/ff.o
 *fill*         0x08005d2a        0x2 
 .text.dir_register
                0x08005d2c      0x1f0 ./Middlewares/Third_Party/FatFs/src/ff.o
 .text.create_name
                0x08005f1c      0x370 ./Middlewares/Third_Party/FatFs/src/ff.o
 .text.follow_path
                0x0800628c       0xec ./Middlewares/Third_Party/FatFs/src/ff.o
 .text.get_ldnumber
                0x08006378       0x88 ./Middlewares/Third_Party/FatFs/src/ff.o
 .text.check_fs
                0x08006400       0xac ./Middlewares/Third_Party/FatFs/src/ff.o
 .text.find_volume
                0x080064ac      0x50c ./Middlewares/Third_Party/FatFs/src/ff.o
 .text.validate
                0x080069b8       0x6a ./Middlewares/Third_Party/FatFs/src/ff.o
 *fill*         0x08006a22        0x2 
 .text.f_mount  0x08006a24       0x8c ./Middlewares/Third_Party/FatFs/src/ff.o
                0x08006a24                f_mount
 .text.f_open   0x08006ab0      0x390 ./Middlewares/Third_Party/FatFs/src/ff.o
                0x08006ab0                f_open
 .text.f_read   0x08006e40      0x2be ./Middlewares/Third_Party/FatFs/src/ff.o
                0x08006e40                f_read
 .text.f_write  0x080070fe      0x328 ./Middlewares/Third_Party/FatFs/src/ff.o
                0x080070fe                f_write
 .text.f_sync   0x08007426       0xfc ./Middlewares/Third_Party/FatFs/src/ff.o
                0x08007426                f_sync
 .text.f_close  0x08007522       0x54 ./Middlewares/Third_Party/FatFs/src/ff.o
                0x08007522                f_close
 *fill*         0x08007576        0x2 
 .text.FATFS_LinkDriverEx
                0x08007578       0x98 ./Middlewares/Third_Party/FatFs/src/ff_gen_drv.o
                0x08007578                FATFS_LinkDriverEx
 .text.FATFS_LinkDriver
                0x08007610       0x1e ./Middlewares/Third_Party/FatFs/src/ff_gen_drv.o
                0x08007610                FATFS_LinkDriver
 *fill*         0x0800762e        0x2 
 .text.ff_convert
                0x08007630       0x78 ./Middlewares/Third_Party/FatFs/src/option/ccsbcs.o
                0x08007630                ff_convert
 .text.ff_wtoupper
                0x080076a8      0x114 ./Middlewares/Third_Party/FatFs/src/option/ccsbcs.o
                0x080076a8                ff_wtoupper
 .text.memset   0x080077bc       0x10 D:/Software/STM32Cube/STM32CubeIDE/plugins/com.st.stm32cube.ide.mcu.externaltools.gnu-tools-for-stm32.12.3.rel1.win32_1.0.200.202406191623/tools/bin/../lib/gcc/arm-none-eabi/12.3.1/../../../../arm-none-eabi/lib/thumb/v7e-m+fp/hard\libc_nano.a(libc_a-memset.o)
                0x080077bc                memset
 .text.__libc_init_array
                0x080077cc       0x48 D:/Software/STM32Cube/STM32CubeIDE/plugins/com.st.stm32cube.ide.mcu.externaltools.gnu-tools-for-stm32.12.3.rel1.win32_1.0.200.202406191623/tools/bin/../lib/gcc/arm-none-eabi/12.3.1/../../../../arm-none-eabi/lib/thumb/v7e-m+fp/hard\libc_nano.a(libc_a-init.o)
                0x080077cc                __libc_init_array
 *(.glue_7)
 .glue_7        0x08007814        0x0 linker stubs
 *(.glue_7t)
 .glue_7t       0x08007814        0x0 linker stubs
 *(.eh_frame)
 .eh_frame      0x08007814        0x0 D:/Software/STM32Cube/STM32CubeIDE/plugins/com.st.stm32cube.ide.mcu.externaltools.gnu-tools-for-stm32.12.3.rel1.win32_1.0.200.202406191623/tools/bin/../lib/gcc/arm-none-eabi/12.3.1/thumb/v7e-m+fp/hard/crtbegin.o
 *(.init)
 .init          0x08007814        0x4 D:/Software/STM32Cube/STM32CubeIDE/plugins/com.st.stm32cube.ide.mcu.externaltools.gnu-tools-for-stm32.12.3.rel1.win32_1.0.200.202406191623/tools/bin/../lib/gcc/arm-none-eabi/12.3.1/thumb/v7e-m+fp/hard/crti.o
                0x08007814                _init
 .init          0x08007818        0x8 D:/Software/STM32Cube/STM32CubeIDE/plugins/com.st.stm32cube.ide.mcu.externaltools.gnu-tools-for-stm32.12.3.rel1.win32_1.0.200.202406191623/tools/bin/../lib/gcc/arm-none-eabi/12.3.1/thumb/v7e-m+fp/hard/crtn.o
 *(.fini)
 .fini          0x08007820        0x4 D:/Software/STM32Cube/STM32CubeIDE/plugins/com.st.stm32cube.ide.mcu.externaltools.gnu-tools-for-stm32.12.3.rel1.win32_1.0.200.202406191623/tools/bin/../lib/gcc/arm-none-eabi/12.3.1/thumb/v7e-m+fp/hard/crti.o
                0x08007820                _fini
 .fini          0x08007824        0x8 D:/Software/STM32Cube/STM32CubeIDE/plugins/com.st.stm32cube.ide.mcu.externaltools.gnu-tools-for-stm32.12.3.rel1.win32_1.0.200.202406191623/tools/bin/../lib/gcc/arm-none-eabi/12.3.1/thumb/v7e-m+fp/hard/crtn.o
                0x0800782c                        . = ALIGN (0x4)
                0x0800782c                        _etext = .

.vfp11_veneer   0x0800782c        0x0
 .vfp11_veneer  0x0800782c        0x0 linker stubs

.v4_bx          0x0800782c        0x0
 .v4_bx         0x0800782c        0x0 linker stubs

.iplt           0x0800782c        0x0
 .iplt          0x0800782c        0x0 D:/Software/STM32Cube/STM32CubeIDE/plugins/com.st.stm32cube.ide.mcu.externaltools.gnu-tools-for-stm32.12.3.rel1.win32_1.0.200.202406191623/tools/bin/../lib/gcc/arm-none-eabi/12.3.1/thumb/v7e-m+fp/hard/crtbegin.o

.rodata         0x0800782c      0x4b4
                0x0800782c                        . = ALIGN (0x4)
 *(.rodata)
 .rodata        0x0800782c       0x48 ./Middlewares/Third_Party/FatFs/src/ff.o
 *(.rodata*)
 .rodata.AHBPrescTable
                0x08007874       0x10 ./Core/Src/system_stm32f4xx.o
                0x08007874                AHBPrescTable
 .rodata.APBPrescTable
                0x08007884        0x8 ./Core/Src/system_stm32f4xx.o
                0x08007884                APBPrescTable
 .rodata.SD_Driver
                0x0800788c       0x14 ./FATFS/Target/sd_diskio.o
                0x0800788c                SD_Driver
 .rodata.ExCvt  0x080078a0       0x80 ./Middlewares/Third_Party/FatFs/src/ff.o
 .rodata.LfnOfs
                0x08007920        0xd ./Middlewares/Third_Party/FatFs/src/ff.o
 *fill*         0x0800792d        0x3 
 .rodata.Tbl    0x08007930      0x100 ./Middlewares/Third_Party/FatFs/src/option/ccsbcs.o
 .rodata.cvt1.1
                0x08007a30      0x1f2 ./Middlewares/Third_Party/FatFs/src/option/ccsbcs.o
 *fill*         0x08007c22        0x2 
 .rodata.cvt2.0
                0x08007c24       0xbc ./Middlewares/Third_Party/FatFs/src/option/ccsbcs.o
                0x08007ce0                        . = ALIGN (0x4)

.ARM.extab      0x08007ce0        0x0
                0x08007ce0                        . = ALIGN (0x4)
 *(.ARM.extab* .gnu.linkonce.armextab.*)
                0x08007ce0                        . = ALIGN (0x4)

.ARM            0x08007ce0        0x8
                0x08007ce0                        . = ALIGN (0x4)
                0x08007ce0                        __exidx_start = .
 *(.ARM.exidx*)
 .ARM.exidx     0x08007ce0        0x8 D:/Software/STM32Cube/STM32CubeIDE/plugins/com.st.stm32cube.ide.mcu.externaltools.gnu-tools-for-stm32.12.3.rel1.win32_1.0.200.202406191623/tools/bin/../lib/gcc/arm-none-eabi/12.3.1/thumb/v7e-m+fp/hard\libgcc.a(_udivmoddi4.o)
                0x08007ce8                        __exidx_end = .
                0x08007ce8                        . = ALIGN (0x4)

.preinit_array  0x08007ce8        0x0
                0x08007ce8                        . = ALIGN (0x4)
                0x08007ce8                        PROVIDE (__preinit_array_start = .)
 *(.preinit_array*)
                0x08007ce8                        PROVIDE (__preinit_array_end = .)
                0x08007ce8                        . = ALIGN (0x4)

.init_array     0x08007ce8        0x4
                0x08007ce8                        . = ALIGN (0x4)
                0x08007ce8                        PROVIDE (__init_array_start = .)
 *(SORT_BY_NAME(.init_array.*))
 *(.init_array*)
 .init_array    0x08007ce8        0x4 D:/Software/STM32Cube/STM32CubeIDE/plugins/com.st.stm32cube.ide.mcu.externaltools.gnu-tools-for-stm32.12.3.rel1.win32_1.0.200.202406191623/tools/bin/../lib/gcc/arm-none-eabi/12.3.1/thumb/v7e-m+fp/hard/crtbegin.o
                0x08007cec                        PROVIDE (__init_array_end = .)
                0x08007cec                        . = ALIGN (0x4)

.fini_array     0x08007cec        0x4
                0x08007cec                        . = ALIGN (0x4)
                [!provide]                        PROVIDE (__fini_array_start = .)
 *(SORT_BY_NAME(.fini_array.*))
 *(.fini_array*)
 .fini_array    0x08007cec        0x4 D:/Software/STM32Cube/STM32CubeIDE/plugins/com.st.stm32cube.ide.mcu.externaltools.gnu-tools-for-stm32.12.3.rel1.win32_1.0.200.202406191623/tools/bin/../lib/gcc/arm-none-eabi/12.3.1/thumb/v7e-m+fp/hard/crtbegin.o
                [!provide]                        PROVIDE (__fini_array_end = .)
                0x08007cf0                        . = ALIGN (0x4)
                0x08007cf0                        _sidata = LOADADDR (.data)

.rel.dyn        0x08007cf0        0x0
 .rel.iplt      0x08007cf0        0x0 D:/Software/STM32Cube/STM32CubeIDE/plugins/com.st.stm32cube.ide.mcu.externaltools.gnu-tools-for-stm32.12.3.rel1.win32_1.0.200.202406191623/tools/bin/../lib/gcc/arm-none-eabi/12.3.1/thumb/v7e-m+fp/hard/crtbegin.o

.data           0x20000000       0x18 load address 0x08007cf0
                0x20000000                        . = ALIGN (0x4)
                0x20000000                        _sdata = .
 *(.data)
 *(.data*)
 .data.file_name
                0x20000000        0x9 ./Core/Src/main.o
                0x20000000                file_name
 *fill*         0x20000009        0x3 
 .data.SystemCoreClock
                0x2000000c        0x4 ./Core/Src/system_stm32f4xx.o
                0x2000000c                SystemCoreClock
 .data.uwTickPrio
                0x20000010        0x4 ./Drivers/STM32F4xx_HAL_Driver/Src/stm32f4xx_hal.o
                0x20000010                uwTickPrio
 .data.uwTickFreq
                0x20000014        0x1 ./Drivers/STM32F4xx_HAL_Driver/Src/stm32f4xx_hal.o
                0x20000014                uwTickFreq
 .data.Stat     0x20000015        0x1 ./FATFS/Target/sd_diskio.o
 *(.RamFunc)
 *(.RamFunc*)
                0x20000018                        . = ALIGN (0x4)
 *fill*         0x20000016        0x2 
                0x20000018                        _edata = .

.igot.plt       0x20000018        0x0 load address 0x08007d08
 .igot.plt      0x20000018        0x0 D:/Software/STM32Cube/STM32CubeIDE/plugins/com.st.stm32cube.ide.mcu.externaltools.gnu-tools-for-stm32.12.3.rel1.win32_1.0.200.202406191623/tools/bin/../lib/gcc/arm-none-eabi/12.3.1/thumb/v7e-m+fp/hard/crtbegin.o
                0x20000018                        . = ALIGN (0x4)

.bss            0x20000018     0x23a0 load address 0x08007d08
                0x20000018                        _sbss = .
                0x20000018                        __bss_start__ = _sbss
 *(.bss)
 .bss           0x20000018       0x1c D:/Software/STM32Cube/STM32CubeIDE/plugins/com.st.stm32cube.ide.mcu.externaltools.gnu-tools-for-stm32.12.3.rel1.win32_1.0.200.202406191623/tools/bin/../lib/gcc/arm-none-eabi/12.3.1/thumb/v7e-m+fp/hard/crtbegin.o
 *(.bss*)
 .bss.counter   0x20000034        0x4 ./Core/Src/main.o
                0x20000034                counter
 .bss.fatfs     0x20000038     0x1038 ./Core/Src/main.o
                0x20000038                fatfs
 .bss.file      0x20001070     0x1030 ./Core/Src/main.o
                0x20001070                file
 .bss.path      0x200020a0        0x4 ./Core/Src/main.o
                0x200020a0                path
 .bss.read_bytes
                0x200020a4        0x4 ./Core/Src/main.o
                0x200020a4                read_bytes
 .bss.write_bytes
                0x200020a8        0x4 ./Core/Src/main.o
                0x200020a8                write_bytes
 .bss.hsd       0x200020ac       0x84 ./Core/Src/sdio.o
                0x200020ac                hsd
 .bss.huart2    0x20002130       0x48 ./Core/Src/usart.o
                0x20002130                huart2
 .bss.uwTick    0x20002178        0x4 ./Drivers/STM32F4xx_HAL_Driver/Src/stm32f4xx_hal.o
                0x20002178                uwTick
 .bss.retSD     0x2000217c        0x1 ./FATFS/App/fatfs.o
                0x2000217c                retSD
 *fill*         0x2000217d        0x3 
 .bss.SDPath    0x20002180        0x4 ./FATFS/App/fatfs.o
                0x20002180                SDPath
 .bss.FatFs     0x20002184        0x4 ./Middlewares/Third_Party/FatFs/src/ff.o
 .bss.Fsid      0x20002188        0x2 ./Middlewares/Third_Party/FatFs/src/ff.o
 *fill*         0x2000218a        0x2 
 .bss.Files     0x2000218c       0x20 ./Middlewares/Third_Party/FatFs/src/ff.o
 .bss.LfnBuf    0x200021ac      0x200 ./Middlewares/Third_Party/FatFs/src/ff.o
 .bss.disk      0x200023ac        0xc ./Middlewares/Third_Party/FatFs/src/ff_gen_drv.o
                0x200023ac                disk
 *(COMMON)
                0x200023b8                        . = ALIGN (0x4)
                0x200023b8                        _ebss = .
                0x200023b8                        __bss_end__ = _ebss

._user_heap_stack
                0x200023b8      0x600 load address 0x08007d08
                0x200023b8                        . = ALIGN (0x8)
                [!provide]                        PROVIDE (end = .)
                0x200023b8                        PROVIDE (_end = .)
                0x200025b8                        . = (. + _Min_Heap_Size)
 *fill*         0x200023b8      0x200 
                0x200029b8                        . = (. + _Min_Stack_Size)
 *fill*         0x200025b8      0x400 
                0x200029b8                        . = ALIGN (0x8)

/DISCARD/
 libc.a(*)
 libm.a(*)
 libgcc.a(*)

.ARM.attributes
                0x00000000       0x30
 *(.ARM.attributes)
 .ARM.attributes
                0x00000000       0x22 D:/Software/STM32Cube/STM32CubeIDE/plugins/com.st.stm32cube.ide.mcu.externaltools.gnu-tools-for-stm32.12.3.rel1.win32_1.0.200.202406191623/tools/bin/../lib/gcc/arm-none-eabi/12.3.1/thumb/v7e-m+fp/hard/crti.o
 .ARM.attributes
                0x00000022       0x34 D:/Software/STM32Cube/STM32CubeIDE/plugins/com.st.stm32cube.ide.mcu.externaltools.gnu-tools-for-stm32.12.3.rel1.win32_1.0.200.202406191623/tools/bin/../lib/gcc/arm-none-eabi/12.3.1/thumb/v7e-m+fp/hard/crtbegin.o
 .ARM.attributes
                0x00000056       0x34 ./Core/Src/gpio.o
 .ARM.attributes
                0x0000008a       0x34 ./Core/Src/main.o
 .ARM.attributes
                0x000000be       0x34 ./Core/Src/sdio.o
 .ARM.attributes
                0x000000f2       0x34 ./Core/Src/stm32f4xx_hal_msp.o
 .ARM.attributes
                0x00000126       0x34 ./Core/Src/stm32f4xx_it.o
 .ARM.attributes
                0x0000015a       0x34 ./Core/Src/system_stm32f4xx.o
 .ARM.attributes
                0x0000018e       0x34 ./Core/Src/usart.o
 .ARM.attributes
                0x000001c2       0x21 ./Core/Startup/startup_stm32f446retx.o
 .ARM.attributes
                0x000001e3       0x34 ./Drivers/STM32F4xx_HAL_Driver/Src/stm32f4xx_hal.o
 .ARM.attributes
                0x00000217       0x34 ./Drivers/STM32F4xx_HAL_Driver/Src/stm32f4xx_hal_cortex.o
 .ARM.attributes
                0x0000024b       0x34 ./Drivers/STM32F4xx_HAL_Driver/Src/stm32f4xx_hal_gpio.o
 .ARM.attributes
                0x0000027f       0x34 ./Drivers/STM32F4xx_HAL_Driver/Src/stm32f4xx_hal_rcc.o
 .ARM.attributes
                0x000002b3       0x34 ./Drivers/STM32F4xx_HAL_Driver/Src/stm32f4xx_hal_rcc_ex.o
 .ARM.attributes
                0x000002e7       0x34 ./Drivers/STM32F4xx_HAL_Driver/Src/stm32f4xx_hal_sd.o
 .ARM.attributes
                0x0000031b       0x34 ./Drivers/STM32F4xx_HAL_Driver/Src/stm32f4xx_hal_uart.o
 .ARM.attributes
                0x0000034f       0x34 ./Drivers/STM32F4xx_HAL_Driver/Src/stm32f4xx_ll_sdmmc.o
 .ARM.attributes
                0x00000383       0x34 ./FATFS/App/fatfs.o
 .ARM.attributes
                0x000003b7       0x34 ./FATFS/Target/bsp_driver_sd.o
 .ARM.attributes
                0x000003eb       0x34 ./FATFS/Target/fatfs_platform.o
 .ARM.attributes
                0x0000041f       0x34 ./FATFS/Target/sd_diskio.o
 .ARM.attributes
                0x00000453       0x34 ./Middlewares/Third_Party/FatFs/src/diskio.o
 .ARM.attributes
                0x00000487       0x34 ./Middlewares/Third_Party/FatFs/src/ff.o
 .ARM.attributes
                0x000004bb       0x34 ./Middlewares/Third_Party/FatFs/src/ff_gen_drv.o
 .ARM.attributes
                0x000004ef       0x34 ./Middlewares/Third_Party/FatFs/src/option/ccsbcs.o
 .ARM.attributes
                0x00000523       0x34 D:/Software/STM32Cube/STM32CubeIDE/plugins/com.st.stm32cube.ide.mcu.externaltools.gnu-tools-for-stm32.12.3.rel1.win32_1.0.200.202406191623/tools/bin/../lib/gcc/arm-none-eabi/12.3.1/../../../../arm-none-eabi/lib/thumb/v7e-m+fp/hard\libc_nano.a(libc_a-memset.o)
 .ARM.attributes
                0x00000557       0x34 D:/Software/STM32Cube/STM32CubeIDE/plugins/com.st.stm32cube.ide.mcu.externaltools.gnu-tools-for-stm32.12.3.rel1.win32_1.0.200.202406191623/tools/bin/../lib/gcc/arm-none-eabi/12.3.1/../../../../arm-none-eabi/lib/thumb/v7e-m+fp/hard\libc_nano.a(libc_a-init.o)
 .ARM.attributes
                0x0000058b       0x22 D:/Software/STM32Cube/STM32CubeIDE/plugins/com.st.stm32cube.ide.mcu.externaltools.gnu-tools-for-stm32.12.3.rel1.win32_1.0.200.202406191623/tools/bin/../lib/gcc/arm-none-eabi/12.3.1/thumb/v7e-m+fp/hard\libgcc.a(_aeabi_uldivmod.o)
 .ARM.attributes
                0x000005ad       0x34 D:/Software/STM32Cube/STM32CubeIDE/plugins/com.st.stm32cube.ide.mcu.externaltools.gnu-tools-for-stm32.12.3.rel1.win32_1.0.200.202406191623/tools/bin/../lib/gcc/arm-none-eabi/12.3.1/thumb/v7e-m+fp/hard\libgcc.a(_udivmoddi4.o)
 .ARM.attributes
                0x000005e1       0x22 D:/Software/STM32Cube/STM32CubeIDE/plugins/com.st.stm32cube.ide.mcu.externaltools.gnu-tools-for-stm32.12.3.rel1.win32_1.0.200.202406191623/tools/bin/../lib/gcc/arm-none-eabi/12.3.1/thumb/v7e-m+fp/hard\libgcc.a(_dvmd_tls.o)
 .ARM.attributes
                0x00000603       0x22 D:/Software/STM32Cube/STM32CubeIDE/plugins/com.st.stm32cube.ide.mcu.externaltools.gnu-tools-for-stm32.12.3.rel1.win32_1.0.200.202406191623/tools/bin/../lib/gcc/arm-none-eabi/12.3.1/thumb/v7e-m+fp/hard/crtn.o
OUTPUT(NUCLEO-F446RE_prototypes.elf elf32-littlearm)
LOAD linker stubs
LOAD D:/Software/STM32Cube/STM32CubeIDE/plugins/com.st.stm32cube.ide.mcu.externaltools.gnu-tools-for-stm32.12.3.rel1.win32_1.0.200.202406191623/tools/bin/../lib/gcc/arm-none-eabi/12.3.1/../../../../arm-none-eabi/lib/thumb/v7e-m+fp/hard\libc.a
LOAD D:/Software/STM32Cube/STM32CubeIDE/plugins/com.st.stm32cube.ide.mcu.externaltools.gnu-tools-for-stm32.12.3.rel1.win32_1.0.200.202406191623/tools/bin/../lib/gcc/arm-none-eabi/12.3.1/../../../../arm-none-eabi/lib/thumb/v7e-m+fp/hard\libm.a
LOAD D:/Software/STM32Cube/STM32CubeIDE/plugins/com.st.stm32cube.ide.mcu.externaltools.gnu-tools-for-stm32.12.3.rel1.win32_1.0.200.202406191623/tools/bin/../lib/gcc/arm-none-eabi/12.3.1/thumb/v7e-m+fp/hard\libgcc.a

.debug_info     0x00000000     0xff3a
 .debug_info    0x00000000      0x455 ./Core/Src/gpio.o
 .debug_info    0x00000455      0x9e8 ./Core/Src/main.o
 .debug_info    0x00000e3d      0xc70 ./Core/Src/sdio.o
 .debug_info    0x00001aad      0x2ac ./Core/Src/stm32f4xx_hal_msp.o
 .debug_info    0x00001d59      0x112 ./Core/Src/stm32f4xx_it.o
 .debug_info    0x00001e6b      0x54a ./Core/Src/system_stm32f4xx.o
 .debug_info    0x000023b5      0x94d ./Core/Src/usart.o
 .debug_info    0x00002d02       0x30 ./Core/Startup/startup_stm32f446retx.o
 .debug_info    0x00002d32      0x99a ./Drivers/STM32F4xx_HAL_Driver/Src/stm32f4xx_hal.o
 .debug_info    0x000036cc      0xdaa ./Drivers/STM32F4xx_HAL_Driver/Src/stm32f4xx_hal_cortex.o
 .debug_info    0x00004476      0x70b ./Drivers/STM32F4xx_HAL_Driver/Src/stm32f4xx_hal_gpio.o
 .debug_info    0x00004b81      0x8eb ./Drivers/STM32F4xx_HAL_Driver/Src/stm32f4xx_hal_rcc.o
 .debug_info    0x0000546c      0x956 ./Drivers/STM32F4xx_HAL_Driver/Src/stm32f4xx_hal_rcc_ex.o
 .debug_info    0x00005dc2     0x1c0a ./Drivers/STM32F4xx_HAL_Driver/Src/stm32f4xx_hal_sd.o
 .debug_info    0x000079cc     0x2f4f ./Drivers/STM32F4xx_HAL_Driver/Src/stm32f4xx_hal_uart.o
 .debug_info    0x0000a91b     0x10c4 ./Drivers/STM32F4xx_HAL_Driver/Src/stm32f4xx_ll_sdmmc.o
 .debug_info    0x0000b9df      0x508 ./FATFS/App/fatfs.o
 .debug_info    0x0000bee7      0xac9 ./FATFS/Target/bsp_driver_sd.o
 .debug_info    0x0000c9b0      0x1cc ./FATFS/Target/fatfs_platform.o
 .debug_info    0x0000cb7c      0x4b8 ./FATFS/Target/sd_diskio.o
 .debug_info    0x0000d034      0x3df ./Middlewares/Third_Party/FatFs/src/diskio.o
 .debug_info    0x0000d413     0x25ef ./Middlewares/Third_Party/FatFs/src/ff.o
 .debug_info    0x0000fa02      0x37f ./Middlewares/Third_Party/FatFs/src/ff_gen_drv.o
 .debug_info    0x0000fd81      0x1b9 ./Middlewares/Third_Party/FatFs/src/option/ccsbcs.o

.debug_abbrev   0x00000000     0x2a98
 .debug_abbrev  0x00000000      0x152 ./Core/Src/gpio.o
 .debug_abbrev  0x00000152      0x268 ./Core/Src/main.o
 .debug_abbrev  0x000003ba      0x1f6 ./Core/Src/sdio.o
 .debug_abbrev  0x000005b0       0xf4 ./Core/Src/stm32f4xx_hal_msp.o
 .debug_abbrev  0x000006a4       0x73 ./Core/Src/stm32f4xx_it.o
 .debug_abbrev  0x00000717      0x11a ./Core/Src/system_stm32f4xx.o
 .debug_abbrev  0x00000831      0x1f9 ./Core/Src/usart.o
 .debug_abbrev  0x00000a2a       0x24 ./Core/Startup/startup_stm32f446retx.o
 .debug_abbrev  0x00000a4e      0x214 ./Drivers/STM32F4xx_HAL_Driver/Src/stm32f4xx_hal.o
 .debug_abbrev  0x00000c62      0x31d ./Drivers/STM32F4xx_HAL_Driver/Src/stm32f4xx_hal_cortex.o
 .debug_abbrev  0x00000f7f      0x1d4 ./Drivers/STM32F4xx_HAL_Driver/Src/stm32f4xx_hal_gpio.o
 .debug_abbrev  0x00001153      0x2b7 ./Drivers/STM32F4xx_HAL_Driver/Src/stm32f4xx_hal_rcc.o
 .debug_abbrev  0x0000140a      0x20a ./Drivers/STM32F4xx_HAL_Driver/Src/stm32f4xx_hal_rcc_ex.o
 .debug_abbrev  0x00001614      0x297 ./Drivers/STM32F4xx_HAL_Driver/Src/stm32f4xx_hal_sd.o
 .debug_abbrev  0x000018ab      0x30e ./Drivers/STM32F4xx_HAL_Driver/Src/stm32f4xx_hal_uart.o
 .debug_abbrev  0x00001bb9      0x1d6 ./Drivers/STM32F4xx_HAL_Driver/Src/stm32f4xx_ll_sdmmc.o
 .debug_abbrev  0x00001d8f      0x15e ./FATFS/App/fatfs.o
 .debug_abbrev  0x00001eed      0x28b ./FATFS/Target/bsp_driver_sd.o
 .debug_abbrev  0x00002178      0x107 ./FATFS/Target/fatfs_platform.o
 .debug_abbrev  0x0000227f      0x191 ./FATFS/Target/sd_diskio.o
 .debug_abbrev  0x00002410      0x181 ./Middlewares/Third_Party/FatFs/src/diskio.o
 .debug_abbrev  0x00002591      0x28a ./Middlewares/Third_Party/FatFs/src/ff.o
 .debug_abbrev  0x0000281b      0x19f ./Middlewares/Third_Party/FatFs/src/ff_gen_drv.o
 .debug_abbrev  0x000029ba       0xde ./Middlewares/Third_Party/FatFs/src/option/ccsbcs.o

.debug_aranges  0x00000000      0xe00
 .debug_aranges
                0x00000000       0x20 ./Core/Src/gpio.o
 .debug_aranges
                0x00000020       0x30 ./Core/Src/main.o
 .debug_aranges
                0x00000050       0x30 ./Core/Src/sdio.o
 .debug_aranges
                0x00000080       0x20 ./Core/Src/stm32f4xx_hal_msp.o
 .debug_aranges
                0x000000a0       0x60 ./Core/Src/stm32f4xx_it.o
 .debug_aranges
                0x00000100       0x28 ./Core/Src/system_stm32f4xx.o
 .debug_aranges
                0x00000128       0x30 ./Core/Src/usart.o
 .debug_aranges
                0x00000158       0x28 ./Core/Startup/startup_stm32f446retx.o
 .debug_aranges
                0x00000180       0xf0 ./Drivers/STM32F4xx_HAL_Driver/Src/stm32f4xx_hal.o
 .debug_aranges
                0x00000270      0x130 ./Drivers/STM32F4xx_HAL_Driver/Src/stm32f4xx_hal_cortex.o
 .debug_aranges
                0x000003a0       0x58 ./Drivers/STM32F4xx_HAL_Driver/Src/stm32f4xx_hal_gpio.o
 .debug_aranges
                0x000003f8       0x88 ./Drivers/STM32F4xx_HAL_Driver/Src/stm32f4xx_hal_rcc.o
 .debug_aranges
                0x00000480       0x78 ./Drivers/STM32F4xx_HAL_Driver/Src/stm32f4xx_hal_rcc_ex.o
 .debug_aranges
                0x000004f8      0x168 ./Drivers/STM32F4xx_HAL_Driver/Src/stm32f4xx_hal_sd.o
 .debug_aranges
                0x00000660      0x208 ./Drivers/STM32F4xx_HAL_Driver/Src/stm32f4xx_hal_uart.o
 .debug_aranges
                0x00000868      0x188 ./Drivers/STM32F4xx_HAL_Driver/Src/stm32f4xx_ll_sdmmc.o
 .debug_aranges
                0x000009f0       0x28 ./FATFS/App/fatfs.o
 .debug_aranges
                0x00000a18       0xa0 ./FATFS/Target/bsp_driver_sd.o
 .debug_aranges
                0x00000ab8       0x20 ./FATFS/Target/fatfs_platform.o
 .debug_aranges
                0x00000ad8       0x48 ./FATFS/Target/sd_diskio.o
 .debug_aranges
                0x00000b20       0x48 ./Middlewares/Third_Party/FatFs/src/diskio.o
 .debug_aranges
                0x00000b68      0x230 ./Middlewares/Third_Party/FatFs/src/ff.o
 .debug_aranges
                0x00000d98       0x40 ./Middlewares/Third_Party/FatFs/src/ff_gen_drv.o
 .debug_aranges
                0x00000dd8       0x28 ./Middlewares/Third_Party/FatFs/src/option/ccsbcs.o

.debug_rnglists
                0x00000000      0xaa0
 .debug_rnglists
                0x00000000       0x14 ./Core/Src/gpio.o
 .debug_rnglists
                0x00000014       0x21 ./Core/Src/main.o
 .debug_rnglists
                0x00000035       0x20 ./Core/Src/sdio.o
 .debug_rnglists
                0x00000055       0x13 ./Core/Src/stm32f4xx_hal_msp.o
 .debug_rnglists
                0x00000068       0x43 ./Core/Src/stm32f4xx_it.o
 .debug_rnglists
                0x000000ab       0x1a ./Core/Src/system_stm32f4xx.o
 .debug_rnglists
                0x000000c5       0x20 ./Core/Src/usart.o
 .debug_rnglists
                0x000000e5       0x19 ./Core/Startup/startup_stm32f446retx.o
 .debug_rnglists
                0x000000fe       0xaf ./Drivers/STM32F4xx_HAL_Driver/Src/stm32f4xx_hal.o
 .debug_rnglists
                0x000001ad       0xe0 ./Drivers/STM32F4xx_HAL_Driver/Src/stm32f4xx_hal_cortex.o
 .debug_rnglists
                0x0000028d       0x3f ./Drivers/STM32F4xx_HAL_Driver/Src/stm32f4xx_hal_gpio.o
 .debug_rnglists
                0x000002cc       0x66 ./Drivers/STM32F4xx_HAL_Driver/Src/stm32f4xx_hal_rcc.o
 .debug_rnglists
                0x00000332       0x5e ./Drivers/STM32F4xx_HAL_Driver/Src/stm32f4xx_hal_rcc_ex.o
 .debug_rnglists
                0x00000390      0x121 ./Drivers/STM32F4xx_HAL_Driver/Src/stm32f4xx_hal_sd.o
 .debug_rnglists
                0x000004b1      0x1bc ./Drivers/STM32F4xx_HAL_Driver/Src/stm32f4xx_hal_uart.o
 .debug_rnglists
                0x0000066d      0x125 ./Drivers/STM32F4xx_HAL_Driver/Src/stm32f4xx_ll_sdmmc.o
 .debug_rnglists
                0x00000792       0x19 ./FATFS/App/fatfs.o
 .debug_rnglists
                0x000007ab       0x73 ./FATFS/Target/bsp_driver_sd.o
 .debug_rnglists
                0x0000081e       0x13 ./FATFS/Target/fatfs_platform.o
 .debug_rnglists
                0x00000831       0x32 ./FATFS/Target/sd_diskio.o
 .debug_rnglists
                0x00000863       0x31 ./Middlewares/Third_Party/FatFs/src/diskio.o
 .debug_rnglists
                0x00000894      0x1c6 ./Middlewares/Third_Party/FatFs/src/ff.o
 .debug_rnglists
                0x00000a5a       0x2c ./Middlewares/Third_Party/FatFs/src/ff_gen_drv.o
 .debug_rnglists
                0x00000a86       0x1a ./Middlewares/Third_Party/FatFs/src/option/ccsbcs.o

.debug_macro    0x00000000    0x23faf
 .debug_macro   0x00000000      0x1ec ./Core/Src/gpio.o
 .debug_macro   0x000001ec      0xab4 ./Core/Src/gpio.o
 .debug_macro   0x00000ca0      0x29b ./Core/Src/gpio.o
 .debug_macro   0x00000f3b       0x2e ./Core/Src/gpio.o
 .debug_macro   0x00000f69       0x28 ./Core/Src/gpio.o
 .debug_macro   0x00000f91       0x22 ./Core/Src/gpio.o
 .debug_macro   0x00000fb3       0x8e ./Core/Src/gpio.o
 .debug_macro   0x00001041       0x51 ./Core/Src/gpio.o
 .debug_macro   0x00001092      0x103 ./Core/Src/gpio.o
 .debug_macro   0x00001195       0x6a ./Core/Src/gpio.o
 .debug_macro   0x000011ff      0x1df ./Core/Src/gpio.o
 .debug_macro   0x000013de       0x1c ./Core/Src/gpio.o
 .debug_macro   0x000013fa       0x22 ./Core/Src/gpio.o
 .debug_macro   0x0000141c       0xfb ./Core/Src/gpio.o
 .debug_macro   0x00001517     0x1011 ./Core/Src/gpio.o
 .debug_macro   0x00002528      0x11f ./Core/Src/gpio.o
 .debug_macro   0x00002647    0x16749 ./Core/Src/gpio.o
 .debug_macro   0x00018d90       0x6d ./Core/Src/gpio.o
 .debug_macro   0x00018dfd     0x369a ./Core/Src/gpio.o
 .debug_macro   0x0001c497      0x189 ./Core/Src/gpio.o
 .debug_macro   0x0001c620       0x5c ./Core/Src/gpio.o
 .debug_macro   0x0001c67c      0xca5 ./Core/Src/gpio.o
 .debug_macro   0x0001d321      0x9e9 ./Core/Src/gpio.o
 .debug_macro   0x0001dd0a      0x115 ./Core/Src/gpio.o
 .debug_macro   0x0001de1f      0x1a0 ./Core/Src/gpio.o
 .debug_macro   0x0001dfbf       0xa5 ./Core/Src/gpio.o
 .debug_macro   0x0001e064      0x16d ./Core/Src/gpio.o
 .debug_macro   0x0001e1d1      0x287 ./Core/Src/gpio.o
 .debug_macro   0x0001e458       0x5f ./Core/Src/gpio.o
 .debug_macro   0x0001e4b7      0x236 ./Core/Src/gpio.o
 .debug_macro   0x0001e6ed      0x132 ./Core/Src/gpio.o
 .debug_macro   0x0001e81f      0x29c ./Core/Src/gpio.o
 .debug_macro   0x0001eabb       0x2e ./Core/Src/gpio.o
 .debug_macro   0x0001eae9      0x127 ./Core/Src/gpio.o
 .debug_macro   0x0001ec10       0xe8 ./Core/Src/gpio.o
 .debug_macro   0x0001ecf8       0x89 ./Core/Src/gpio.o
 .debug_macro   0x0001ed81      0x822 ./Core/Src/gpio.o
 .debug_macro   0x0001f5a3      0x1d5 ./Core/Src/gpio.o
 .debug_macro   0x0001f778      0x2aa ./Core/Src/gpio.o
 .debug_macro   0x0001fa22      0x126 ./Core/Src/gpio.o
 .debug_macro   0x0001fb48       0x6a ./Core/Src/gpio.o
 .debug_macro   0x0001fbb2      0x3a5 ./Core/Src/main.o
 .debug_macro   0x0001ff57       0x1c ./Core/Src/main.o
 .debug_macro   0x0001ff73       0x34 ./Core/Src/main.o
 .debug_macro   0x0001ffa7       0xe5 ./Core/Src/main.o
 .debug_macro   0x0002008c       0x2a ./Core/Src/main.o
 .debug_macro   0x000200b6       0x61 ./Core/Src/main.o
 .debug_macro   0x00020117       0x43 ./Core/Src/main.o
 .debug_macro   0x0002015a       0x34 ./Core/Src/main.o
 .debug_macro   0x0002018e       0x16 ./Core/Src/main.o
 .debug_macro   0x000201a4       0x35 ./Core/Src/main.o
 .debug_macro   0x000201d9       0x16 ./Core/Src/main.o
 .debug_macro   0x000201ef       0x43 ./Core/Src/main.o
 .debug_macro   0x00020232       0x34 ./Core/Src/main.o
 .debug_macro   0x00020266       0x10 ./Core/Src/main.o
 .debug_macro   0x00020276       0x58 ./Core/Src/main.o
 .debug_macro   0x000202ce       0x8e ./Core/Src/main.o
 .debug_macro   0x0002035c       0x1c ./Core/Src/main.o
 .debug_macro   0x00020378      0x177 ./Core/Src/main.o
 .debug_macro   0x000204ef      0x369 ./Core/Src/main.o
 .debug_macro   0x00020858       0x16 ./Core/Src/main.o
 .debug_macro   0x0002086e       0x29 ./Core/Src/main.o
 .debug_macro   0x00020897       0x12 ./Core/Src/main.o
 .debug_macro   0x000208a9       0xe2 ./Core/Src/main.o
 .debug_macro   0x0002098b       0x8e ./Core/Src/main.o
 .debug_macro   0x00020a19       0x1c ./Core/Src/main.o
 .debug_macro   0x00020a35       0x10 ./Core/Src/main.o
 .debug_macro   0x00020a45       0x1c ./Core/Src/main.o
 .debug_macro   0x00020a61       0x16 ./Core/Src/main.o
 .debug_macro   0x00020a77      0x146 ./Core/Src/main.o
 .debug_macro   0x00020bbd       0x16 ./Core/Src/main.o
 .debug_macro   0x00020bd3       0x20 ./Core/Src/main.o
 .debug_macro   0x00020bf3      0x1ec ./Core/Src/sdio.o
 .debug_macro   0x00020ddf      0x1e2 ./Core/Src/stm32f4xx_hal_msp.o
 .debug_macro   0x00020fc1      0x1ec ./Core/Src/stm32f4xx_it.o
 .debug_macro   0x000211ad      0x1d3 ./Core/Src/system_stm32f4xx.o
 .debug_macro   0x00021380      0x1ec ./Core/Src/usart.o
 .debug_macro   0x0002156c      0x233 ./Drivers/STM32F4xx_HAL_Driver/Src/stm32f4xx_hal.o
 .debug_macro   0x0002179f      0x1d3 ./Drivers/STM32F4xx_HAL_Driver/Src/stm32f4xx_hal_cortex.o
 .debug_macro   0x00021972      0x1d9 ./Drivers/STM32F4xx_HAL_Driver/Src/stm32f4xx_hal_gpio.o
 .debug_macro   0x00021b4b      0x1f7 ./Drivers/STM32F4xx_HAL_Driver/Src/stm32f4xx_hal_rcc.o
 .debug_macro   0x00021d42      0x1d3 ./Drivers/STM32F4xx_HAL_Driver/Src/stm32f4xx_hal_rcc_ex.o
 .debug_macro   0x00021f15      0x1d4 ./Drivers/STM32F4xx_HAL_Driver/Src/stm32f4xx_hal_sd.o
 .debug_macro   0x000220e9      0x1d4 ./Drivers/STM32F4xx_HAL_Driver/Src/stm32f4xx_hal_uart.o
 .debug_macro   0x000222bd      0x1d4 ./Drivers/STM32F4xx_HAL_Driver/Src/stm32f4xx_ll_sdmmc.o
 .debug_macro   0x00022491      0x31f ./FATFS/App/fatfs.o
 .debug_macro   0x000227b0      0x1eb ./FATFS/Target/bsp_driver_sd.o
 .debug_macro   0x0002299b      0x1dc ./FATFS/Target/fatfs_platform.o
 .debug_macro   0x00022b77      0x322 ./FATFS/Target/sd_diskio.o
 .debug_macro   0x00022e99       0x16 ./FATFS/Target/sd_diskio.o
 .debug_macro   0x00022eaf       0x7c ./FATFS/Target/sd_diskio.o
 .debug_macro   0x00022f2b      0x30c ./Middlewares/Third_Party/FatFs/src/diskio.o
 .debug_macro   0x00023237      0x71a ./Middlewares/Third_Party/FatFs/src/ff.o
 .debug_macro   0x00023951       0x58 ./Middlewares/Third_Party/FatFs/src/ff.o
 .debug_macro   0x000239a9      0x30c ./Middlewares/Third_Party/FatFs/src/ff_gen_drv.o
 .debug_macro   0x00023cb5      0x2fa ./Middlewares/Third_Party/FatFs/src/option/ccsbcs.o

.debug_line     0x00000000    0x154f5
 .debug_line    0x00000000      0x76e ./Core/Src/gpio.o
 .debug_line    0x0000076e      0xa79 ./Core/Src/main.o
 .debug_line    0x000011e7      0x7db ./Core/Src/sdio.o
 .debug_line    0x000019c2      0x73d ./Core/Src/stm32f4xx_hal_msp.o
 .debug_line    0x000020ff      0x7fe ./Core/Src/stm32f4xx_it.o
 .debug_line    0x000028fd      0x7c0 ./Core/Src/system_stm32f4xx.o
 .debug_line    0x000030bd      0x7a5 ./Core/Src/usart.o
 .debug_line    0x00003862       0x7a ./Core/Startup/startup_stm32f446retx.o
 .debug_line    0x000038dc      0xa29 ./Drivers/STM32F4xx_HAL_Driver/Src/stm32f4xx_hal.o
 .debug_line    0x00004305      0xd1b ./Drivers/STM32F4xx_HAL_Driver/Src/stm32f4xx_hal_cortex.o
 .debug_line    0x00005020      0xba1 ./Drivers/STM32F4xx_HAL_Driver/Src/stm32f4xx_hal_gpio.o
 .debug_line    0x00005bc1      0xdc0 ./Drivers/STM32F4xx_HAL_Driver/Src/stm32f4xx_hal_rcc.o
 .debug_line    0x00006981     0x1430 ./Drivers/STM32F4xx_HAL_Driver/Src/stm32f4xx_hal_rcc_ex.o
 .debug_line    0x00007db1     0x1f1a ./Drivers/STM32F4xx_HAL_Driver/Src/stm32f4xx_hal_sd.o
 .debug_line    0x00009ccb     0x28fb ./Drivers/STM32F4xx_HAL_Driver/Src/stm32f4xx_hal_uart.o
 .debug_line    0x0000c5c6      0xfb8 ./Drivers/STM32F4xx_HAL_Driver/Src/stm32f4xx_ll_sdmmc.o
 .debug_line    0x0000d57e      0x94d ./FATFS/App/fatfs.o
 .debug_line    0x0000decb      0x91d ./FATFS/Target/bsp_driver_sd.o
 .debug_line    0x0000e7e8      0x751 ./FATFS/Target/fatfs_platform.o
 .debug_line    0x0000ef39      0xa31 ./FATFS/Target/sd_diskio.o
 .debug_line    0x0000f96a      0x9c1 ./Middlewares/Third_Party/FatFs/src/diskio.o
 .debug_line    0x0001032b     0x3dd0 ./Middlewares/Third_Party/FatFs/src/ff.o
 .debug_line    0x000140fb      0x9dc ./Middlewares/Third_Party/FatFs/src/ff_gen_drv.o
 .debug_line    0x00014ad7      0xa1e ./Middlewares/Third_Party/FatFs/src/option/ccsbcs.o

.debug_str      0x00000000    0xcf37c
 .debug_str     0x00000000    0xc6b19 ./Core/Src/gpio.o
                              0xc6db1 (size before relaxing)
 .debug_str     0x000c6b19     0x4420 ./Core/Src/main.o
                              0xcb140 (size before relaxing)
 .debug_str     0x000caf39      0x5e9 ./Core/Src/sdio.o
                              0xc7464 (size before relaxing)
 .debug_str     0x000cb522       0x49 ./Core/Src/stm32f4xx_hal_msp.o
                              0xc6d03 (size before relaxing)
 .debug_str     0x000cb56b       0xc9 ./Core/Src/stm32f4xx_it.o
                              0xc6c47 (size before relaxing)
 .debug_str     0x000cb634       0xdb ./Core/Src/system_stm32f4xx.o
                              0xc6c31 (size before relaxing)
 .debug_str     0x000cb70f      0x1fc ./Core/Src/usart.o
                              0xc726e (size before relaxing)
 .debug_str     0x000cb90b       0x44 ./Core/Startup/startup_stm32f446retx.o
                                 0x83 (size before relaxing)
 .debug_str     0x000cb94f      0xb0c ./Drivers/STM32F4xx_HAL_Driver/Src/stm32f4xx_hal.o
                              0xc77f6 (size before relaxing)
 .debug_str     0x000cc45b      0x392 ./Drivers/STM32F4xx_HAL_Driver/Src/stm32f4xx_hal_cortex.o
                              0xc754d (size before relaxing)
 .debug_str     0x000cc7ed      0x121 ./Drivers/STM32F4xx_HAL_Driver/Src/stm32f4xx_hal_gpio.o
                              0xc6dac (size before relaxing)
 .debug_str     0x000cc90e      0x233 ./Drivers/STM32F4xx_HAL_Driver/Src/stm32f4xx_hal_rcc.o
                              0xc706a (size before relaxing)
 .debug_str     0x000ccb41      0x19d ./Drivers/STM32F4xx_HAL_Driver/Src/stm32f4xx_hal_rcc_ex.o
                              0xc709d (size before relaxing)
 .debug_str     0x000cccde      0x965 ./Drivers/STM32F4xx_HAL_Driver/Src/stm32f4xx_hal_sd.o
                              0xc7985 (size before relaxing)
 .debug_str     0x000cd643      0x61e ./Drivers/STM32F4xx_HAL_Driver/Src/stm32f4xx_hal_uart.o
                              0xc7621 (size before relaxing)
 .debug_str     0x000cdc61      0x227 ./Drivers/STM32F4xx_HAL_Driver/Src/stm32f4xx_ll_sdmmc.o
                              0xc7093 (size before relaxing)
 .debug_str     0x000cde88       0xe7 ./FATFS/App/fatfs.o
                              0xca69a (size before relaxing)
 .debug_str     0x000cdf6f      0x17b ./FATFS/Target/bsp_driver_sd.o
                              0xc72c8 (size before relaxing)
 .debug_str     0x000ce0ea       0x21 ./FATFS/Target/fatfs_platform.o
                              0xc6b63 (size before relaxing)
 .debug_str     0x000ce10b       0xa0 ./FATFS/Target/sd_diskio.o
                              0xca6cf (size before relaxing)
 .debug_str     0x000ce1ab       0x57 ./Middlewares/Third_Party/FatFs/src/diskio.o
                              0xca5a2 (size before relaxing)
 .debug_str     0x000ce202     0x10a0 ./Middlewares/Third_Party/FatFs/src/ff.o
                              0xcb8a9 (size before relaxing)
 .debug_str     0x000cf2a2       0x91 ./Middlewares/Third_Party/FatFs/src/ff_gen_drv.o
                              0xca5f3 (size before relaxing)
 .debug_str     0x000cf333       0x49 ./Middlewares/Third_Party/FatFs/src/option/ccsbcs.o
                              0xca377 (size before relaxing)

.comment        0x00000000       0x43
 .comment       0x00000000       0x43 ./Core/Src/gpio.o
                                 0x44 (size before relaxing)
 .comment       0x00000043       0x44 ./Core/Src/main.o
 .comment       0x00000043       0x44 ./Core/Src/sdio.o
 .comment       0x00000043       0x44 ./Core/Src/stm32f4xx_hal_msp.o
 .comment       0x00000043       0x44 ./Core/Src/stm32f4xx_it.o
 .comment       0x00000043       0x44 ./Core/Src/system_stm32f4xx.o
 .comment       0x00000043       0x44 ./Core/Src/usart.o
 .comment       0x00000043       0x44 ./Drivers/STM32F4xx_HAL_Driver/Src/stm32f4xx_hal.o
 .comment       0x00000043       0x44 ./Drivers/STM32F4xx_HAL_Driver/Src/stm32f4xx_hal_cortex.o
 .comment       0x00000043       0x44 ./Drivers/STM32F4xx_HAL_Driver/Src/stm32f4xx_hal_gpio.o
 .comment       0x00000043       0x44 ./Drivers/STM32F4xx_HAL_Driver/Src/stm32f4xx_hal_rcc.o
 .comment       0x00000043       0x44 ./Drivers/STM32F4xx_HAL_Driver/Src/stm32f4xx_hal_rcc_ex.o
 .comment       0x00000043       0x44 ./Drivers/STM32F4xx_HAL_Driver/Src/stm32f4xx_hal_sd.o
 .comment       0x00000043       0x44 ./Drivers/STM32F4xx_HAL_Driver/Src/stm32f4xx_hal_uart.o
 .comment       0x00000043       0x44 ./Drivers/STM32F4xx_HAL_Driver/Src/stm32f4xx_ll_sdmmc.o
 .comment       0x00000043       0x44 ./FATFS/App/fatfs.o
 .comment       0x00000043       0x44 ./FATFS/Target/bsp_driver_sd.o
 .comment       0x00000043       0x44 ./FATFS/Target/fatfs_platform.o
 .comment       0x00000043       0x44 ./FATFS/Target/sd_diskio.o
 .comment       0x00000043       0x44 ./Middlewares/Third_Party/FatFs/src/diskio.o
 .comment       0x00000043       0x44 ./Middlewares/Third_Party/FatFs/src/ff.o
 .comment       0x00000043       0x44 ./Middlewares/Third_Party/FatFs/src/ff_gen_drv.o
 .comment       0x00000043       0x44 ./Middlewares/Third_Party/FatFs/src/option/ccsbcs.o

.debug_frame    0x00000000     0x37c0
 .debug_frame   0x00000000       0x34 ./Core/Src/gpio.o
 .debug_frame   0x00000034       0x6c ./Core/Src/main.o
 .debug_frame   0x000000a0       0x78 ./Core/Src/sdio.o
 .debug_frame   0x00000118       0x34 ./Core/Src/stm32f4xx_hal_msp.o
 .debug_frame   0x0000014c      0x104 ./Core/Src/stm32f4xx_it.o
 .debug_frame   0x00000250       0x58 ./Core/Src/system_stm32f4xx.o
 .debug_frame   0x000002a8       0x74 ./Core/Src/usart.o
 .debug_frame   0x0000031c      0x374 ./Drivers/STM32F4xx_HAL_Driver/Src/stm32f4xx_hal.o
 .debug_frame   0x00000690      0x508 ./Drivers/STM32F4xx_HAL_Driver/Src/stm32f4xx_hal_cortex.o
 .debug_frame   0x00000b98      0x14c ./Drivers/STM32F4xx_HAL_Driver/Src/stm32f4xx_hal_gpio.o
 .debug_frame   0x00000ce4      0x1f4 ./Drivers/STM32F4xx_HAL_Driver/Src/stm32f4xx_hal_rcc.o
 .debug_frame   0x00000ed8      0x1e8 ./Drivers/STM32F4xx_HAL_Driver/Src/stm32f4xx_hal_rcc_ex.o
 .debug_frame   0x000010c0      0x650 ./Drivers/STM32F4xx_HAL_Driver/Src/stm32f4xx_hal_sd.o
 .debug_frame   0x00001710      0x954 ./Drivers/STM32F4xx_HAL_Driver/Src/stm32f4xx_hal_uart.o
 .debug_frame   0x00002064      0x6d0 ./Drivers/STM32F4xx_HAL_Driver/Src/stm32f4xx_ll_sdmmc.o
 .debug_frame   0x00002734       0x4c ./FATFS/App/fatfs.o
 .debug_frame   0x00002780      0x258 ./FATFS/Target/bsp_driver_sd.o
 .debug_frame   0x000029d8       0x34 ./FATFS/Target/fatfs_platform.o
 .debug_frame   0x00002a0c       0xe8 ./FATFS/Target/sd_diskio.o
 .debug_frame   0x00002af4       0xec ./Middlewares/Third_Party/FatFs/src/diskio.o
 .debug_frame   0x00002be0      0xa0c ./Middlewares/Third_Party/FatFs/src/ff.o
 .debug_frame   0x000035ec       0xc8 ./Middlewares/Third_Party/FatFs/src/ff_gen_drv.o
 .debug_frame   0x000036b4       0x60 ./Middlewares/Third_Party/FatFs/src/option/ccsbcs.o
 .debug_frame   0x00003714       0x20 D:/Software/STM32Cube/STM32CubeIDE/plugins/com.st.stm32cube.ide.mcu.externaltools.gnu-tools-for-stm32.12.3.rel1.win32_1.0.200.202406191623/tools/bin/../lib/gcc/arm-none-eabi/12.3.1/../../../../arm-none-eabi/lib/thumb/v7e-m+fp/hard\libc_nano.a(libc_a-memset.o)
 .debug_frame   0x00003734       0x2c D:/Software/STM32Cube/STM32CubeIDE/plugins/com.st.stm32cube.ide.mcu.externaltools.gnu-tools-for-stm32.12.3.rel1.win32_1.0.200.202406191623/tools/bin/../lib/gcc/arm-none-eabi/12.3.1/../../../../arm-none-eabi/lib/thumb/v7e-m+fp/hard\libc_nano.a(libc_a-init.o)
 .debug_frame   0x00003760       0x2c D:/Software/STM32Cube/STM32CubeIDE/plugins/com.st.stm32cube.ide.mcu.externaltools.gnu-tools-for-stm32.12.3.rel1.win32_1.0.200.202406191623/tools/bin/../lib/gcc/arm-none-eabi/12.3.1/thumb/v7e-m+fp/hard\libgcc.a(_aeabi_uldivmod.o)
 .debug_frame   0x0000378c       0x34 D:/Software/STM32Cube/STM32CubeIDE/plugins/com.st.stm32cube.ide.mcu.externaltools.gnu-tools-for-stm32.12.3.rel1.win32_1.0.200.202406191623/tools/bin/../lib/gcc/arm-none-eabi/12.3.1/thumb/v7e-m+fp/hard\libgcc.a(_udivmoddi4.o)

.debug_line_str
                0x00000000       0x67
 .debug_line_str
                0x00000000       0x67 ./Core/Startup/startup_stm32f446retx.o
