Archive member included to satisfy reference by file (symbol)

D:/Software/STM32Cube/STM32CubeIDE/plugins/com.st.stm32cube.ide.mcu.externaltools.gnu-tools-for-stm32.12.3.rel1.win32_1.0.200.202406191623/tools/bin/../lib/gcc/arm-none-eabi/12.3.1/../../../../arm-none-eabi/lib/thumb/v7e-m+fp/hard\libc_nano.a(libc_a-exit.o)
                              D:/Software/STM32Cube/STM32CubeIDE/plugins/com.st.stm32cube.ide.mcu.externaltools.gnu-tools-for-stm32.12.3.rel1.win32_1.0.200.202406191623/tools/bin/../lib/gcc/arm-none-eabi/12.3.1/../../../../arm-none-eabi/lib/thumb/v7e-m+fp/hard/crt0.o (exit)
D:/Software/STM32Cube/STM32CubeIDE/plugins/com.st.stm32cube.ide.mcu.externaltools.gnu-tools-for-stm32.12.3.rel1.win32_1.0.200.202406191623/tools/bin/../lib/gcc/arm-none-eabi/12.3.1/../../../../arm-none-eabi/lib/thumb/v7e-m+fp/hard\libc_nano.a(libc_a-findfp.o)
                              D:/Software/STM32Cube/STM32CubeIDE/plugins/com.st.stm32cube.ide.mcu.externaltools.gnu-tools-for-stm32.12.3.rel1.win32_1.0.200.202406191623/tools/bin/../lib/gcc/arm-none-eabi/12.3.1/../../../../arm-none-eabi/lib/thumb/v7e-m+fp/hard\libc_nano.a(libc_a-exit.o) (__stdio_exit_handler)
D:/Software/STM32Cube/STM32CubeIDE/plugins/com.st.stm32cube.ide.mcu.externaltools.gnu-tools-for-stm32.12.3.rel1.win32_1.0.200.202406191623/tools/bin/../lib/gcc/arm-none-eabi/12.3.1/../../../../arm-none-eabi/lib/thumb/v7e-m+fp/hard\libc_nano.a(libc_a-fwalk.o)
                              D:/Software/STM32Cube/STM32CubeIDE/plugins/com.st.stm32cube.ide.mcu.externaltools.gnu-tools-for-stm32.12.3.rel1.win32_1.0.200.202406191623/tools/bin/../lib/gcc/arm-none-eabi/12.3.1/../../../../arm-none-eabi/lib/thumb/v7e-m+fp/hard\libc_nano.a(libc_a-findfp.o) (_fwalk_sglue)
D:/Software/STM32Cube/STM32CubeIDE/plugins/com.st.stm32cube.ide.mcu.externaltools.gnu-tools-for-stm32.12.3.rel1.win32_1.0.200.202406191623/tools/bin/../lib/gcc/arm-none-eabi/12.3.1/../../../../arm-none-eabi/lib/thumb/v7e-m+fp/hard\libc_nano.a(libc_a-stdio.o)
                              D:/Software/STM32Cube/STM32CubeIDE/plugins/com.st.stm32cube.ide.mcu.externaltools.gnu-tools-for-stm32.12.3.rel1.win32_1.0.200.202406191623/tools/bin/../lib/gcc/arm-none-eabi/12.3.1/../../../../arm-none-eabi/lib/thumb/v7e-m+fp/hard\libc_nano.a(libc_a-findfp.o) (__sread)
D:/Software/STM32Cube/STM32CubeIDE/plugins/com.st.stm32cube.ide.mcu.externaltools.gnu-tools-for-stm32.12.3.rel1.win32_1.0.200.202406191623/tools/bin/../lib/gcc/arm-none-eabi/12.3.1/../../../../arm-none-eabi/lib/thumb/v7e-m+fp/hard\libc_nano.a(libc_a-memset.o)
                              D:/Software/STM32Cube/STM32CubeIDE/plugins/com.st.stm32cube.ide.mcu.externaltools.gnu-tools-for-stm32.12.3.rel1.win32_1.0.200.202406191623/tools/bin/../lib/gcc/arm-none-eabi/12.3.1/../../../../arm-none-eabi/lib/thumb/v7e-m+fp/hard/crt0.o (memset)
D:/Software/STM32Cube/STM32CubeIDE/plugins/com.st.stm32cube.ide.mcu.externaltools.gnu-tools-for-stm32.12.3.rel1.win32_1.0.200.202406191623/tools/bin/../lib/gcc/arm-none-eabi/12.3.1/../../../../arm-none-eabi/lib/thumb/v7e-m+fp/hard\libc_nano.a(libc_a-closer.o)
                              D:/Software/STM32Cube/STM32CubeIDE/plugins/com.st.stm32cube.ide.mcu.externaltools.gnu-tools-for-stm32.12.3.rel1.win32_1.0.200.202406191623/tools/bin/../lib/gcc/arm-none-eabi/12.3.1/../../../../arm-none-eabi/lib/thumb/v7e-m+fp/hard\libc_nano.a(libc_a-stdio.o) (_close_r)
D:/Software/STM32Cube/STM32CubeIDE/plugins/com.st.stm32cube.ide.mcu.externaltools.gnu-tools-for-stm32.12.3.rel1.win32_1.0.200.202406191623/tools/bin/../lib/gcc/arm-none-eabi/12.3.1/../../../../arm-none-eabi/lib/thumb/v7e-m+fp/hard\libc_nano.a(libc_a-reent.o)
                              D:/Software/STM32Cube/STM32CubeIDE/plugins/com.st.stm32cube.ide.mcu.externaltools.gnu-tools-for-stm32.12.3.rel1.win32_1.0.200.202406191623/tools/bin/../lib/gcc/arm-none-eabi/12.3.1/../../../../arm-none-eabi/lib/thumb/v7e-m+fp/hard\libc_nano.a(libc_a-closer.o) (errno)
D:/Software/STM32Cube/STM32CubeIDE/plugins/com.st.stm32cube.ide.mcu.externaltools.gnu-tools-for-stm32.12.3.rel1.win32_1.0.200.202406191623/tools/bin/../lib/gcc/arm-none-eabi/12.3.1/../../../../arm-none-eabi/lib/thumb/v7e-m+fp/hard\libc_nano.a(libc_a-impure.o)
                              D:/Software/STM32Cube/STM32CubeIDE/plugins/com.st.stm32cube.ide.mcu.externaltools.gnu-tools-for-stm32.12.3.rel1.win32_1.0.200.202406191623/tools/bin/../lib/gcc/arm-none-eabi/12.3.1/../../../../arm-none-eabi/lib/thumb/v7e-m+fp/hard\libc_nano.a(libc_a-reent.o) (_impure_ptr)
D:/Software/STM32Cube/STM32CubeIDE/plugins/com.st.stm32cube.ide.mcu.externaltools.gnu-tools-for-stm32.12.3.rel1.win32_1.0.200.202406191623/tools/bin/../lib/gcc/arm-none-eabi/12.3.1/../../../../arm-none-eabi/lib/thumb/v7e-m+fp/hard\libc_nano.a(libc_a-lseekr.o)
[...]
Memory Configuration

Name             Origin             Length             Attributes
RAM              0x20000000         0x00020000         xrw
FLASH            0x08000000         0x00080000         xr
*default*        0x00000000         0xffffffff

Linker script and memory map

LOAD D:/Software/STM32Cube/STM32CubeIDE/plugins/com.st.stm32cube.ide.mcu.externaltools.gnu-tools-for-stm32.12.3.rel1.win32_1.0.200.202406191623/tools/bin/../lib/gcc/arm-none-eabi/12.3.1/thumb/v7e-m+fp/hard/crti.o
LOAD D:/Software/STM32Cube/STM32CubeIDE/plugins/com.st.stm32cube.ide.mcu.externaltools.gnu-tools-for-stm32.12.3.rel1.win32_1.0.200.202406191623/tools/bin/../lib/gcc/arm-none-eabi/12.3.1/thumb/v7e-m+fp/hard/crtbegin.o
LOAD D:/Software/STM32Cube/STM32CubeIDE/plugins/com.st.stm32cube.ide.mcu.externaltools.gnu-tools-for-stm32.12.3.rel1.win32_1.0.200.202406191623/tools/bin/../lib/gcc/arm-none-eabi/12.3.1/../../../../arm-none-eabi/lib/thumb/v7e-m+fp/hard/crt0.o
LOAD ./Core/Src/gpio.o
LOAD ./Core/Src/main.o
LOAD ./Core/Src/spi.o
LOAD ./Core/Src/stm32f4xx_hal_msp.o
LOAD ./Core/Src/stm32f4xx_it.o
LOAD ./Core/Src/syscalls.o
LOAD ./Core/Src/sysmem.o
LOAD ./Core/Src/system_stm32f4xx.o
LOAD ./Core/Src/usart.o
LOAD ./Core/Startup/startup_stm32f446retx.o
LOAD ./Core/User_libs/Fonts/font12.o
LOAD ./Core/User_libs/Fonts/font16.o
LOAD ./Core/User_libs/Fonts/font20.o
LOAD ./Core/User_libs/Fonts/font24.o
LOAD ./Core/User_libs/Fonts/font8.o
LOAD ./Core/User_libs/LCD/DEV_Config.o
LOAD ./Core/User_libs/LCD/LCD.o
LOAD ./Drivers/STM32F4xx_HAL_Driver/Src/stm32f4xx_hal.o
LOAD ./Drivers/STM32F4xx_HAL_Driver/Src/stm32f4xx_hal_cortex.o
LOAD ./Drivers/STM32F4xx_HAL_Driver/Src/stm32f4xx_hal_dma.o
LOAD ./Drivers/STM32F4xx_HAL_Driver/Src/stm32f4xx_hal_dma_ex.o
LOAD ./Drivers/STM32F4xx_HAL_Driver/Src/stm32f4xx_hal_exti.o
LOAD ./Drivers/STM32F4xx_HAL_Driver/Src/stm32f4xx_hal_flash.o
LOAD ./Drivers/STM32F4xx_HAL_Driver/Src/stm32f4xx_hal_flash_ex.o
LOAD ./Drivers/STM32F4xx_HAL_Driver/Src/stm32f4xx_hal_flash_ramfunc.o
LOAD ./Drivers/STM32F4xx_HAL_Driver/Src/stm32f4xx_hal_gpio.o
LOAD ./Drivers/STM32F4xx_HAL_Driver/Src/stm32f4xx_hal_pwr.o
LOAD ./Drivers/STM32F4xx_HAL_Driver/Src/stm32f4xx_hal_pwr_ex.o
LOAD ./Drivers/STM32F4xx_HAL_Driver/Src/stm32f4xx_hal_rcc.o
LOAD ./Drivers/STM32F4xx_HAL_Driver/Src/stm32f4xx_hal_rcc_ex.o
LOAD ./Drivers/STM32F4xx_HAL_Driver/Src/stm32f4xx_hal_spi.o
LOAD ./Drivers/STM32F4xx_HAL_Driver/Src/stm32f4xx_hal_tim.o
LOAD ./Drivers/STM32F4xx_HAL_Driver/Src/stm32f4xx_hal_tim_ex.o
LOAD ./Drivers/STM32F4xx_HAL_Driver/Src/stm32f4xx_hal_uart.o
START GROUP
LOAD D:/Software/STM32Cube/STM32CubeIDE/plugins/com.st.stm32cube.ide.mcu.externaltools.gnu-tools-for-stm32.12.3.rel1.win32_1.0.200.202406191623/tools/bin/../lib/gcc/arm-none-eabi/12.3.1/../../../../arm-none-eabi/lib/thumb/v7e-m+fp/hard\libc_nano.a
LOAD D:/Software/STM32Cube/STM32CubeIDE/plugins/com.st.stm32cube.ide.mcu.externaltools.gnu-tools-for-stm32.12.3.rel1.win32_1.0.200.202406191623/tools/bin/../lib/gcc/arm-none-eabi/12.3.1/../../../../arm-none-eabi/lib/thumb/v7e-m+fp/hard\libm.a
END GROUP
START GROUP
LOAD D:/Software/STM32Cube/STM32CubeIDE/plugins/com.st.stm32cube.ide.mcu.externaltools.gnu-tools-for-stm32.12.3.rel1.win32_1.0.200.202406191623/tools/bin/../lib/gcc/arm-none-eabi/12.3.1/thumb/v7e-m+fp/hard\libgcc.a
LOAD D:/Software/STM32Cube/STM32CubeIDE/plugins/com.st.stm32cube.ide.mcu.externaltools.gnu-tools-for-stm32.12.3.rel1.win32_1.0.200.202406191623/tools/bin/../lib/gcc/arm-none-eabi/12.3.1/../../../../arm-none-eabi/lib/thumb/v7e-m+fp/hard\libc_nano.a
END GROUP
START GROUP
LOAD D:/Software/STM32Cube/STM32CubeIDE/plugins/com.st.stm32cube.ide.mcu.externaltools.gnu-tools-for-stm32.12.3.rel1.win32_1.0.200.202406191623/tools/bin/../lib/gcc/arm-none-eabi/12.3.1/thumb/v7e-m+fp/hard\libgcc.a
LOAD D:/Software/STM32Cube/STM32CubeIDE/plugins/com.st.stm32cube.ide.mcu.externaltools.gnu-tools-for-stm32.12.3.rel1.win32_1.0.200.202406191623/tools/bin/../lib/gcc/arm-none-eabi/12.3.1/../../../../arm-none-eabi/lib/thumb/v7e-m+fp/hard\libc_nano.a
LOAD D:/Software/STM32Cube/STM32CubeIDE/plugins/com.st.stm32cube.ide.mcu.externaltools.gnu-tools-for-stm32.12.3.rel1.win32_1.0.200.202406191623/tools/bin/../lib/gcc/arm-none-eabi/12.3.1/../../../../arm-none-eabi/lib/thumb/v7e-m+fp/hard\libnosys.a
END GROUP
START GROUP
LOAD D:/Software/STM32Cube/STM32CubeIDE/plugins/com.st.stm32cube.ide.mcu.externaltools.gnu-tools-for-stm32.12.3.rel1.win32_1.0.200.202406191623/tools/bin/../lib/gcc/arm-none-eabi/12.3.1/thumb/v7e-m+fp/hard\libgcc.a
LOAD D:/Software/STM32Cube/STM32CubeIDE/plugins/com.st.stm32cube.ide.mcu.externaltools.gnu-tools-for-stm32.12.3.rel1.win32_1.0.200.202406191623/tools/bin/../lib/gcc/arm-none-eabi/12.3.1/../../../../arm-none-eabi/lib/thumb/v7e-m+fp/hard\libc_nano.a
LOAD D:/Software/STM32Cube/STM32CubeIDE/plugins/com.st.stm32cube.ide.mcu.externaltools.gnu-tools-for-stm32.12.3.rel1.win32_1.0.200.202406191623/tools/bin/../lib/gcc/arm-none-eabi/12.3.1/../../../../arm-none-eabi/lib/thumb/v7e-m+fp/hard\libnosys.a
END GROUP
LOAD D:/Software/STM32Cube/STM32CubeIDE/plugins/com.st.stm32cube.ide.mcu.externaltools.gnu-tools-for-stm32.12.3.rel1.win32_1.0.200.202406191623/tools/bin/../lib/gcc/arm-none-eabi/12.3.1/thumb/v7e-m+fp/hard/crtend.o
LOAD D:/Software/STM32Cube/STM32CubeIDE/plugins/com.st.stm32cube.ide.mcu.externaltools.gnu-tools-for-stm32.12.3.rel1.win32_1.0.200.202406191623/tools/bin/../lib/gcc/arm-none-eabi/12.3.1/thumb/v7e-m+fp/hard/crtn.o
                0x20020000                        _estack = (ORIGIN (RAM) + LENGTH (RAM))
                0x00000200                        _Min_Heap_Size = 0x200
                0x00000400                        _Min_Stack_Size = 0x400

.isr_vector     0x08000000      0x1c4
                0x08000000                        . = ALIGN (0x4)
 *(.isr_vector)
 .isr_vector    0x08000000      0x1c4 ./Core/Startup/startup_stm32f446retx.o
                0x08000000                g_pfnVectors
                0x080001c4                        . = ALIGN (0x4)

.text           0x080001c4     0x4104
                0x080001c4                        . = ALIGN (0x4)
 *(.text)
 .text          0x080001c4       0x40 D:/Software/STM32Cube/STM32CubeIDE/plugins/com.st.stm32cube.ide.mcu.externaltools.gnu-tools-for-stm32.12.3.rel1.win32_1.0.200.202406191623/tools/bin/../lib/gcc/arm-none-eabi/12.3.1/thumb/v7e-m+fp/hard/crtbegin.o
 .text          0x08000204      0x254 D:/Software/STM32Cube/STM32CubeIDE/plugins/com.st.stm32cube.ide.mcu.externaltools.gnu-tools-for-stm32.12.3.rel1.win32_1.0.200.202406191623/tools/bin/../lib/gcc/arm-none-eabi/12.3.1/thumb/v7e-m+fp/hard\libgcc.a(_arm_muldf3.o)
                0x08000204                __muldf3
                0x08000204                __aeabi_dmul
 .text          0x08000458      0x378 D:/Software/STM32Cube/STM32CubeIDE/plugins/com.st.stm32cube.ide.mcu.externaltools.gnu-tools-for-stm32.12.3.rel1.win32_1.0.200.202406191623/tools/bin/../lib/gcc/arm-none-eabi/12.3.1/thumb/v7e-m+fp/hard\libgcc.a(_arm_addsubdf3.o)
                0x08000458                __aeabi_drsub
                0x08000460                __aeabi_dsub
                0x08000460                __subdf3
                0x08000464                __aeabi_dadd
                0x08000464                __adddf3
                0x080006dc                __floatunsidf
                0x080006dc                __aeabi_ui2d
                0x080006fc                __floatsidf
                0x080006fc                __aeabi_i2d
                0x08000720                __aeabi_f2d
                0x08000720                __extendsfdf2
                0x08000764                __floatundidf
                0x08000764                __aeabi_ul2d
                0x08000774                __floatdidf
                0x08000774                __aeabi_l2d
 .text          0x080007d0       0x40 D:/Software/STM32Cube/STM32CubeIDE/plugins/com.st.stm32cube.ide.mcu.externaltools.gnu-tools-for-stm32.12.3.rel1.win32_1.0.200.202406191623/tools/bin/../lib/gcc/arm-none-eabi/12.3.1/thumb/v7e-m+fp/hard\libgcc.a(_arm_fixunsdfsi.o)
                0x080007d0                __aeabi_d2uiz
                0x080007d0                __fixunsdfsi
 .text          0x08000810       0x30 D:/Software/STM32Cube/STM32CubeIDE/plugins/com.st.stm32cube.ide.mcu.externaltools.gnu-tools-for-stm32.12.3.rel1.win32_1.0.200.202406191623/tools/bin/../lib/gcc/arm-none-eabi/12.3.1/thumb/v7e-m+fp/hard\libgcc.a(_aeabi_uldivmod.o)
                0x08000810                __aeabi_uldivmod
 .text          0x08000840      0x2bc D:/Software/STM32Cube/STM32CubeIDE/plugins/com.st.stm32cube.ide.mcu.externaltools.gnu-tools-for-stm32.12.3.rel1.win32_1.0.200.202406191623/tools/bin/../lib/gcc/arm-none-eabi/12.3.1/thumb/v7e-m+fp/hard\libgcc.a(_udivmoddi4.o)
                0x08000840                __udivmoddi4
 .text          0x08000afc        0x4 D:/Software/STM32Cube/STM32CubeIDE/plugins/com.st.stm32cube.ide.mcu.externaltools.gnu-tools-for-stm32.12.3.rel1.win32_1.0.200.202406191623/tools/bin/../lib/gcc/arm-none-eabi/12.3.1/thumb/v7e-m+fp/hard\libgcc.a(_dvmd_tls.o)
                0x08000afc                __aeabi_idiv0
                0x08000afc                __aeabi_ldiv0
 *(.text*)
 .text.MX_GPIO_Init
                0x08000b00      0x12c ./Core/Src/gpio.o
                0x08000b00                MX_GPIO_Init
 .text.main     0x08000c2c       0x36 ./Core/Src/main.o
                0x08000c2c                main
 *fill*         0x08000c62        0x2 
 .text.SystemClock_Config
                0x08000c64       0xdc ./Core/Src/main.o
                0x08000c64                SystemClock_Config
 .text.Error_Handler
                0x08000d40        0xc ./Core/Src/main.o
                0x08000d40                Error_Handler
 .text.MX_SPI3_Init
                0x08000d4c       0x70 ./Core/Src/spi.o
                0x08000d4c                MX_SPI3_Init
 .text.HAL_SPI_MspInit
                0x08000dbc       0xb0 ./Core/Src/spi.o
                0x08000dbc                HAL_SPI_MspInit
 .text.HAL_MspInit
                0x08000e6c       0x50 ./Core/Src/stm32f4xx_hal_msp.o
                0x08000e6c                HAL_MspInit
 .text.NMI_Handler
                0x08000ebc        0x8 ./Core/Src/stm32f4xx_it.o
                0x08000ebc                NMI_Handler
 .text.HardFault_Handler
                0x08000ec4        0x8 ./Core/Src/stm32f4xx_it.o
                0x08000ec4                HardFault_Handler
 .text.MemManage_Handler
                0x08000ecc        0x8 ./Core/Src/stm32f4xx_it.o
                0x08000ecc                MemManage_Handler
 .text.BusFault_Handler
                0x08000ed4        0x8 ./Core/Src/stm32f4xx_it.o
                0x08000ed4                BusFault_Handler
 .text.UsageFault_Handler
                0x08000edc        0x8 ./Core/Src/stm32f4xx_it.o
                0x08000edc                UsageFault_Handler
 .text.SVC_Handler
                0x08000ee4        0xe ./Core/Src/stm32f4xx_it.o
                0x08000ee4                SVC_Handler
 .text.DebugMon_Handler
                0x08000ef2        0xe ./Core/Src/stm32f4xx_it.o
                0x08000ef2                DebugMon_Handler
 .text.PendSV_Handler
                0x08000f00        0xe ./Core/Src/stm32f4xx_it.o
                0x08000f00                PendSV_Handler
 .text.SysTick_Handler
                0x08000f0e        0xc ./Core/Src/stm32f4xx_it.o
                0x08000f0e                SysTick_Handler
 *fill*         0x08000f1a        0x2 
 .text.SystemInit
                0x08000f1c       0x24 ./Core/Src/system_stm32f4xx.o
                0x08000f1c                SystemInit
 .text.MX_USART2_UART_Init
                0x08000f40       0x54 ./Core/Src/usart.o
                0x08000f40                MX_USART2_UART_Init
 .text.HAL_UART_MspInit
                0x08000f94       0x90 ./Core/Src/usart.o
                0x08000f94                HAL_UART_MspInit
 .text.Reset_Handler
                0x08001024       0x50 ./Core/Startup/startup_stm32f446retx.o
                0x08001024                Reset_Handler
 .text.Default_Handler
                0x08001074        0x2 ./Core/Startup/startup_stm32f446retx.o
                0x08001074                RTC_Alarm_IRQHandler
                0x08001074                EXTI2_IRQHandler
                0x08001074                TIM8_CC_IRQHandler
                0x08001074                FMPI2C1_EV_IRQHandler
                0x08001074                SPI4_IRQHandler
                0x08001074                TIM1_CC_IRQHandler
                0x08001074                DMA2_Stream5_IRQHandler
                0x08001074                DMA1_Stream5_IRQHandler
                0x08001074                PVD_IRQHandler
                0x08001074                SDIO_IRQHandler
                0x08001074                TAMP_STAMP_IRQHandler
                0x08001074                CAN2_RX1_IRQHandler
                0x08001074                EXTI3_IRQHandler
                0x08001074                TIM8_TRG_COM_TIM14_IRQHandler
                0x08001074                TIM1_UP_TIM10_IRQHandler
                0x08001074                TIM8_UP_TIM13_IRQHandler
                0x08001074                I2C3_ER_IRQHandler
                0x08001074                EXTI0_IRQHandler
                0x08001074                I2C2_EV_IRQHandler
                0x08001074                DMA1_Stream2_IRQHandler
                0x08001074                CAN1_RX0_IRQHandler
                0x08001074                FPU_IRQHandler
                0x08001074                OTG_HS_WKUP_IRQHandler
                0x08001074                CAN2_SCE_IRQHandler
                0x08001074                DMA2_Stream2_IRQHandler
                0x08001074                SPI1_IRQHandler
                0x08001074                TIM6_DAC_IRQHandler
                0x08001074                TIM1_BRK_TIM9_IRQHandler
                0x08001074                DCMI_IRQHandler
                0x08001074                CAN2_RX0_IRQHandler
                0x08001074                DMA2_Stream3_IRQHandler
                0x08001074                SAI2_IRQHandler
                0x08001074                USART6_IRQHandler
                0x08001074                USART3_IRQHandler
                0x08001074                CAN1_RX1_IRQHandler
                0x08001074                UART5_IRQHandler
                0x08001074                DMA2_Stream0_IRQHandler
                0x08001074                TIM4_IRQHandler
                0x08001074                QUADSPI_IRQHandler
                0x08001074                I2C1_EV_IRQHandler
                0x08001074                DMA1_Stream6_IRQHandler
                0x08001074                DMA1_Stream1_IRQHandler
                0x08001074                UART4_IRQHandler
                0x08001074                TIM3_IRQHandler
                0x08001074                RCC_IRQHandler
                0x08001074                TIM8_BRK_TIM12_IRQHandler
                0x08001074                Default_Handler
                0x08001074                CEC_IRQHandler
                0x08001074                EXTI15_10_IRQHandler
                0x08001074                ADC_IRQHandler
                0x08001074                DMA1_Stream7_IRQHandler
                0x08001074                TIM7_IRQHandler
                0x08001074                CAN2_TX_IRQHandler
                0x08001074                TIM5_IRQHandler
                0x08001074                DMA2_Stream7_IRQHandler
                0x08001074                I2C3_EV_IRQHandler
                0x08001074                EXTI9_5_IRQHandler
                0x08001074                RTC_WKUP_IRQHandler
                0x08001074                SPDIF_RX_IRQHandler
                0x08001074                SPI2_IRQHandler
                0x08001074                OTG_HS_EP1_IN_IRQHandler
                0x08001074                DMA1_Stream0_IRQHandler
                0x08001074                CAN1_TX_IRQHandler
                0x08001074                FMPI2C1_ER_IRQHandler
                0x08001074                EXTI4_IRQHandler
                0x08001074                OTG_HS_EP1_OUT_IRQHandler
                0x08001074                WWDG_IRQHandler
                0x08001074                TIM2_IRQHandler
                0x08001074                OTG_FS_WKUP_IRQHandler
                0x08001074                TIM1_TRG_COM_TIM11_IRQHandler
                0x08001074                OTG_HS_IRQHandler
                0x08001074                EXTI1_IRQHandler
                0x08001074                USART2_IRQHandler
                0x08001074                I2C2_ER_IRQHandler
                0x08001074                DMA2_Stream1_IRQHandler
                0x08001074                CAN1_SCE_IRQHandler
                0x08001074                FLASH_IRQHandler
                0x08001074                DMA2_Stream4_IRQHandler
                0x08001074                USART1_IRQHandler
                0x08001074                OTG_FS_IRQHandler
                0x08001074                SPI3_IRQHandler
                0x08001074                DMA1_Stream4_IRQHandler
                0x08001074                I2C1_ER_IRQHandler
                0x08001074                FMC_IRQHandler
                0x08001074                DMA2_Stream6_IRQHandler
                0x08001074                SAI1_IRQHandler
                0x08001074                DMA1_Stream3_IRQHandler
 *fill*         0x08001076        0x2 
 .text.SPI_Write_Byte
                0x08001078       0x28 ./Core/User_libs/LCD/DEV_Config.o
                0x08001078                SPI_Write_Byte
 .text.Driver_Delay_ms
                0x080010a0       0x16 ./Core/User_libs/LCD/DEV_Config.o
                0x080010a0                Driver_Delay_ms
 *fill*         0x080010b6        0x2 
 .text.LCD_Reset
                0x080010b8       0x3c ./Core/User_libs/LCD/LCD.o
 .text.LCD_WriteReg
                0x080010f4       0x40 ./Core/User_libs/LCD/LCD.o
 .text.LCD_WriteData_8Bit
                0x08001134       0x40 ./Core/User_libs/LCD/LCD.o
 .text.LCD_WriteData_NLen16Bit
                0x08001174       0x68 ./Core/User_libs/LCD/LCD.o
 .text.LCD_InitReg
                0x080011dc      0x1c4 ./Core/User_libs/LCD/LCD.o
 .text.LCD_SetGramScanWay
                0x080013a0       0xe0 ./Core/User_libs/LCD/LCD.o
                0x080013a0                LCD_SetGramScanWay
 .text.LCD_Init
                0x08001480       0x50 ./Core/User_libs/LCD/LCD.o
                0x08001480                LCD_Init
 .text.LCD_SetWindows
                0x080014d0       0xac ./Core/User_libs/LCD/LCD.o
                0x080014d0                LCD_SetWindows
 .text.LCD_SetCursor
                0x0800157c       0x24 ./Core/User_libs/LCD/LCD.o
                0x0800157c                LCD_SetCursor
 .text.LCD_SetColor
                0x080015a0       0x2c ./Core/User_libs/LCD/LCD.o
                0x080015a0                LCD_SetColor
 .text.LCD_SetPointlColor
                0x080015cc       0x4c ./Core/User_libs/LCD/LCD.o
                0x080015cc                LCD_SetPointlColor
 .text.LCD_SetArealColor
                0x08001618       0x5a ./Core/User_libs/LCD/LCD.o
                0x08001618                LCD_SetArealColor
 *fill*         0x08001672        0x2 
 .text.LCD_Clear
                0x08001674       0x2c ./Core/User_libs/LCD/LCD.o
                0x08001674                LCD_Clear
 .text.LCD_DrawPoint
                0x080016a0       0xf0 ./Core/User_libs/LCD/LCD.o
                0x080016a0                LCD_DrawPoint
 .text.LCD_DrawLine
                0x08001790      0x160 ./Core/User_libs/LCD/LCD.o
                0x08001790                LCD_DrawLine
 .text.LCD_DrawRectangle
                0x080018f0       0xe0 ./Core/User_libs/LCD/LCD.o
                0x080018f0                LCD_DrawRectangle
 .text.LCD_DrawCircle
                0x080019d0      0x2f4 ./Core/User_libs/LCD/LCD.o
                0x080019d0                LCD_DrawCircle
 .text.LCD_DisplayChar
                0x08001cc4      0x150 ./Core/User_libs/LCD/LCD.o
                0x08001cc4                LCD_DisplayChar
 .text.LCD_DisplayString
                0x08001e14       0xa4 ./Core/User_libs/LCD/LCD.o
                0x08001e14                LCD_DisplayString
 .text.LCD_DisplayNum
                0x08001eb8      0x19c ./Core/User_libs/LCD/LCD.o
                0x08001eb8                LCD_DisplayNum
 .text.LCD_Show
                0x08002054      0x504 ./Core/User_libs/LCD/LCD.o
                0x08002054                LCD_Show
 .text.HAL_Init
                0x08002558       0x44 ./Drivers/STM32F4xx_HAL_Driver/Src/stm32f4xx_hal.o
                0x08002558                HAL_Init
 .text.HAL_InitTick
                0x0800259c       0x60 ./Drivers/STM32F4xx_HAL_Driver/Src/stm32f4xx_hal.o
                0x0800259c                HAL_InitTick
 .text.HAL_IncTick
                0x080025fc       0x28 ./Drivers/STM32F4xx_HAL_Driver/Src/stm32f4xx_hal.o
                0x080025fc                HAL_IncTick
 .text.HAL_GetTick
                0x08002624       0x18 ./Drivers/STM32F4xx_HAL_Driver/Src/stm32f4xx_hal.o
                0x08002624                HAL_GetTick
 .text.HAL_Delay
                0x0800263c       0x48 ./Drivers/STM32F4xx_HAL_Driver/Src/stm32f4xx_hal.o
                0x0800263c                HAL_Delay
 .text.__NVIC_SetPriorityGrouping
                0x08002684       0x48 ./Drivers/STM32F4xx_HAL_Driver/Src/stm32f4xx_hal_cortex.o
 .text.__NVIC_GetPriorityGrouping
                0x080026cc       0x1c ./Drivers/STM32F4xx_HAL_Driver/Src/stm32f4xx_hal_cortex.o
 .text.__NVIC_SetPriority
                0x080026e8       0x54 ./Drivers/STM32F4xx_HAL_Driver/Src/stm32f4xx_hal_cortex.o
 .text.NVIC_EncodePriority
                0x0800273c       0x66 ./Drivers/STM32F4xx_HAL_Driver/Src/stm32f4xx_hal_cortex.o
 *fill*         0x080027a2        0x2 
 .text.SysTick_Config
                0x080027a4       0x44 ./Drivers/STM32F4xx_HAL_Driver/Src/stm32f4xx_hal_cortex.o
 .text.HAL_NVIC_SetPriorityGrouping
                0x080027e8       0x16 ./Drivers/STM32F4xx_HAL_Driver/Src/stm32f4xx_hal_cortex.o
                0x080027e8                HAL_NVIC_SetPriorityGrouping
 .text.HAL_NVIC_SetPriority
                0x080027fe       0x38 ./Drivers/STM32F4xx_HAL_Driver/Src/stm32f4xx_hal_cortex.o
                0x080027fe                HAL_NVIC_SetPriority
 .text.HAL_SYSTICK_Config
                0x08002836       0x18 ./Drivers/STM32F4xx_HAL_Driver/Src/stm32f4xx_hal_cortex.o
                0x08002836                HAL_SYSTICK_Config
 *fill*         0x0800284e        0x2 
 .text.HAL_GPIO_Init
                0x08002850      0x328 ./Drivers/STM32F4xx_HAL_Driver/Src/stm32f4xx_hal_gpio.o
                0x08002850                HAL_GPIO_Init
 .text.HAL_GPIO_WritePin
                0x08002b78       0x32 ./Drivers/STM32F4xx_HAL_Driver/Src/stm32f4xx_hal_gpio.o
                0x08002b78                HAL_GPIO_WritePin
 *fill*         0x08002baa        0x2 
 .text.HAL_RCC_ClockConfig
                0x08002bac      0x1cc ./Drivers/STM32F4xx_HAL_Driver/Src/stm32f4xx_hal_rcc.o
                0x08002bac                HAL_RCC_ClockConfig
 .text.HAL_RCC_GetHCLKFreq
                0x08002d78       0x18 ./Drivers/STM32F4xx_HAL_Driver/Src/stm32f4xx_hal_rcc.o
                0x08002d78                HAL_RCC_GetHCLKFreq
 .text.HAL_RCC_GetPCLK1Freq
                0x08002d90       0x28 ./Drivers/STM32F4xx_HAL_Driver/Src/stm32f4xx_hal_rcc.o
                0x08002d90                HAL_RCC_GetPCLK1Freq
 .text.HAL_RCC_GetPCLK2Freq
                0x08002db8       0x28 ./Drivers/STM32F4xx_HAL_Driver/Src/stm32f4xx_hal_rcc.o
                0x08002db8                HAL_RCC_GetPCLK2Freq
 .text.HAL_RCC_GetSysClockFreq
                0x08002de0      0x460 ./Drivers/STM32F4xx_HAL_Driver/Src/stm32f4xx_hal_rcc_ex.o
                0x08002de0                HAL_RCC_GetSysClockFreq
 .text.HAL_RCC_OscConfig
                0x08003240      0x53c ./Drivers/STM32F4xx_HAL_Driver/Src/stm32f4xx_hal_rcc_ex.o
                0x08003240                HAL_RCC_OscConfig
 .text.HAL_SPI_Init
                0x0800377c      0x112 ./Drivers/STM32F4xx_HAL_Driver/Src/stm32f4xx_hal_spi.o
                0x0800377c                HAL_SPI_Init
 .text.HAL_SPI_Transmit
                0x0800388e      0x288 ./Drivers/STM32F4xx_HAL_Driver/Src/stm32f4xx_hal_spi.o
                0x0800388e                HAL_SPI_Transmit
 *fill*         0x08003b16        0x2 
 .text.SPI_WaitFlagStateUntilTimeout
                0x08003b18      0x110 ./Drivers/STM32F4xx_HAL_Driver/Src/stm32f4xx_hal_spi.o
 .text.SPI_EndRxTxTransaction
                0x08003c28       0xa8 ./Drivers/STM32F4xx_HAL_Driver/Src/stm32f4xx_hal_spi.o
 .text.HAL_UART_Init
                0x08003cd0       0xa0 ./Drivers/STM32F4xx_HAL_Driver/Src/stm32f4xx_hal_uart.o
                0x08003cd0                HAL_UART_Init
 .text.UART_SetConfig
                0x08003d70      0x4e8 ./Drivers/STM32F4xx_HAL_Driver/Src/stm32f4xx_hal_uart.o
 .text.memset   0x08004258       0x10 D:/Software/STM32Cube/STM32CubeIDE/plugins/com.st.stm32cube.ide.mcu.externaltools.gnu-tools-for-stm32.12.3.rel1.win32_1.0.200.202406191623/tools/bin/../lib/gcc/arm-none-eabi/12.3.1/../../../../arm-none-eabi/lib/thumb/v7e-m+fp/hard\libc_nano.a(libc_a-memset.o)
                0x08004258                memset
 .text.__libc_init_array
                0x08004268       0x48 D:/Software/STM32Cube/STM32CubeIDE/plugins/com.st.stm32cube.ide.mcu.externaltools.gnu-tools-for-stm32.12.3.rel1.win32_1.0.200.202406191623/tools/bin/../lib/gcc/arm-none-eabi/12.3.1/../../../../arm-none-eabi/lib/thumb/v7e-m+fp/hard\libc_nano.a(libc_a-init.o)
                0x08004268                __libc_init_array
 *(.glue_7)
 .glue_7        0x080042b0        0x0 linker stubs
 *(.glue_7t)
 .glue_7t       0x080042b0        0x0 linker stubs
 *(.eh_frame)
 .eh_frame      0x080042b0        0x0 D:/Software/STM32Cube/STM32CubeIDE/plugins/com.st.stm32cube.ide.mcu.externaltools.gnu-tools-for-stm32.12.3.rel1.win32_1.0.200.202406191623/tools/bin/../lib/gcc/arm-none-eabi/12.3.1/thumb/v7e-m+fp/hard/crtbegin.o
 *(.init)
 .init          0x080042b0        0x4 D:/Software/STM32Cube/STM32CubeIDE/plugins/com.st.stm32cube.ide.mcu.externaltools.gnu-tools-for-stm32.12.3.rel1.win32_1.0.200.202406191623/tools/bin/../lib/gcc/arm-none-eabi/12.3.1/thumb/v7e-m+fp/hard/crti.o
                0x080042b0                _init
 .init          0x080042b4        0x8 D:/Software/STM32Cube/STM32CubeIDE/plugins/com.st.stm32cube.ide.mcu.externaltools.gnu-tools-for-stm32.12.3.rel1.win32_1.0.200.202406191623/tools/bin/../lib/gcc/arm-none-eabi/12.3.1/thumb/v7e-m+fp/hard/crtn.o
 *(.fini)
 .fini          0x080042bc        0x4 D:/Software/STM32Cube/STM32CubeIDE/plugins/com.st.stm32cube.ide.mcu.externaltools.gnu-tools-for-stm32.12.3.rel1.win32_1.0.200.202406191623/tools/bin/../lib/gcc/arm-none-eabi/12.3.1/thumb/v7e-m+fp/hard/crti.o
                0x080042bc                _fini
 .fini          0x080042c0        0x8 D:/Software/STM32Cube/STM32CubeIDE/plugins/com.st.stm32cube.ide.mcu.externaltools.gnu-tools-for-stm32.12.3.rel1.win32_1.0.200.202406191623/tools/bin/../lib/gcc/arm-none-eabi/12.3.1/thumb/v7e-m+fp/hard/crtn.o
                0x080042c8                        . = ALIGN (0x4)
                0x080042c8                        _etext = .

.vfp11_veneer   0x080042c8        0x0
 .vfp11_veneer  0x080042c8        0x0 linker stubs

.v4_bx          0x080042c8        0x0
 .v4_bx         0x080042c8        0x0 linker stubs

.iplt           0x080042c8        0x0
 .iplt          0x080042c8        0x0 D:/Software/STM32Cube/STM32CubeIDE/plugins/com.st.stm32cube.ide.mcu.externaltools.gnu-tools-for-stm32.12.3.rel1.win32_1.0.200.202406191623/tools/bin/../lib/gcc/arm-none-eabi/12.3.1/thumb/v7e-m+fp/hard/crtbegin.o

.rodata         0x080042c8      0x7c4
                0x080042c8                        . = ALIGN (0x4)
 *(.rodata)
 .rodata        0x080042c8       0x3d ./Core/User_libs/LCD/LCD.o
 *(.rodata*)
 *fill*         0x08004305        0x3 
 .rodata.AHBPrescTable
                0x08004308       0x10 ./Core/Src/system_stm32f4xx.o
                0x08004308                AHBPrescTable
 .rodata.APBPrescTable
                0x08004318        0x8 ./Core/Src/system_stm32f4xx.o
                0x08004318                APBPrescTable
 .rodata.Font12_Table
                0x08004320      0x474 ./Core/User_libs/Fonts/font12.o
                0x08004320                Font12_Table
 .rodata.Font8_Table
                0x08004794      0x2f8 ./Core/User_libs/Fonts/font8.o
                0x08004794                Font8_Table
                0x08004a8c                        . = ALIGN (0x4)

.ARM.extab      0x08004a8c        0x0
                0x08004a8c                        . = ALIGN (0x4)
 *(.ARM.extab* .gnu.linkonce.armextab.*)
                0x08004a8c                        . = ALIGN (0x4)

.ARM            0x08004a8c        0x8
                0x08004a8c                        . = ALIGN (0x4)
                0x08004a8c                        __exidx_start = .
 *(.ARM.exidx*)
 .ARM.exidx     0x08004a8c        0x8 D:/Software/STM32Cube/STM32CubeIDE/plugins/com.st.stm32cube.ide.mcu.externaltools.gnu-tools-for-stm32.12.3.rel1.win32_1.0.200.202406191623/tools/bin/../lib/gcc/arm-none-eabi/12.3.1/thumb/v7e-m+fp/hard\libgcc.a(_udivmoddi4.o)
                0x08004a94                        __exidx_end = .
                0x08004a94                        . = ALIGN (0x4)

.preinit_array  0x08004a94        0x0
                0x08004a94                        . = ALIGN (0x4)
                0x08004a94                        PROVIDE (__preinit_array_start = .)
 *(.preinit_array*)
                0x08004a94                        PROVIDE (__preinit_array_end = .)
                0x08004a94                        . = ALIGN (0x4)

.init_array     0x08004a94        0x4
                0x08004a94                        . = ALIGN (0x4)
                0x08004a94                        PROVIDE (__init_array_start = .)
 *(SORT_BY_NAME(.init_array.*))
 *(.init_array*)
 .init_array    0x08004a94        0x4 D:/Software/STM32Cube/STM32CubeIDE/plugins/com.st.stm32cube.ide.mcu.externaltools.gnu-tools-for-stm32.12.3.rel1.win32_1.0.200.202406191623/tools/bin/../lib/gcc/arm-none-eabi/12.3.1/thumb/v7e-m+fp/hard/crtbegin.o
                0x08004a98                        PROVIDE (__init_array_end = .)
                0x08004a98                        . = ALIGN (0x4)

.fini_array     0x08004a98        0x4
                0x08004a98                        . = ALIGN (0x4)
                [!provide]                        PROVIDE (__fini_array_start = .)
 *(SORT_BY_NAME(.fini_array.*))
 *(.fini_array*)
 .fini_array    0x08004a98        0x4 D:/Software/STM32Cube/STM32CubeIDE/plugins/com.st.stm32cube.ide.mcu.externaltools.gnu-tools-for-stm32.12.3.rel1.win32_1.0.200.202406191623/tools/bin/../lib/gcc/arm-none-eabi/12.3.1/thumb/v7e-m+fp/hard/crtbegin.o
                [!provide]                        PROVIDE (__fini_array_end = .)
                0x08004a9c                        . = ALIGN (0x4)
                0x08004a9c                        _sidata = LOADADDR (.data)

.rel.dyn        0x08004a9c        0x0
 .rel.iplt      0x08004a9c        0x0 D:/Software/STM32Cube/STM32CubeIDE/plugins/com.st.stm32cube.ide.mcu.externaltools.gnu-tools-for-stm32.12.3.rel1.win32_1.0.200.202406191623/tools/bin/../lib/gcc/arm-none-eabi/12.3.1/thumb/v7e-m+fp/hard/crtbegin.o

.data           0x20000000       0x1c load address 0x08004a9c
                0x20000000                        . = ALIGN (0x4)
                0x20000000                        _sdata = .
 *(.data)
 *(.data*)
 .data.SystemCoreClock
                0x20000000        0x4 ./Core/Src/system_stm32f4xx.o
                0x20000000                SystemCoreClock
 .data.Font12   0x20000004        0x8 ./Core/User_libs/Fonts/font12.o
                0x20000004                Font12
 .data.Font8    0x2000000c        0x8 ./Core/User_libs/Fonts/font8.o
                0x2000000c                Font8
 .data.uwTickPrio
                0x20000014        0x4 ./Drivers/STM32F4xx_HAL_Driver/Src/stm32f4xx_hal.o
                0x20000014                uwTickPrio
 .data.uwTickFreq
                0x20000018        0x1 ./Drivers/STM32F4xx_HAL_Driver/Src/stm32f4xx_hal.o
                0x20000018                uwTickFreq
 *(.RamFunc)
 *(.RamFunc*)
                0x2000001c                        . = ALIGN (0x4)
 *fill*         0x20000019        0x3 
                0x2000001c                        _edata = .

.igot.plt       0x2000001c        0x0 load address 0x08004ab8
 .igot.plt      0x2000001c        0x0 D:/Software/STM32Cube/STM32CubeIDE/plugins/com.st.stm32cube.ide.mcu.externaltools.gnu-tools-for-stm32.12.3.rel1.win32_1.0.200.202406191623/tools/bin/../lib/gcc/arm-none-eabi/12.3.1/thumb/v7e-m+fp/hard/crtbegin.o
                0x2000001c                        . = ALIGN (0x4)

.bss            0x2000001c       0xcc load address 0x08004ab8
                0x2000001c                        _sbss = .
                0x2000001c                        __bss_start__ = _sbss
 *(.bss)
 .bss           0x2000001c       0x1c D:/Software/STM32Cube/STM32CubeIDE/plugins/com.st.stm32cube.ide.mcu.externaltools.gnu-tools-for-stm32.12.3.rel1.win32_1.0.200.202406191623/tools/bin/../lib/gcc/arm-none-eabi/12.3.1/thumb/v7e-m+fp/hard/crtbegin.o
 *(.bss*)
 .bss.hspi3     0x20000038       0x58 ./Core/Src/spi.o
                0x20000038                hspi3
 .bss.huart2    0x20000090       0x48 ./Core/Src/usart.o
                0x20000090                huart2
 .bss.sLCD_DIS  0x200000d8        0xa ./Core/User_libs/LCD/LCD.o
                0x200000d8                sLCD_DIS
 *fill*         0x200000e2        0x2 
 .bss.uwTick    0x200000e4        0x4 ./Drivers/STM32F4xx_HAL_Driver/Src/stm32f4xx_hal.o
                0x200000e4                uwTick
 *(COMMON)
                0x200000e8                        . = ALIGN (0x4)
                0x200000e8                        _ebss = .
                0x200000e8                        __bss_end__ = _ebss

._user_heap_stack
                0x200000e8      0x600 load address 0x08004ab8
                0x200000e8                        . = ALIGN (0x8)
                [!provide]                        PROVIDE (end = .)
                0x200000e8                        PROVIDE (_end = .)
                0x200002e8                        . = (. + _Min_Heap_Size)
 *fill*         0x200000e8      0x200 
                0x200006e8                        . = (. + _Min_Stack_Size)
 *fill*         0x200002e8      0x400 
                0x200006e8                        . = ALIGN (0x8)

/DISCARD/
 libc.a(*)
 libm.a(*)
 libgcc.a(*)

.ARM.attributes
                0x00000000       0x30
 *(.ARM.attributes)
 .ARM.attributes
                0x00000000       0x22 D:/Software/STM32Cube/STM32CubeIDE/plugins/com.st.stm32cube.ide.mcu.externaltools.gnu-tools-for-stm32.12.3.rel1.win32_1.0.200.202406191623/tools/bin/../lib/gcc/arm-none-eabi/12.3.1/thumb/v7e-m+fp/hard/crti.o
 .ARM.attributes
                0x00000022       0x34 D:/Software/STM32Cube/STM32CubeIDE/plugins/com.st.stm32cube.ide.mcu.externaltools.gnu-tools-for-stm32.12.3.rel1.win32_1.0.200.202406191623/tools/bin/../lib/gcc/arm-none-eabi/12.3.1/thumb/v7e-m+fp/hard/crtbegin.o
 .ARM.attributes
                0x00000056       0x34 ./Core/Src/gpio.o
 .ARM.attributes
                0x0000008a       0x34 ./Core/Src/main.o
 .ARM.attributes
                0x000000be       0x34 ./Core/Src/spi.o
 .ARM.attributes
                0x000000f2       0x34 ./Core/Src/stm32f4xx_hal_msp.o
 .ARM.attributes
                0x00000126       0x34 ./Core/Src/stm32f4xx_it.o
 .ARM.attributes
                0x0000015a       0x34 ./Core/Src/system_stm32f4xx.o
 .ARM.attributes
                0x0000018e       0x34 ./Core/Src/usart.o
 .ARM.attributes
                0x000001c2       0x21 ./Core/Startup/startup_stm32f446retx.o
 .ARM.attributes
                0x000001e3       0x34 ./Core/User_libs/Fonts/font12.o
 .ARM.attributes
                0x00000217       0x34 ./Core/User_libs/Fonts/font8.o
 .ARM.attributes
                0x0000024b       0x34 ./Core/User_libs/LCD/DEV_Config.o
 .ARM.attributes
                0x0000027f       0x34 ./Core/User_libs/LCD/LCD.o
 .ARM.attributes
                0x000002b3       0x34 ./Drivers/STM32F4xx_HAL_Driver/Src/stm32f4xx_hal.o
 .ARM.attributes
                0x000002e7       0x34 ./Drivers/STM32F4xx_HAL_Driver/Src/stm32f4xx_hal_cortex.o
 .ARM.attributes
                0x0000031b       0x34 ./Drivers/STM32F4xx_HAL_Driver/Src/stm32f4xx_hal_gpio.o
 .ARM.attributes
                0x0000034f       0x34 ./Drivers/STM32F4xx_HAL_Driver/Src/stm32f4xx_hal_rcc.o
 .ARM.attributes
                0x00000383       0x34 ./Drivers/STM32F4xx_HAL_Driver/Src/stm32f4xx_hal_rcc_ex.o
 .ARM.attributes
                0x000003b7       0x34 ./Drivers/STM32F4xx_HAL_Driver/Src/stm32f4xx_hal_spi.o
 .ARM.attributes
                0x000003eb       0x34 ./Drivers/STM32F4xx_HAL_Driver/Src/stm32f4xx_hal_uart.o
 .ARM.attributes
                0x0000041f       0x34 D:/Software/STM32Cube/STM32CubeIDE/plugins/com.st.stm32cube.ide.mcu.externaltools.gnu-tools-for-stm32.12.3.rel1.win32_1.0.200.202406191623/tools/bin/../lib/gcc/arm-none-eabi/12.3.1/../../../../arm-none-eabi/lib/thumb/v7e-m+fp/hard\libc_nano.a(libc_a-memset.o)
 .ARM.attributes
                0x00000453       0x34 D:/Software/STM32Cube/STM32CubeIDE/plugins/com.st.stm32cube.ide.mcu.externaltools.gnu-tools-for-stm32.12.3.rel1.win32_1.0.200.202406191623/tools/bin/../lib/gcc/arm-none-eabi/12.3.1/../../../../arm-none-eabi/lib/thumb/v7e-m+fp/hard\libc_nano.a(libc_a-init.o)
 .ARM.attributes
                0x00000487       0x22 D:/Software/STM32Cube/STM32CubeIDE/plugins/com.st.stm32cube.ide.mcu.externaltools.gnu-tools-for-stm32.12.3.rel1.win32_1.0.200.202406191623/tools/bin/../lib/gcc/arm-none-eabi/12.3.1/thumb/v7e-m+fp/hard\libgcc.a(_arm_muldf3.o)
 .ARM.attributes
                0x000004a9       0x22 D:/Software/STM32Cube/STM32CubeIDE/plugins/com.st.stm32cube.ide.mcu.externaltools.gnu-tools-for-stm32.12.3.rel1.win32_1.0.200.202406191623/tools/bin/../lib/gcc/arm-none-eabi/12.3.1/thumb/v7e-m+fp/hard\libgcc.a(_arm_addsubdf3.o)
 .ARM.attributes
                0x000004cb       0x22 D:/Software/STM32Cube/STM32CubeIDE/plugins/com.st.stm32cube.ide.mcu.externaltools.gnu-tools-for-stm32.12.3.rel1.win32_1.0.200.202406191623/tools/bin/../lib/gcc/arm-none-eabi/12.3.1/thumb/v7e-m+fp/hard\libgcc.a(_arm_fixunsdfsi.o)
 .ARM.attributes
                0x000004ed       0x22 D:/Software/STM32Cube/STM32CubeIDE/plugins/com.st.stm32cube.ide.mcu.externaltools.gnu-tools-for-stm32.12.3.rel1.win32_1.0.200.202406191623/tools/bin/../lib/gcc/arm-none-eabi/12.3.1/thumb/v7e-m+fp/hard\libgcc.a(_aeabi_uldivmod.o)
 .ARM.attributes
                0x0000050f       0x34 D:/Software/STM32Cube/STM32CubeIDE/plugins/com.st.stm32cube.ide.mcu.externaltools.gnu-tools-for-stm32.12.3.rel1.win32_1.0.200.202406191623/tools/bin/../lib/gcc/arm-none-eabi/12.3.1/thumb/v7e-m+fp/hard\libgcc.a(_udivmoddi4.o)
 .ARM.attributes
                0x00000543       0x22 D:/Software/STM32Cube/STM32CubeIDE/plugins/com.st.stm32cube.ide.mcu.externaltools.gnu-tools-for-stm32.12.3.rel1.win32_1.0.200.202406191623/tools/bin/../lib/gcc/arm-none-eabi/12.3.1/thumb/v7e-m+fp/hard\libgcc.a(_dvmd_tls.o)
 .ARM.attributes
                0x00000565       0x22 D:/Software/STM32Cube/STM32CubeIDE/plugins/com.st.stm32cube.ide.mcu.externaltools.gnu-tools-for-stm32.12.3.rel1.win32_1.0.200.202406191623/tools/bin/../lib/gcc/arm-none-eabi/12.3.1/thumb/v7e-m+fp/hard/crtn.o
OUTPUT(NUCLEO-F446RE_prototypes.elf elf32-littlearm)
LOAD linker stubs
LOAD D:/Software/STM32Cube/STM32CubeIDE/plugins/com.st.stm32cube.ide.mcu.externaltools.gnu-tools-for-stm32.12.3.rel1.win32_1.0.200.202406191623/tools/bin/../lib/gcc/arm-none-eabi/12.3.1/../../../../arm-none-eabi/lib/thumb/v7e-m+fp/hard\libc.a
LOAD D:/Software/STM32Cube/STM32CubeIDE/plugins/com.st.stm32cube.ide.mcu.externaltools.gnu-tools-for-stm32.12.3.rel1.win32_1.0.200.202406191623/tools/bin/../lib/gcc/arm-none-eabi/12.3.1/../../../../arm-none-eabi/lib/thumb/v7e-m+fp/hard\libm.a
LOAD D:/Software/STM32Cube/STM32CubeIDE/plugins/com.st.stm32cube.ide.mcu.externaltools.gnu-tools-for-stm32.12.3.rel1.win32_1.0.200.202406191623/tools/bin/../lib/gcc/arm-none-eabi/12.3.1/thumb/v7e-m+fp/hard\libgcc.a

.debug_info     0x00000000     0xb0a8
 .debug_info    0x00000000      0x439 ./Core/Src/gpio.o
 .debug_info    0x00000439      0x578 ./Core/Src/main.o
 .debug_info    0x000009b1      0x97d ./Core/Src/spi.o
 .debug_info    0x0000132e      0x2ac ./Core/Src/stm32f4xx_hal_msp.o
 .debug_info    0x000015da      0x112 ./Core/Src/stm32f4xx_it.o
 .debug_info    0x000016ec      0x54a ./Core/Src/system_stm32f4xx.o
 .debug_info    0x00001c36      0x94d ./Core/Src/usart.o
 .debug_info    0x00002583       0x30 ./Core/Startup/startup_stm32f446retx.o
 .debug_info    0x000025b3      0x125 ./Core/User_libs/Fonts/font12.o
 .debug_info    0x000026d8      0x125 ./Core/User_libs/Fonts/font8.o
 .debug_info    0x000027fd      0x6cc ./Core/User_libs/LCD/DEV_Config.o
 .debug_info    0x00002ec9      0xcdb ./Core/User_libs/LCD/LCD.o
 .debug_info    0x00003ba4      0x99a ./Drivers/STM32F4xx_HAL_Driver/Src/stm32f4xx_hal.o
 .debug_info    0x0000453e      0xdaa ./Drivers/STM32F4xx_HAL_Driver/Src/stm32f4xx_hal_cortex.o
 .debug_info    0x000052e8      0x70b ./Drivers/STM32F4xx_HAL_Driver/Src/stm32f4xx_hal_gpio.o
 .debug_info    0x000059f3      0x8eb ./Drivers/STM32F4xx_HAL_Driver/Src/stm32f4xx_hal_rcc.o
 .debug_info    0x000062de      0x956 ./Drivers/STM32F4xx_HAL_Driver/Src/stm32f4xx_hal_rcc_ex.o
 .debug_info    0x00006c34     0x1525 ./Drivers/STM32F4xx_HAL_Driver/Src/stm32f4xx_hal_spi.o
 .debug_info    0x00008159     0x2f4f ./Drivers/STM32F4xx_HAL_Driver/Src/stm32f4xx_hal_uart.o

.debug_abbrev   0x00000000     0x20d7
 .debug_abbrev  0x00000000      0x152 ./Core/Src/gpio.o
 .debug_abbrev  0x00000152      0x1f1 ./Core/Src/main.o
 .debug_abbrev  0x00000343      0x1fa ./Core/Src/spi.o
 .debug_abbrev  0x0000053d       0xf4 ./Core/Src/stm32f4xx_hal_msp.o
 .debug_abbrev  0x00000631       0x73 ./Core/Src/stm32f4xx_it.o
 .debug_abbrev  0x000006a4      0x11a ./Core/Src/system_stm32f4xx.o
 .debug_abbrev  0x000007be      0x1f9 ./Core/Src/usart.o
 .debug_abbrev  0x000009b7       0x24 ./Core/Startup/startup_stm32f446retx.o
 .debug_abbrev  0x000009db       0xb1 ./Core/User_libs/Fonts/font12.o
 .debug_abbrev  0x00000a8c       0xb1 ./Core/User_libs/Fonts/font8.o
 .debug_abbrev  0x00000b3d      0x201 ./Core/User_libs/LCD/DEV_Config.o
 .debug_abbrev  0x00000d3e      0x24b ./Core/User_libs/LCD/LCD.o
 .debug_abbrev  0x00000f89      0x214 ./Drivers/STM32F4xx_HAL_Driver/Src/stm32f4xx_hal.o
 .debug_abbrev  0x0000119d      0x31d ./Drivers/STM32F4xx_HAL_Driver/Src/stm32f4xx_hal_cortex.o
 .debug_abbrev  0x000014ba      0x1d4 ./Drivers/STM32F4xx_HAL_Driver/Src/stm32f4xx_hal_gpio.o
 .debug_abbrev  0x0000168e      0x2b7 ./Drivers/STM32F4xx_HAL_Driver/Src/stm32f4xx_hal_rcc.o
 .debug_abbrev  0x00001945      0x20a ./Drivers/STM32F4xx_HAL_Driver/Src/stm32f4xx_hal_rcc_ex.o
 .debug_abbrev  0x00001b4f      0x27a ./Drivers/STM32F4xx_HAL_Driver/Src/stm32f4xx_hal_spi.o
 .debug_abbrev  0x00001dc9      0x30e ./Drivers/STM32F4xx_HAL_Driver/Src/stm32f4xx_hal_uart.o

.debug_aranges  0x00000000      0xa00
 .debug_aranges
                0x00000000       0x20 ./Core/Src/gpio.o
 .debug_aranges
                0x00000020       0x30 ./Core/Src/main.o
 .debug_aranges
                0x00000050       0x30 ./Core/Src/spi.o
 .debug_aranges
                0x00000080       0x20 ./Core/Src/stm32f4xx_hal_msp.o
 .debug_aranges
                0x000000a0       0x60 ./Core/Src/stm32f4xx_it.o
 .debug_aranges
                0x00000100       0x28 ./Core/Src/system_stm32f4xx.o
 .debug_aranges
                0x00000128       0x30 ./Core/Src/usart.o
 .debug_aranges
                0x00000158       0x28 ./Core/Startup/startup_stm32f446retx.o
 .debug_aranges
                0x00000180       0x18 ./Core/User_libs/Fonts/font12.o
 .debug_aranges
                0x00000198       0x18 ./Core/User_libs/Fonts/font8.o
 .debug_aranges
                0x000001b0       0x38 ./Core/User_libs/LCD/DEV_Config.o
 .debug_aranges
                0x000001e8       0xc8 ./Core/User_libs/LCD/LCD.o
 .debug_aranges
                0x000002b0       0xf0 ./Drivers/STM32F4xx_HAL_Driver/Src/stm32f4xx_hal.o
 .debug_aranges
                0x000003a0      0x130 ./Drivers/STM32F4xx_HAL_Driver/Src/stm32f4xx_hal_cortex.o
 .debug_aranges
                0x000004d0       0x58 ./Drivers/STM32F4xx_HAL_Driver/Src/stm32f4xx_hal_gpio.o
 .debug_aranges
                0x00000528       0x88 ./Drivers/STM32F4xx_HAL_Driver/Src/stm32f4xx_hal_rcc.o
 .debug_aranges
                0x000005b0       0x78 ./Drivers/STM32F4xx_HAL_Driver/Src/stm32f4xx_hal_rcc_ex.o
 .debug_aranges
                0x00000628      0x1d0 ./Drivers/STM32F4xx_HAL_Driver/Src/stm32f4xx_hal_spi.o
 .debug_aranges
                0x000007f8      0x208 ./Drivers/STM32F4xx_HAL_Driver/Src/stm32f4xx_hal_uart.o

.debug_rnglists
                0x00000000      0x77b
 .debug_rnglists
                0x00000000       0x14 ./Core/Src/gpio.o
 .debug_rnglists
                0x00000014       0x20 ./Core/Src/main.o
 .debug_rnglists
                0x00000034       0x20 ./Core/Src/spi.o
 .debug_rnglists
                0x00000054       0x13 ./Core/Src/stm32f4xx_hal_msp.o
 .debug_rnglists
                0x00000067       0x43 ./Core/Src/stm32f4xx_it.o
 .debug_rnglists
                0x000000aa       0x1a ./Core/Src/system_stm32f4xx.o
 .debug_rnglists
                0x000000c4       0x20 ./Core/Src/usart.o
 .debug_rnglists
                0x000000e4       0x19 ./Core/Startup/startup_stm32f446retx.o
 .debug_rnglists
                0x000000fd       0x25 ./Core/User_libs/LCD/DEV_Config.o
 .debug_rnglists
                0x00000122       0x9c ./Core/User_libs/LCD/LCD.o
 .debug_rnglists
                0x000001be       0xaf ./Drivers/STM32F4xx_HAL_Driver/Src/stm32f4xx_hal.o
 .debug_rnglists
                0x0000026d       0xe0 ./Drivers/STM32F4xx_HAL_Driver/Src/stm32f4xx_hal_cortex.o
 .debug_rnglists
                0x0000034d       0x3f ./Drivers/STM32F4xx_HAL_Driver/Src/stm32f4xx_hal_gpio.o
 .debug_rnglists
                0x0000038c       0x66 ./Drivers/STM32F4xx_HAL_Driver/Src/stm32f4xx_hal_rcc.o
 .debug_rnglists
                0x000003f2       0x5e ./Drivers/STM32F4xx_HAL_Driver/Src/stm32f4xx_hal_rcc_ex.o
 .debug_rnglists
                0x00000450      0x16f ./Drivers/STM32F4xx_HAL_Driver/Src/stm32f4xx_hal_spi.o
 .debug_rnglists
                0x000005bf      0x1bc ./Drivers/STM32F4xx_HAL_Driver/Src/stm32f4xx_hal_uart.o

.debug_macro    0x00000000    0x2169a
 .debug_macro   0x00000000      0x1dd ./Core/Src/gpio.o
 .debug_macro   0x000001dd      0xab4 ./Core/Src/gpio.o
 .debug_macro   0x00000c91      0x29b ./Core/Src/gpio.o
 .debug_macro   0x00000f2c       0x2e ./Core/Src/gpio.o
 .debug_macro   0x00000f5a       0x28 ./Core/Src/gpio.o
 .debug_macro   0x00000f82       0x22 ./Core/Src/gpio.o
 .debug_macro   0x00000fa4       0x8e ./Core/Src/gpio.o
 .debug_macro   0x00001032       0x51 ./Core/Src/gpio.o
 .debug_macro   0x00001083      0x103 ./Core/Src/gpio.o
 .debug_macro   0x00001186       0x6a ./Core/Src/gpio.o
 .debug_macro   0x000011f0      0x1df ./Core/Src/gpio.o
 .debug_macro   0x000013cf       0x1c ./Core/Src/gpio.o
 .debug_macro   0x000013eb       0x22 ./Core/Src/gpio.o
 .debug_macro   0x0000140d       0xfb ./Core/Src/gpio.o
 .debug_macro   0x00001508     0x1011 ./Core/Src/gpio.o
 .debug_macro   0x00002519      0x11f ./Core/Src/gpio.o
 .debug_macro   0x00002638    0x16749 ./Core/Src/gpio.o
 .debug_macro   0x00018d81       0x6d ./Core/Src/gpio.o
 .debug_macro   0x00018dee     0x369a ./Core/Src/gpio.o
 .debug_macro   0x0001c488      0x189 ./Core/Src/gpio.o
 .debug_macro   0x0001c611       0x5c ./Core/Src/gpio.o
 .debug_macro   0x0001c66d      0xca5 ./Core/Src/gpio.o
 .debug_macro   0x0001d312      0x9e9 ./Core/Src/gpio.o
 .debug_macro   0x0001dcfb      0x115 ./Core/Src/gpio.o
 .debug_macro   0x0001de10      0x1a0 ./Core/Src/gpio.o
 .debug_macro   0x0001dfb0       0xa5 ./Core/Src/gpio.o
 .debug_macro   0x0001e055      0x16d ./Core/Src/gpio.o
 .debug_macro   0x0001e1c2      0x287 ./Core/Src/gpio.o
 .debug_macro   0x0001e449       0x5f ./Core/Src/gpio.o
 .debug_macro   0x0001e4a8      0x236 ./Core/Src/gpio.o
 .debug_macro   0x0001e6de      0x132 ./Core/Src/gpio.o
 .debug_macro   0x0001e810      0x29c ./Core/Src/gpio.o
 .debug_macro   0x0001eaac       0x2e ./Core/Src/gpio.o
 .debug_macro   0x0001eada      0x127 ./Core/Src/gpio.o
 .debug_macro   0x0001ec01       0xe8 ./Core/Src/gpio.o
 .debug_macro   0x0001ece9       0x89 ./Core/Src/gpio.o
 .debug_macro   0x0001ed72      0x225 ./Core/Src/gpio.o
 .debug_macro   0x0001ef97      0x2aa ./Core/Src/gpio.o
 .debug_macro   0x0001f241      0x126 ./Core/Src/gpio.o
 .debug_macro   0x0001f367       0xac ./Core/Src/gpio.o
 .debug_macro   0x0001f413      0x21f ./Core/Src/main.o
 .debug_macro   0x0001f632       0x28 ./Core/Src/main.o
 .debug_macro   0x0001f65a       0x1c ./Core/Src/main.o
 .debug_macro   0x0001f676       0xb9 ./Core/Src/main.o
 .debug_macro   0x0001f72f       0x34 ./Core/Src/main.o
 .debug_macro   0x0001f763      0x1dd ./Core/Src/spi.o
 .debug_macro   0x0001f940      0x1d3 ./Core/Src/stm32f4xx_hal_msp.o
 .debug_macro   0x0001fb13      0x1dd ./Core/Src/stm32f4xx_it.o
 .debug_macro   0x0001fcf0      0x1c4 ./Core/Src/system_stm32f4xx.o
 .debug_macro   0x0001feb4      0x1dd ./Core/Src/usart.o
 .debug_macro   0x00020091       0x6c ./Core/User_libs/Fonts/font12.o
 .debug_macro   0x000200fd       0x6c ./Core/User_libs/Fonts/font8.o
 .debug_macro   0x00020169      0x325 ./Core/User_libs/LCD/DEV_Config.o
 .debug_macro   0x0002048e       0xb2 ./Core/User_libs/LCD/DEV_Config.o
 .debug_macro   0x00020540       0x22 ./Core/User_libs/LCD/DEV_Config.o
 .debug_macro   0x00020562       0x34 ./Core/User_libs/LCD/DEV_Config.o
 .debug_macro   0x00020596       0x61 ./Core/User_libs/LCD/DEV_Config.o
 .debug_macro   0x000205f7       0x1c ./Core/User_libs/LCD/DEV_Config.o
 .debug_macro   0x00020613       0x16 ./Core/User_libs/LCD/DEV_Config.o
 .debug_macro   0x00020629       0x20 ./Core/User_libs/LCD/DEV_Config.o
 .debug_macro   0x00020649      0x309 ./Core/User_libs/LCD/LCD.o
 .debug_macro   0x00020952       0x52 ./Core/User_libs/LCD/LCD.o
 .debug_macro   0x000209a4      0x224 ./Drivers/STM32F4xx_HAL_Driver/Src/stm32f4xx_hal.o
 .debug_macro   0x00020bc8      0x1c4 ./Drivers/STM32F4xx_HAL_Driver/Src/stm32f4xx_hal_cortex.o
 .debug_macro   0x00020d8c      0x1ca ./Drivers/STM32F4xx_HAL_Driver/Src/stm32f4xx_hal_gpio.o
 .debug_macro   0x00020f56      0x1e8 ./Drivers/STM32F4xx_HAL_Driver/Src/stm32f4xx_hal_rcc.o
 .debug_macro   0x0002113e      0x1c4 ./Drivers/STM32F4xx_HAL_Driver/Src/stm32f4xx_hal_rcc_ex.o
 .debug_macro   0x00021302      0x1d3 ./Drivers/STM32F4xx_HAL_Driver/Src/stm32f4xx_hal_spi.o
 .debug_macro   0x000214d5      0x1c5 ./Drivers/STM32F4xx_HAL_Driver/Src/stm32f4xx_hal_uart.o

.debug_line     0x00000000     0xe36c
 .debug_line    0x00000000      0x75a ./Core/Src/gpio.o
 .debug_line    0x0000075a      0x880 ./Core/Src/main.o
 .debug_line    0x00000fda      0x7a6 ./Core/Src/spi.o
 .debug_line    0x00001780      0x726 ./Core/Src/stm32f4xx_hal_msp.o
 .debug_line    0x00001ea6      0x7e7 ./Core/Src/stm32f4xx_it.o
 .debug_line    0x0000268d      0x7a9 ./Core/Src/system_stm32f4xx.o
 .debug_line    0x00002e36      0x78e ./Core/Src/usart.o
 .debug_line    0x000035c4       0x7a ./Core/Startup/startup_stm32f446retx.o
 .debug_line    0x0000363e      0x403 ./Core/User_libs/Fonts/font12.o
 .debug_line    0x00003a41      0x402 ./Core/User_libs/Fonts/font8.o
 .debug_line    0x00003e43      0x99d ./Core/User_libs/LCD/DEV_Config.o
 .debug_line    0x000047e0     0x1116 ./Core/User_libs/LCD/LCD.o
 .debug_line    0x000058f6      0xa12 ./Drivers/STM32F4xx_HAL_Driver/Src/stm32f4xx_hal.o
 .debug_line    0x00006308      0xd04 ./Drivers/STM32F4xx_HAL_Driver/Src/stm32f4xx_hal_cortex.o
 .debug_line    0x0000700c      0xb8a ./Drivers/STM32F4xx_HAL_Driver/Src/stm32f4xx_hal_gpio.o
 .debug_line    0x00007b96      0xda9 ./Drivers/STM32F4xx_HAL_Driver/Src/stm32f4xx_hal_rcc.o
 .debug_line    0x0000893f     0x1419 ./Drivers/STM32F4xx_HAL_Driver/Src/stm32f4xx_hal_rcc_ex.o
 .debug_line    0x00009d58     0x1d30 ./Drivers/STM32F4xx_HAL_Driver/Src/stm32f4xx_hal_spi.o
 .debug_line    0x0000ba88     0x28e4 ./Drivers/STM32F4xx_HAL_Driver/Src/stm32f4xx_hal_uart.o

.debug_str      0x00000000    0xcae5f
 .debug_str     0x00000000    0xc3b77 ./Core/Src/gpio.o
                              0xc3e0f (size before relaxing)
 .debug_str     0x000c3b77      0x865 ./Core/Src/main.o
                              0xc45ab (size before relaxing)
 .debug_str     0x000c43dc      0x433 ./Core/Src/spi.o
                              0xc429b (size before relaxing)
 .debug_str     0x000c480f       0x49 ./Core/Src/stm32f4xx_hal_msp.o
                              0xc3d61 (size before relaxing)
 .debug_str     0x000c4858       0xc9 ./Core/Src/stm32f4xx_it.o
                              0xc3ca5 (size before relaxing)
 .debug_str     0x000c4921       0xdb ./Core/Src/system_stm32f4xx.o
                              0xc3b7f (size before relaxing)
 .debug_str     0x000c49fc      0x1e4 ./Core/Src/usart.o
                              0xc42cc (size before relaxing)
 .debug_str     0x000c4be0       0x44 ./Core/Startup/startup_stm32f446retx.o
                                 0x83 (size before relaxing)
 .debug_str     0x000c4c24       0x55 ./Core/User_libs/Fonts/font12.o
                               0x3dba (size before relaxing)
 .debug_str     0x000c4c79       0x32 ./Core/User_libs/Fonts/font8.o
                               0x3db7 (size before relaxing)
 .debug_str     0x000c4cab     0x3c37 ./Core/User_libs/LCD/DEV_Config.o
                              0xc82da (size before relaxing)
 .debug_str     0x000c88e2      0x4c1 ./Core/User_libs/LCD/LCD.o
                              0xc7f45 (size before relaxing)
 .debug_str     0x000c8da3      0xb07 ./Drivers/STM32F4xx_HAL_Driver/Src/stm32f4xx_hal.o
                              0xc4744 (size before relaxing)
 .debug_str     0x000c98aa      0x388 ./Drivers/STM32F4xx_HAL_Driver/Src/stm32f4xx_hal_cortex.o
                              0xc449b (size before relaxing)
 .debug_str     0x000c9c32      0x121 ./Drivers/STM32F4xx_HAL_Driver/Src/stm32f4xx_hal_gpio.o
                              0xc3cfa (size before relaxing)
 .debug_str     0x000c9d53      0x233 ./Drivers/STM32F4xx_HAL_Driver/Src/stm32f4xx_hal_rcc.o
                              0xc3fb8 (size before relaxing)
 .debug_str     0x000c9f86      0x324 ./Drivers/STM32F4xx_HAL_Driver/Src/stm32f4xx_hal_rcc_ex.o
                              0xc3feb (size before relaxing)
 .debug_str     0x000ca2aa      0x590 ./Drivers/STM32F4xx_HAL_Driver/Src/stm32f4xx_hal_spi.o
                              0xc4418 (size before relaxing)
 .debug_str     0x000ca83a      0x625 ./Drivers/STM32F4xx_HAL_Driver/Src/stm32f4xx_hal_uart.o
                              0xc456f (size before relaxing)

.comment        0x00000000       0x43
 .comment       0x00000000       0x43 ./Core/Src/gpio.o
                                 0x44 (size before relaxing)
 .comment       0x00000043       0x44 ./Core/Src/main.o
 .comment       0x00000043       0x44 ./Core/Src/spi.o
 .comment       0x00000043       0x44 ./Core/Src/stm32f4xx_hal_msp.o
 .comment       0x00000043       0x44 ./Core/Src/stm32f4xx_it.o
 .comment       0x00000043       0x44 ./Core/Src/system_stm32f4xx.o
 .comment       0x00000043       0x44 ./Core/Src/usart.o
 .comment       0x00000043       0x44 ./Core/User_libs/Fonts/font12.o
 .comment       0x00000043       0x44 ./Core/User_libs/Fonts/font8.o
 .comment       0x00000043       0x44 ./Core/User_libs/LCD/DEV_Config.o
 .comment       0x00000043       0x44 ./Core/User_libs/LCD/LCD.o
 .comment       0x00000043       0x44 ./Drivers/STM32F4xx_HAL_Driver/Src/stm32f4xx_hal.o
 .comment       0x00000043       0x44 ./Drivers/STM32F4xx_HAL_Driver/Src/stm32f4xx_hal_cortex.o
 .comment       0x00000043       0x44 ./Drivers/STM32F4xx_HAL_Driver/Src/stm32f4xx_hal_gpio.o
 .comment       0x00000043       0x44 ./Drivers/STM32F4xx_HAL_Driver/Src/stm32f4xx_hal_rcc.o
 .comment       0x00000043       0x44 ./Drivers/STM32F4xx_HAL_Driver/Src/stm32f4xx_hal_rcc_ex.o
 .comment       0x00000043       0x44 ./Drivers/STM32F4xx_HAL_Driver/Src/stm32f4xx_hal_spi.o
 .comment       0x00000043       0x44 ./Drivers/STM32F4xx_HAL_Driver/Src/stm32f4xx_hal_uart.o

.debug_frame    0x00000000     0x27cc
 .debug_frame   0x00000000       0x34 ./Core/Src/gpio.o
 .debug_frame   0x00000034       0x6c ./Core/Src/main.o
 .debug_frame   0x000000a0       0x74 ./Core/Src/spi.o
 .debug_frame   0x00000114       0x34 ./Core/Src/stm32f4xx_hal_msp.o
 .debug_frame   0x00000148      0x104 ./Core/Src/stm32f4xx_it.o
 .debug_frame   0x0000024c       0x58 ./Core/Src/system_stm32f4xx.o
 .debug_frame   0x000002a4       0x74 ./Core/Src/usart.o
 .debug_frame   0x00000318       0xa4 ./Core/User_libs/LCD/DEV_Config.o
 .debug_frame   0x000003bc      0x344 ./Core/User_libs/LCD/LCD.o
 .debug_frame   0x00000700      0x374 ./Drivers/STM32F4xx_HAL_Driver/Src/stm32f4xx_hal.o
 .debug_frame   0x00000a74      0x508 ./Drivers/STM32F4xx_HAL_Driver/Src/stm32f4xx_hal_cortex.o
 .debug_frame   0x00000f7c      0x14c ./Drivers/STM32F4xx_HAL_Driver/Src/stm32f4xx_hal_gpio.o
 .debug_frame   0x000010c8      0x1f4 ./Drivers/STM32F4xx_HAL_Driver/Src/stm32f4xx_hal_rcc.o
 .debug_frame   0x000012bc      0x1e8 ./Drivers/STM32F4xx_HAL_Driver/Src/stm32f4xx_hal_rcc_ex.o
 .debug_frame   0x000014a4      0x828 ./Drivers/STM32F4xx_HAL_Driver/Src/stm32f4xx_hal_spi.o
 .debug_frame   0x00001ccc      0x954 ./Drivers/STM32F4xx_HAL_Driver/Src/stm32f4xx_hal_uart.o
 .debug_frame   0x00002620       0x20 D:/Software/STM32Cube/STM32CubeIDE/plugins/com.st.stm32cube.ide.mcu.externaltools.gnu-tools-for-stm32.12.3.rel1.win32_1.0.200.202406191623/tools/bin/../lib/gcc/arm-none-eabi/12.3.1/../../../../arm-none-eabi/lib/thumb/v7e-m+fp/hard\libc_nano.a(libc_a-memset.o)
 .debug_frame   0x00002640       0x2c D:/Software/STM32Cube/STM32CubeIDE/plugins/com.st.stm32cube.ide.mcu.externaltools.gnu-tools-for-stm32.12.3.rel1.win32_1.0.200.202406191623/tools/bin/../lib/gcc/arm-none-eabi/12.3.1/../../../../arm-none-eabi/lib/thumb/v7e-m+fp/hard\libc_nano.a(libc_a-init.o)
 .debug_frame   0x0000266c       0x30 D:/Software/STM32Cube/STM32CubeIDE/plugins/com.st.stm32cube.ide.mcu.externaltools.gnu-tools-for-stm32.12.3.rel1.win32_1.0.200.202406191623/tools/bin/../lib/gcc/arm-none-eabi/12.3.1/thumb/v7e-m+fp/hard\libgcc.a(_arm_muldf3.o)
 .debug_frame   0x0000269c       0xac D:/Software/STM32Cube/STM32CubeIDE/plugins/com.st.stm32cube.ide.mcu.externaltools.gnu-tools-for-stm32.12.3.rel1.win32_1.0.200.202406191623/tools/bin/../lib/gcc/arm-none-eabi/12.3.1/thumb/v7e-m+fp/hard\libgcc.a(_arm_addsubdf3.o)
 .debug_frame   0x00002748       0x24 D:/Software/STM32Cube/STM32CubeIDE/plugins/com.st.stm32cube.ide.mcu.externaltools.gnu-tools-for-stm32.12.3.rel1.win32_1.0.200.202406191623/tools/bin/../lib/gcc/arm-none-eabi/12.3.1/thumb/v7e-m+fp/hard\libgcc.a(_arm_fixunsdfsi.o)
 .debug_frame   0x0000276c       0x2c D:/Software/STM32Cube/STM32CubeIDE/plugins/com.st.stm32cube.ide.mcu.externaltools.gnu-tools-for-stm32.12.3.rel1.win32_1.0.200.202406191623/tools/bin/../lib/gcc/arm-none-eabi/12.3.1/thumb/v7e-m+fp/hard\libgcc.a(_aeabi_uldivmod.o)
 .debug_frame   0x00002798       0x34 D:/Software/STM32Cube/STM32CubeIDE/plugins/com.st.stm32cube.ide.mcu.externaltools.gnu-tools-for-stm32.12.3.rel1.win32_1.0.200.202406191623/tools/bin/../lib/gcc/arm-none-eabi/12.3.1/thumb/v7e-m+fp/hard\libgcc.a(_udivmoddi4.o)

.debug_line_str
                0x00000000       0x67
 .debug_line_str
                0x00000000       0x67 ./Core/Startup/startup_stm32f446retx.o
