Archive member included to satisfy reference by file (symbol)

D:/Software/STM32Cube/STM32CubeIDE/plugins/com.st.stm32cube.ide.mcu.externaltools.gnu-tools-for-stm32.12.3.rel1.win32_1.0.200.202406191623/tools/bin/../lib/gcc/arm-none-eabi/12.3.1/../../../../arm-none-eabi/lib/thumb/v7e-m+fp/hard\libc_nano.a(libc_a-exit.o)
                              D:/Software/STM32Cube/STM32CubeIDE/plugins/com.st.stm32cube.ide.mcu.externaltools.gnu-tools-for-stm32.12.3.rel1.win32_1.0.200.202406191623/tools/bin/../lib/gcc/arm-none-eabi/12.3.1/../../../../arm-none-eabi/lib/thumb/v7e-m+fp/hard/crt0.o (exit)
D:/Software/STM32Cube/STM32CubeIDE/plugins/com.st.stm32cube.ide.mcu.externaltools.gnu-tools-for-stm32.12.3.rel1.win32_1.0.200.202406191623/tools/bin/../lib/gcc/arm-none-eabi/12.3.1/../../../../arm-none-eabi/lib/thumb/v7e-m+fp/hard\libc_nano.a(libc_a-nano-vfprintf_float.o)
                              (_printf_float)
D:/Software/STM32Cube/STM32CubeIDE/plugins/com.st.stm32cube.ide.mcu.externaltools.gnu-tools-for-stm32.12.3.rel1.win32_1.0.200.202406191623/tools/bin/../lib/gcc/arm-none-eabi/12.3.1/../../../../arm-none-eabi/lib/thumb/v7e-m+fp/hard\libc_nano.a(libc_a-nano-vfprintf_i.o)
                              D:/Software/STM32Cube/STM32CubeIDE/plugins/com.st.stm32cube.ide.mcu.externaltools.gnu-tools-for-stm32.12.3.rel1.win32_1.0.200.202406191623/tools/bin/../lib/gcc/arm-none-eabi/12.3.1/../../../../arm-none-eabi/lib/thumb/v7e-m+fp/hard\libc_nano.a(libc_a-nano-vfprintf_float.o) (_printf_common)
D:/Software/STM32Cube/STM32CubeIDE/plugins/com.st.stm32cube.ide.mcu.externaltools.gnu-tools-for-stm32.12.3.rel1.win32_1.0.200.202406191623/tools/bin/../lib/gcc/arm-none-eabi/12.3.1/../../../../arm-none-eabi/lib/thumb/v7e-m+fp/hard\libc_nano.a(libc_a-nano-vfscanf_float.o)
                              (_scanf_float)
D:/Software/STM32Cube/STM32CubeIDE/plugins/com.st.stm32cube.ide.mcu.externaltools.gnu-tools-for-stm32.12.3.rel1.win32_1.0.200.202406191623/tools/bin/../lib/gcc/arm-none-eabi/12.3.1/../../../../arm-none-eabi/lib/thumb/v7e-m+fp/hard\libc_nano.a(libc_a-findfp.o)
                              D:/Software/STM32Cube/STM32CubeIDE/plugins/com.st.stm32cube.ide.mcu.externaltools.gnu-tools-for-stm32.12.3.rel1.win32_1.0.200.202406191623/tools/bin/../lib/gcc/arm-none-eabi/12.3.1/../../../../arm-none-eabi/lib/thumb/v7e-m+fp/hard\libc_nano.a(libc_a-exit.o) (__stdio_exit_handler)
D:/Software/STM32Cube/STM32CubeIDE/plugins/com.st.stm32cube.ide.mcu.externaltools.gnu-tools-for-stm32.12.3.rel1.win32_1.0.200.202406191623/tools/bin/../lib/gcc/arm-none-eabi/12.3.1/../../../../arm-none-eabi/lib/thumb/v7e-m+fp/hard\libc_nano.a(libc_a-fwalk.o)
                              D:/Software/STM32Cube/STM32CubeIDE/plugins/com.st.stm32cube.ide.mcu.externaltools.gnu-tools-for-stm32.12.3.rel1.win32_1.0.200.202406191623/tools/bin/../lib/gcc/arm-none-eabi/12.3.1/../../../../arm-none-eabi/lib/thumb/v7e-m+fp/hard\libc_nano.a(libc_a-findfp.o) (_fwalk_sglue)
D:/Software/STM32Cube/STM32CubeIDE/plugins/com.st.stm32cube.ide.mcu.externaltools.gnu-tools-for-stm32.12.3.rel1.win32_1.0.200.202406191623/tools/bin/../lib/gcc/arm-none-eabi/12.3.1/../../../../arm-none-eabi/lib/thumb/v7e-m+fp/hard\libc_nano.a(libc_a-snprintf.o)
                              ./Core/Src/main.o (snprintf)
D:/Software/STM32Cube/STM32CubeIDE/plugins/com.st.stm32cube.ide.mcu.externaltools.gnu-tools-for-stm32.12.3.rel1.win32_1.0.200.202406191623/tools/bin/../lib/gcc/arm-none-eabi/12.3.1/../../../../arm-none-eabi/lib/thumb/v7e-m+fp/hard\libc_nano.a(libc_a-sprintf.o)
                              D:/Software/STM32Cube/STM32CubeIDE/plugins/com.st.stm32cube.ide.mcu.externaltools.gnu-tools-for-stm32.12.3.rel1.win32_1.0.200.202406191623/tools/bin/../lib/gcc/arm-none-eabi/12.3.1/../../../../arm-none-eabi/lib/thumb/v7e-m+fp/hard\libc_nano.a(libc_a-nano-vfscanf_float.o) (sprintf)
D:/Software/STM32Cube/STM32CubeIDE/plugins/com.st.stm32cube.ide.mcu.externaltools.gnu-tools-for-stm32.12.3.rel1.win32_1.0.200.202406191623/tools/bin/../lib/gcc/arm-none-eabi/12.3.1/../../../../arm-none-eabi/lib/thumb/v7e-m+fp/hard\libc_nano.a(libc_a-stdio.o)
                              D:/Software/STM32Cube/STM32CubeIDE/plugins/com.st.stm32cube.ide.mcu.externaltools.gnu-tools-for-stm32.12.3.rel1.win32_1.0.200.202406191623/tools/bin/../lib/gcc/arm-none-eabi/12.3.1/../../../../arm-none-eabi/lib/thumb/v7e-m+fp/hard\libc_nano.a(libc_a-findfp.o) (__sread)
D:/Software/STM32Cube/STM32CubeIDE/plugins/com.st.stm32cube.ide.mcu.externaltools.gnu-tools-for-stm32.12.3.rel1.win32_1.0.200.202406191623/tools/bin/../lib/gcc/arm-none-eabi/12.3.1/../../../../arm-none-eabi/lib/thumb/v7e-m+fp/hard\libc_nano.a(libc_a-memset.o)
                              D:/Software/STM32Cube/STM32CubeIDE/plugins/com.st.stm32cube.ide.mcu.externaltools.gnu-tools-for-stm32.12.3.rel1.win32_1.0.200.202406191623/tools/bin/../lib/gcc/arm-none-eabi/12.3.1/../../../../arm-none-eabi/lib/thumb/v7e-m+fp/hard/crt0.o (memset)
[...]
Memory Configuration

Name             Origin             Length             Attributes
RAM              0x20000000         0x00020000         xrw
FLASH            0x08000000         0x00080000         xr
*default*        0x00000000         0xffffffff

Linker script and memory map

LOAD D:/Software/STM32Cube/STM32CubeIDE/plugins/com.st.stm32cube.ide.mcu.externaltools.gnu-tools-for-stm32.12.3.rel1.win32_1.0.200.202406191623/tools/bin/../lib/gcc/arm-none-eabi/12.3.1/thumb/v7e-m+fp/hard/crti.o
LOAD D:/Software/STM32Cube/STM32CubeIDE/plugins/com.st.stm32cube.ide.mcu.externaltools.gnu-tools-for-stm32.12.3.rel1.win32_1.0.200.202406191623/tools/bin/../lib/gcc/arm-none-eabi/12.3.1/thumb/v7e-m+fp/hard/crtbegin.o
LOAD D:/Software/STM32Cube/STM32CubeIDE/plugins/com.st.stm32cube.ide.mcu.externaltools.gnu-tools-for-stm32.12.3.rel1.win32_1.0.200.202406191623/tools/bin/../lib/gcc/arm-none-eabi/12.3.1/../../../../arm-none-eabi/lib/thumb/v7e-m+fp/hard/crt0.o
LOAD ./Core/Src/can.o
LOAD ./Core/Src/dma.o
LOAD ./Core/Src/gpio.o
LOAD ./Core/Src/i2c.o
LOAD ./Core/Src/main.o
LOAD ./Core/Src/rtc.o
LOAD ./Core/Src/sdio.o
LOAD ./Core/Src/spi.o
LOAD ./Core/Src/stm32f4xx_hal_msp.o
LOAD ./Core/Src/stm32f4xx_it.o
LOAD ./Core/Src/syscalls.o
LOAD ./Core/Src/sysmem.o
LOAD ./Core/Src/system_stm32f4xx.o
LOAD ./Core/Src/usart.o
LOAD ./Core/Startup/startup_stm32f446retx.o
LOAD ./Drivers/Gizmo/Src/ADXL345.o
LOAD ./Drivers/Gizmo/Src/LCD_driver.o
LOAD ./Drivers/Gizmo/Src/ST3020_servo.o
LOAD ./Drivers/Gizmo/Src/sd_card.o
LOAD ./Drivers/Gizmo/Src/system_logic.o
LOAD ./Drivers/Gizmo/Src/trig.o
LOAD ./Drivers/LCD_waveshare/Fonts/font12.o
LOAD ./Drivers/LCD_waveshare/Fonts/font16.o
LOAD ./Drivers/LCD_waveshare/Fonts/font20.o
LOAD ./Drivers/LCD_waveshare/Fonts/font24.o
LOAD ./Drivers/LCD_waveshare/Fonts/font8.o
LOAD ./Drivers/LCD_waveshare/LCD/DEV_Config.o
LOAD ./Drivers/LCD_waveshare/LCD/LCD.o
LOAD ./Drivers/STM32F4xx_HAL_Driver/Src/stm32f4xx_hal.o
LOAD ./Drivers/STM32F4xx_HAL_Driver/Src/stm32f4xx_hal_can.o
LOAD ./Drivers/STM32F4xx_HAL_Driver/Src/stm32f4xx_hal_cortex.o
LOAD ./Drivers/STM32F4xx_HAL_Driver/Src/stm32f4xx_hal_dma.o
LOAD ./Drivers/STM32F4xx_HAL_Driver/Src/stm32f4xx_hal_dma_ex.o
LOAD ./Drivers/STM32F4xx_HAL_Driver/Src/stm32f4xx_hal_exti.o
LOAD ./Drivers/STM32F4xx_HAL_Driver/Src/stm32f4xx_hal_flash.o
LOAD ./Drivers/STM32F4xx_HAL_Driver/Src/stm32f4xx_hal_flash_ex.o
LOAD ./Drivers/STM32F4xx_HAL_Driver/Src/stm32f4xx_hal_flash_ramfunc.o
LOAD ./Drivers/STM32F4xx_HAL_Driver/Src/stm32f4xx_hal_gpio.o
LOAD ./Drivers/STM32F4xx_HAL_Driver/Src/stm32f4xx_hal_i2c.o
LOAD ./Drivers/STM32F4xx_HAL_Driver/Src/stm32f4xx_hal_i2c_ex.o
LOAD ./Drivers/STM32F4xx_HAL_Driver/Src/stm32f4xx_hal_pwr.o
LOAD ./Drivers/STM32F4xx_HAL_Driver/Src/stm32f4xx_hal_pwr_ex.o
LOAD ./Drivers/STM32F4xx_HAL_Driver/Src/stm32f4xx_hal_rcc.o
LOAD ./Drivers/STM32F4xx_HAL_Driver/Src/stm32f4xx_hal_rcc_ex.o
LOAD ./Drivers/STM32F4xx_HAL_Driver/Src/stm32f4xx_hal_rtc.o
LOAD ./Drivers/STM32F4xx_HAL_Driver/Src/stm32f4xx_hal_rtc_ex.o
LOAD ./Drivers/STM32F4xx_HAL_Driver/Src/stm32f4xx_hal_sd.o
LOAD ./Drivers/STM32F4xx_HAL_Driver/Src/stm32f4xx_hal_spi.o
LOAD ./Drivers/STM32F4xx_HAL_Driver/Src/stm32f4xx_hal_tim.o
LOAD ./Drivers/STM32F4xx_HAL_Driver/Src/stm32f4xx_hal_tim_ex.o
LOAD ./Drivers/STM32F4xx_HAL_Driver/Src/stm32f4xx_hal_uart.o
LOAD ./Drivers/STM32F4xx_HAL_Driver/Src/stm32f4xx_ll_sdmmc.o
LOAD ./FATFS/App/fatfs.o
LOAD ./FATFS/Target/bsp_driver_sd.o
LOAD ./FATFS/Target/fatfs_platform.o
LOAD ./FATFS/Target/sd_diskio.o
LOAD ./Middlewares/Third_Party/FatFs/src/diskio.o
LOAD ./Middlewares/Third_Party/FatFs/src/ff.o
LOAD ./Middlewares/Third_Party/FatFs/src/ff_gen_drv.o
LOAD ./Middlewares/Third_Party/FatFs/src/option/ccsbcs.o
LOAD ./Middlewares/Third_Party/FatFs/src/option/syscall.o
START GROUP
LOAD D:/Software/STM32Cube/STM32CubeIDE/plugins/com.st.stm32cube.ide.mcu.externaltools.gnu-tools-for-stm32.12.3.rel1.win32_1.0.200.202406191623/tools/bin/../lib/gcc/arm-none-eabi/12.3.1/../../../../arm-none-eabi/lib/thumb/v7e-m+fp/hard\libc_nano.a
LOAD D:/Software/STM32Cube/STM32CubeIDE/plugins/com.st.stm32cube.ide.mcu.externaltools.gnu-tools-for-stm32.12.3.rel1.win32_1.0.200.202406191623/tools/bin/../lib/gcc/arm-none-eabi/12.3.1/../../../../arm-none-eabi/lib/thumb/v7e-m+fp/hard\libm.a
END GROUP
START GROUP
LOAD D:/Software/STM32Cube/STM32CubeIDE/plugins/com.st.stm32cube.ide.mcu.externaltools.gnu-tools-for-stm32.12.3.rel1.win32_1.0.200.202406191623/tools/bin/../lib/gcc/arm-none-eabi/12.3.1/thumb/v7e-m+fp/hard\libgcc.a
LOAD D:/Software/STM32Cube/STM32CubeIDE/plugins/com.st.stm32cube.ide.mcu.externaltools.gnu-tools-for-stm32.12.3.rel1.win32_1.0.200.202406191623/tools/bin/../lib/gcc/arm-none-eabi/12.3.1/../../../../arm-none-eabi/lib/thumb/v7e-m+fp/hard\libc_nano.a
END GROUP
START GROUP
LOAD D:/Software/STM32Cube/STM32CubeIDE/plugins/com.st.stm32cube.ide.mcu.externaltools.gnu-tools-for-stm32.12.3.rel1.win32_1.0.200.202406191623/tools/bin/../lib/gcc/arm-none-eabi/12.3.1/thumb/v7e-m+fp/hard\libgcc.a
LOAD D:/Software/STM32Cube/STM32CubeIDE/plugins/com.st.stm32cube.ide.mcu.externaltools.gnu-tools-for-stm32.12.3.rel1.win32_1.0.200.202406191623/tools/bin/../lib/gcc/arm-none-eabi/12.3.1/../../../../arm-none-eabi/lib/thumb/v7e-m+fp/hard\libc_nano.a
LOAD D:/Software/STM32Cube/STM32CubeIDE/plugins/com.st.stm32cube.ide.mcu.externaltools.gnu-tools-for-stm32.12.3.rel1.win32_1.0.200.202406191623/tools/bin/../lib/gcc/arm-none-eabi/12.3.1/../../../../arm-none-eabi/lib/thumb/v7e-m+fp/hard\libnosys.a
END GROUP
START GROUP
LOAD D:/Software/STM32Cube/STM32CubeIDE/plugins/com.st.stm32cube.ide.mcu.externaltools.gnu-tools-for-stm32.12.3.rel1.win32_1.0.200.202406191623/tools/bin/../lib/gcc/arm-none-eabi/12.3.1/thumb/v7e-m+fp/hard\libgcc.a
LOAD D:/Software/STM32Cube/STM32CubeIDE/plugins/com.st.stm32cube.ide.mcu.externaltools.gnu-tools-for-stm32.12.3.rel1.win32_1.0.200.202406191623/tools/bin/../lib/gcc/arm-none-eabi/12.3.1/../../../../arm-none-eabi/lib/thumb/v7e-m+fp/hard\libc_nano.a
LOAD D:/Software/STM32Cube/STM32CubeIDE/plugins/com.st.stm32cube.ide.mcu.externaltools.gnu-tools-for-stm32.12.3.rel1.win32_1.0.200.202406191623/tools/bin/../lib/gcc/arm-none-eabi/12.3.1/../../../../arm-none-eabi/lib/thumb/v7e-m+fp/hard\libnosys.a
END GROUP
LOAD D:/Software/STM32Cube/STM32CubeIDE/plugins/com.st.stm32cube.ide.mcu.externaltools.gnu-tools-for-stm32.12.3.rel1.win32_1.0.200.202406191623/tools/bin/../lib/gcc/arm-none-eabi/12.3.1/thumb/v7e-m+fp/hard/crtend.o
LOAD D:/Software/STM32Cube/STM32CubeIDE/plugins/com.st.stm32cube.ide.mcu.externaltools.gnu-tools-for-stm32.12.3.rel1.win32_1.0.200.202406191623/tools/bin/../lib/gcc/arm-none-eabi/12.3.1/thumb/v7e-m+fp/hard/crtn.o
                0x20020000                        _estack = (ORIGIN (RAM) + LENGTH (RAM))
                0x00000200                        _Min_Heap_Size = 0x200
                0x00000400                        _Min_Stack_Size = 0x400

.isr_vector     0x08000000      0x1c4
                0x08000000                        . = ALIGN (0x4)
 *(.isr_vector)
 .isr_vector    0x08000000      0x1c4 ./Core/Startup/startup_stm32f446retx.o
                0x08000000                g_pfnVectors
                0x080001c4                        . = ALIGN (0x4)

.text           0x080001d0    0x14cf8
                0x080001d0                        . = ALIGN (0x4)
 *(.text)
 .text          0x080001d0       0x40 D:/Software/STM32Cube/STM32CubeIDE/plugins/com.st.stm32cube.ide.mcu.externaltools.gnu-tools-for-stm32.12.3.rel1.win32_1.0.200.202406191623/tools/bin/../lib/gcc/arm-none-eabi/12.3.1/thumb/v7e-m+fp/hard/crtbegin.o
 .text          0x08000210       0xa0 D:/Software/STM32Cube/STM32CubeIDE/plugins/com.st.stm32cube.ide.mcu.externaltools.gnu-tools-for-stm32.12.3.rel1.win32_1.0.200.202406191623/tools/bin/../lib/gcc/arm-none-eabi/12.3.1/../../../../arm-none-eabi/lib/thumb/v7e-m+fp/hard\libc_nano.a(libc_a-memchr.o)
                0x08000210                memchr
 .text          0x080002b0       0x10 D:/Software/STM32Cube/STM32CubeIDE/plugins/com.st.stm32cube.ide.mcu.externaltools.gnu-tools-for-stm32.12.3.rel1.win32_1.0.200.202406191623/tools/bin/../lib/gcc/arm-none-eabi/12.3.1/../../../../arm-none-eabi/lib/thumb/v7e-m+fp/hard\libc_nano.a(libc_a-strlen.o)
                0x080002b0                strlen
 .text          0x080002c0      0x378 D:/Software/STM32Cube/STM32CubeIDE/plugins/com.st.stm32cube.ide.mcu.externaltools.gnu-tools-for-stm32.12.3.rel1.win32_1.0.200.202406191623/tools/bin/../lib/gcc/arm-none-eabi/12.3.1/thumb/v7e-m+fp/hard\libgcc.a(_arm_addsubdf3.o)
                0x080002c0                __aeabi_drsub
                0x080002c8                __aeabi_dsub
                0x080002c8                __subdf3
                0x080002cc                __aeabi_dadd
                0x080002cc                __adddf3
                0x08000544                __floatunsidf
                0x08000544                __aeabi_ui2d
                0x08000564                __floatsidf
                0x08000564                __aeabi_i2d
                0x08000588                __aeabi_f2d
                0x08000588                __extendsfdf2
                0x080005cc                __floatundidf
                0x080005cc                __aeabi_ul2d
                0x080005dc                __floatdidf
                0x080005dc                __aeabi_l2d
 .text          0x08000638      0x424 D:/Software/STM32Cube/STM32CubeIDE/plugins/com.st.stm32cube.ide.mcu.externaltools.gnu-tools-for-stm32.12.3.rel1.win32_1.0.200.202406191623/tools/bin/../lib/gcc/arm-none-eabi/12.3.1/thumb/v7e-m+fp/hard\libgcc.a(_arm_muldivdf3.o)
                0x08000638                __aeabi_dmul
                0x08000638                __muldf3
                0x0800088c                __divdf3
                0x0800088c                __aeabi_ddiv
 .text          0x08000a5c      0x110 D:/Software/STM32Cube/STM32CubeIDE/plugins/com.st.stm32cube.ide.mcu.externaltools.gnu-tools-for-stm32.12.3.rel1.win32_1.0.200.202406191623/tools/bin/../lib/gcc/arm-none-eabi/12.3.1/thumb/v7e-m+fp/hard\libgcc.a(_arm_cmpdf2.o)
                0x08000a5c                __gtdf2
                0x08000a5c                __gedf2
                0x08000a64                __ltdf2
                0x08000a64                __ledf2
                0x08000a6c                __nedf2
                0x08000a6c                __eqdf2
                0x08000a6c                __cmpdf2
                0x08000ae8                __aeabi_cdrcmple
                0x08000af8                __aeabi_cdcmpeq
                0x08000af8                __aeabi_cdcmple
                0x08000b08                __aeabi_dcmpeq
                0x08000b1c                __aeabi_dcmplt
                0x08000b30                __aeabi_dcmple
                0x08000b44                __aeabi_dcmpge
                0x08000b58                __aeabi_dcmpgt
 .text          0x08000b6c       0x2c D:/Software/STM32Cube/STM32CubeIDE/plugins/com.st.stm32cube.ide.mcu.externaltools.gnu-tools-for-stm32.12.3.rel1.win32_1.0.200.202406191623/tools/bin/../lib/gcc/arm-none-eabi/12.3.1/thumb/v7e-m+fp/hard\libgcc.a(_arm_unorddf2.o)
                0x08000b6c                __unorddf2
                0x08000b6c                __aeabi_dcmpun
 .text          0x08000b98       0x50 D:/Software/STM32Cube/STM32CubeIDE/plugins/com.st.stm32cube.ide.mcu.externaltools.gnu-tools-for-stm32.12.3.rel1.win32_1.0.200.202406191623/tools/bin/../lib/gcc/arm-none-eabi/12.3.1/thumb/v7e-m+fp/hard\libgcc.a(_arm_fixdfsi.o)
                0x08000b98                __aeabi_d2iz
                0x08000b98                __fixdfsi
 .text          0x08000be8       0x40 D:/Software/STM32Cube/STM32CubeIDE/plugins/com.st.stm32cube.ide.mcu.externaltools.gnu-tools-for-stm32.12.3.rel1.win32_1.0.200.202406191623/tools/bin/../lib/gcc/arm-none-eabi/12.3.1/thumb/v7e-m+fp/hard\libgcc.a(_arm_fixunsdfsi.o)
                0x08000be8                __aeabi_d2uiz
                0x08000be8                __fixunsdfsi
 .text          0x08000c28       0xa0 D:/Software/STM32Cube/STM32CubeIDE/plugins/com.st.stm32cube.ide.mcu.externaltools.gnu-tools-for-stm32.12.3.rel1.win32_1.0.200.202406191623/tools/bin/../lib/gcc/arm-none-eabi/12.3.1/thumb/v7e-m+fp/hard\libgcc.a(_arm_truncdfsf2.o)
                0x08000c28                __truncdfsf2
                0x08000c28                __aeabi_d2f
 .text          0x08000cc8       0x30 D:/Software/STM32Cube/STM32CubeIDE/plugins/com.st.stm32cube.ide.mcu.externaltools.gnu-tools-for-stm32.12.3.rel1.win32_1.0.200.202406191623/tools/bin/../lib/gcc/arm-none-eabi/12.3.1/thumb/v7e-m+fp/hard\libgcc.a(_aeabi_uldivmod.o)
                0x08000cc8                __aeabi_uldivmod
 .text          0x08000cf8       0x30 D:/Software/STM32Cube/STM32CubeIDE/plugins/com.st.stm32cube.ide.mcu.externaltools.gnu-tools-for-stm32.12.3.rel1.win32_1.0.200.202406191623/tools/bin/../lib/gcc/arm-none-eabi/12.3.1/thumb/v7e-m+fp/hard\libgcc.a(_fixdfdi.o)
                0x08000cf8                __fixdfdi
                0x08000cf8                __aeabi_d2lz
 .text          0x08000d28       0x3c D:/Software/STM32Cube/STM32CubeIDE/plugins/com.st.stm32cube.ide.mcu.externaltools.gnu-tools-for-stm32.12.3.rel1.win32_1.0.200.202406191623/tools/bin/../lib/gcc/arm-none-eabi/12.3.1/thumb/v7e-m+fp/hard\libgcc.a(_fixunsdfdi.o)
                0x08000d28                __fixunsdfdi
                0x08000d28                __aeabi_d2ulz
 .text          0x08000d64      0x2bc D:/Software/STM32Cube/STM32CubeIDE/plugins/com.st.stm32cube.ide.mcu.externaltools.gnu-tools-for-stm32.12.3.rel1.win32_1.0.200.202406191623/tools/bin/../lib/gcc/arm-none-eabi/12.3.1/thumb/v7e-m+fp/hard\libgcc.a(_udivmoddi4.o)
                0x08000d64                __udivmoddi4
 .text          0x08001020        0x4 D:/Software/STM32Cube/STM32CubeIDE/plugins/com.st.stm32cube.ide.mcu.externaltools.gnu-tools-for-stm32.12.3.rel1.win32_1.0.200.202406191623/tools/bin/../lib/gcc/arm-none-eabi/12.3.1/thumb/v7e-m+fp/hard\libgcc.a(_dvmd_tls.o)
                0x08001020                __aeabi_idiv0
                0x08001020                __aeabi_ldiv0
 *(.text*)
 .text.MX_CAN1_Init
                0x08001024       0xcc ./Core/Src/can.o
                0x08001024                MX_CAN1_Init
 .text.HAL_CAN_MspInit
                0x080010f0       0xe4 ./Core/Src/can.o
                0x080010f0                HAL_CAN_MspInit
 .text.MX_DMA_Init
                0x080011d4       0x50 ./Core/Src/dma.o
                0x080011d4                MX_DMA_Init
 .text.MX_GPIO_Init
                0x08001224      0x16c ./Core/Src/gpio.o
                0x08001224                MX_GPIO_Init
 .text.MX_I2C1_Init
                0x08001390       0x5c ./Core/Src/i2c.o
                0x08001390                MX_I2C1_Init
 .text.HAL_I2C_MspInit
                0x080013ec       0x90 ./Core/Src/i2c.o
                0x080013ec                HAL_I2C_MspInit
 .text.main     0x0800147c      0x13c ./Core/Src/main.o
                0x0800147c                main
 .text.SystemClock_Config
                0x080015b8       0xe0 ./Core/Src/main.o
                0x080015b8                SystemClock_Config
 .text.TransmitResponse
                0x08001698       0x4c ./Core/Src/main.o
                0x08001698                TransmitResponse
 .text.COM_TransmitResponse
                0x080016e4       0xe8 ./Core/Src/main.o
                0x080016e4                COM_TransmitResponse
 .text.Screen_ServoUpdate
                0x080017cc       0x8c ./Core/Src/main.o
                0x080017cc                Screen_ServoUpdate
 .text.ServoRoutine
                0x08001858      0x288 ./Core/Src/main.o
                0x08001858                ServoRoutine
 .text.AccelometerPrepareTransmitData
                0x08001ae0       0xe0 ./Core/Src/main.o
                0x08001ae0                AccelometerPrepareTransmitData
 .text.AccelometerRoutine
                0x08001bc0      0x1ac ./Core/Src/main.o
                0x08001bc0                AccelometerRoutine
 .text.CAN_Config
                0x08001d6c       0x78 ./Core/Src/main.o
                0x08001d6c                CAN_Config
 .text.CAN_ConfigMsg
                0x08001de4       0x7a ./Core/Src/main.o
                0x08001de4                CAN_ConfigMsg
 *fill*         0x08001e5e        0x2 
 .text.CAN_TransmitResponse
                0x08001e60       0xa0 ./Core/Src/main.o
                0x08001e60                CAN_TransmitResponse
 .text.CANRoutine
                0x08001f00      0x150 ./Core/Src/main.o
                0x08001f00                CANRoutine
 .text.HAL_UART_RxCpltCallback
                0x08002050       0x60 ./Core/Src/main.o
                0x08002050                HAL_UART_RxCpltCallback
 .text.HAL_UART_TxCpltCallback
                0x080020b0       0x48 ./Core/Src/main.o
                0x080020b0                HAL_UART_TxCpltCallback
 .text.HAL_CAN_RxFifo0MsgPendingCallback
                0x080020f8       0xe8 ./Core/Src/main.o
                0x080020f8                HAL_CAN_RxFifo0MsgPendingCallback
 .text.Error_Handler
                0x080021e0        0xc ./Core/Src/main.o
                0x080021e0                Error_Handler
 .text.MX_RTC_Init
                0x080021ec      0x11c ./Core/Src/rtc.o
                0x080021ec                MX_RTC_Init
 .text.HAL_RTC_MspInit
                0x08002308       0x54 ./Core/Src/rtc.o
                0x08002308                HAL_RTC_MspInit
 .text.MX_SDIO_SD_Init
                0x0800235c       0x40 ./Core/Src/sdio.o
                0x0800235c                MX_SDIO_SD_Init
 .text.HAL_SD_MspInit
                0x0800239c      0x14c ./Core/Src/sdio.o
                0x0800239c                HAL_SD_MspInit
 .text.MX_SPI3_Init
                0x080024e8       0x70 ./Core/Src/spi.o
                0x080024e8                MX_SPI3_Init
 .text.HAL_SPI_MspInit
                0x08002558       0xc0 ./Core/Src/spi.o
                0x08002558                HAL_SPI_MspInit
 .text.HAL_MspInit
                0x08002618       0x50 ./Core/Src/stm32f4xx_hal_msp.o
                0x08002618                HAL_MspInit
 .text.NMI_Handler
                0x08002668        0x8 ./Core/Src/stm32f4xx_it.o
                0x08002668                NMI_Handler
 .text.HardFault_Handler
                0x08002670        0x8 ./Core/Src/stm32f4xx_it.o
                0x08002670                HardFault_Handler
 .text.MemManage_Handler
                0x08002678        0x8 ./Core/Src/stm32f4xx_it.o
                0x08002678                MemManage_Handler
 .text.BusFault_Handler
                0x08002680        0x8 ./Core/Src/stm32f4xx_it.o
                0x08002680                BusFault_Handler
 .text.UsageFault_Handler
                0x08002688        0x8 ./Core/Src/stm32f4xx_it.o
                0x08002688                UsageFault_Handler
 .text.SVC_Handler
                0x08002690        0xe ./Core/Src/stm32f4xx_it.o
                0x08002690                SVC_Handler
 .text.DebugMon_Handler
                0x0800269e        0xe ./Core/Src/stm32f4xx_it.o
                0x0800269e                DebugMon_Handler
 .text.PendSV_Handler
                0x080026ac        0xe ./Core/Src/stm32f4xx_it.o
                0x080026ac                PendSV_Handler
 .text.SysTick_Handler
                0x080026ba        0xc ./Core/Src/stm32f4xx_it.o
                0x080026ba                SysTick_Handler
 *fill*         0x080026c6        0x2 
 .text.DMA1_Stream5_IRQHandler
                0x080026c8       0x14 ./Core/Src/stm32f4xx_it.o
                0x080026c8                DMA1_Stream5_IRQHandler
 .text.DMA1_Stream6_IRQHandler
                0x080026dc       0x14 ./Core/Src/stm32f4xx_it.o
                0x080026dc                DMA1_Stream6_IRQHandler
 .text.CAN1_RX0_IRQHandler
                0x080026f0       0x14 ./Core/Src/stm32f4xx_it.o
                0x080026f0                CAN1_RX0_IRQHandler
 .text.USART2_IRQHandler
                0x08002704       0x14 ./Core/Src/stm32f4xx_it.o
                0x08002704                USART2_IRQHandler
 .text.SPI3_IRQHandler
                0x08002718       0x14 ./Core/Src/stm32f4xx_it.o
                0x08002718                SPI3_IRQHandler
 .text._getpid  0x0800272c       0x10 ./Core/Src/syscalls.o
                0x0800272c                _getpid
 .text._kill    0x0800273c       0x20 ./Core/Src/syscalls.o
                0x0800273c                _kill
 .text._exit    0x0800275c       0x16 ./Core/Src/syscalls.o
                0x0800275c                _exit
 .text._read    0x08002772       0x3a ./Core/Src/syscalls.o
                0x08002772                _read
 .text._write   0x080027ac       0x38 ./Core/Src/syscalls.o
                0x080027ac                _write
 .text._close   0x080027e4       0x18 ./Core/Src/syscalls.o
                0x080027e4                _close
 .text._fstat   0x080027fc       0x20 ./Core/Src/syscalls.o
                0x080027fc                _fstat
 .text._isatty  0x0800281c       0x16 ./Core/Src/syscalls.o
                0x0800281c                _isatty
 .text._lseek   0x08002832       0x1a ./Core/Src/syscalls.o
                0x08002832                _lseek
 .text._sbrk    0x0800284c       0x6c ./Core/Src/sysmem.o
                0x0800284c                _sbrk
 .text.SystemInit
                0x080028b8       0x24 ./Core/Src/system_stm32f4xx.o
                0x080028b8                SystemInit
 .text.MX_UART4_Init
                0x080028dc       0x54 ./Core/Src/usart.o
                0x080028dc                MX_UART4_Init
 .text.MX_USART2_UART_Init
                0x08002930       0x54 ./Core/Src/usart.o
                0x08002930                MX_USART2_UART_Init
 .text.HAL_UART_MspInit
                0x08002984      0x1d0 ./Core/Src/usart.o
                0x08002984                HAL_UART_MspInit
 .text.Reset_Handler
                0x08002b54       0x50 ./Core/Startup/startup_stm32f446retx.o
                0x08002b54                Reset_Handler
 .text.Default_Handler
                0x08002ba4        0x2 ./Core/Startup/startup_stm32f446retx.o
                0x08002ba4                RTC_Alarm_IRQHandler
                0x08002ba4                EXTI2_IRQHandler
                0x08002ba4                TIM8_CC_IRQHandler
                0x08002ba4                FMPI2C1_EV_IRQHandler
                0x08002ba4                SPI4_IRQHandler
                0x08002ba4                TIM1_CC_IRQHandler
                0x08002ba4                DMA2_Stream5_IRQHandler
                0x08002ba4                PVD_IRQHandler
                0x08002ba4                SDIO_IRQHandler
                0x08002ba4                TAMP_STAMP_IRQHandler
                0x08002ba4                CAN2_RX1_IRQHandler
                0x08002ba4                EXTI3_IRQHandler
                0x08002ba4                TIM8_TRG_COM_TIM14_IRQHandler
                0x08002ba4                TIM1_UP_TIM10_IRQHandler
                0x08002ba4                TIM8_UP_TIM13_IRQHandler
                0x08002ba4                I2C3_ER_IRQHandler
                0x08002ba4                EXTI0_IRQHandler
                0x08002ba4                I2C2_EV_IRQHandler
                0x08002ba4                DMA1_Stream2_IRQHandler
                0x08002ba4                FPU_IRQHandler
                0x08002ba4                OTG_HS_WKUP_IRQHandler
                0x08002ba4                CAN2_SCE_IRQHandler
                0x08002ba4                DMA2_Stream2_IRQHandler
                0x08002ba4                SPI1_IRQHandler
                0x08002ba4                TIM6_DAC_IRQHandler
                0x08002ba4                TIM1_BRK_TIM9_IRQHandler
                0x08002ba4                DCMI_IRQHandler
                0x08002ba4                CAN2_RX0_IRQHandler
                0x08002ba4                DMA2_Stream3_IRQHandler
                0x08002ba4                SAI2_IRQHandler
                0x08002ba4                USART6_IRQHandler
                0x08002ba4                USART3_IRQHandler
                0x08002ba4                CAN1_RX1_IRQHandler
                0x08002ba4                UART5_IRQHandler
                0x08002ba4                DMA2_Stream0_IRQHandler
                0x08002ba4                TIM4_IRQHandler
                0x08002ba4                QUADSPI_IRQHandler
                0x08002ba4                I2C1_EV_IRQHandler
                0x08002ba4                DMA1_Stream1_IRQHandler
                0x08002ba4                UART4_IRQHandler
                0x08002ba4                TIM3_IRQHandler
                0x08002ba4                RCC_IRQHandler
                0x08002ba4                TIM8_BRK_TIM12_IRQHandler
                0x08002ba4                Default_Handler
                0x08002ba4                CEC_IRQHandler
                0x08002ba4                EXTI15_10_IRQHandler
                0x08002ba4                ADC_IRQHandler
                0x08002ba4                DMA1_Stream7_IRQHandler
                0x08002ba4                TIM7_IRQHandler
                0x08002ba4                CAN2_TX_IRQHandler
                0x08002ba4                TIM5_IRQHandler
                0x08002ba4                DMA2_Stream7_IRQHandler
                0x08002ba4                I2C3_EV_IRQHandler
                0x08002ba4                EXTI9_5_IRQHandler
                0x08002ba4                RTC_WKUP_IRQHandler
                0x08002ba4                SPDIF_RX_IRQHandler
                0x08002ba4                SPI2_IRQHandler
                0x08002ba4                OTG_HS_EP1_IN_IRQHandler
                0x08002ba4                DMA1_Stream0_IRQHandler
                0x08002ba4                CAN1_TX_IRQHandler
                0x08002ba4                FMPI2C1_ER_IRQHandler
                0x08002ba4                EXTI4_IRQHandler
                0x08002ba4                OTG_HS_EP1_OUT_IRQHandler
                0x08002ba4                WWDG_IRQHandler
                0x08002ba4                TIM2_IRQHandler
                0x08002ba4                OTG_FS_WKUP_IRQHandler
                0x08002ba4                TIM1_TRG_COM_TIM11_IRQHandler
                0x08002ba4                OTG_HS_IRQHandler
                0x08002ba4                EXTI1_IRQHandler
                0x08002ba4                I2C2_ER_IRQHandler
                0x08002ba4                DMA2_Stream1_IRQHandler
                0x08002ba4                CAN1_SCE_IRQHandler
                0x08002ba4                FLASH_IRQHandler
                0x08002ba4                DMA2_Stream4_IRQHandler
                0x08002ba4                USART1_IRQHandler
                0x08002ba4                OTG_FS_IRQHandler
                0x08002ba4                DMA1_Stream4_IRQHandler
                0x08002ba4                I2C1_ER_IRQHandler
                0x08002ba4                FMC_IRQHandler
                0x08002ba4                DMA2_Stream6_IRQHandler
                0x08002ba4                SAI1_IRQHandler
                0x08002ba4                DMA1_Stream3_IRQHandler
 *fill*         0x08002ba6        0x2 
 .text.Acc_AddController
                0x08002ba8       0x44 ./Drivers/Gizmo/Src/ADXL345.o
                0x08002ba8                Acc_AddController
 .text.Acc_Cmd  0x08002bec       0x42 ./Drivers/Gizmo/Src/ADXL345.o
 .text.Acc_Read
                0x08002c2e       0x4a ./Drivers/Gizmo/Src/ADXL345.o
 .text.Acc_RawMeasurment
                0x08002c78       0x9c ./Drivers/Gizmo/Src/ADXL345.o
                0x08002c78                Acc_RawMeasurment
 .text.Acc_AvgMeasurment
                0x08002d14       0xb4 ./Drivers/Gizmo/Src/ADXL345.o
                0x08002d14                Acc_AvgMeasurment
 .text.Acc_SelfTest
                0x08002dc8      0x210 ./Drivers/Gizmo/Src/ADXL345.o
                0x08002dc8                Acc_SelfTest
 .text.Screen_Init
                0x08002fd8       0x20 ./Drivers/Gizmo/Src/LCD_driver.o
                0x08002fd8                Screen_Init
 .text.Screen_Draw_HeaderJustified
                0x08002ff8       0x44 ./Drivers/Gizmo/Src/LCD_driver.o
 .text.Screen_DrawInitScreen
                0x0800303c      0x130 ./Drivers/Gizmo/Src/LCD_driver.o
                0x0800303c                Screen_DrawInitScreen
 .text.Screen_DrawInfoScreen
                0x0800316c      0x2bc ./Drivers/Gizmo/Src/LCD_driver.o
                0x0800316c                Screen_DrawInfoScreen
 .text.Screen_UpdateStatus
                0x08003428      0x108 ./Drivers/Gizmo/Src/LCD_driver.o
                0x08003428                Screen_UpdateStatus
 .text.Screen_UpdateData
                0x08003530      0x168 ./Drivers/Gizmo/Src/LCD_driver.o
                0x08003530                Screen_UpdateData
 .text.Servo_AddControler
                0x08003698       0x44 ./Drivers/Gizmo/Src/ST3020_servo.o
                0x08003698                Servo_AddControler
 .text.ServoWrite
                0x080036dc      0x174 ./Drivers/Gizmo/Src/ST3020_servo.o
 .text.ServoSetPos
                0x08003850       0x90 ./Drivers/Gizmo/Src/ST3020_servo.o
                0x08003850                ServoSetPos
 .text.ServoRead
                0x080038e0       0xdc ./Drivers/Gizmo/Src/ST3020_servo.o
                0x080038e0                ServoRead
 .text.ServoPing
                0x080039bc      0x154 ./Drivers/Gizmo/Src/ST3020_servo.o
                0x080039bc                ServoPing
 .text.ServoTemp
                0x08003b10       0x26 ./Drivers/Gizmo/Src/ST3020_servo.o
                0x08003b10                ServoTemp
 .text.ServoCurrentPosition
                0x08003b36       0x3c ./Drivers/Gizmo/Src/ST3020_servo.o
                0x08003b36                ServoCurrentPosition
 *fill*         0x08003b72        0x2 
 .text.InitLogging
                0x08003b74       0xe4 ./Drivers/Gizmo/Src/sd_card.o
                0x08003b74                InitLogging
 .text.SD_WriteTimestamp
                0x08003c58       0xd4 ./Drivers/Gizmo/Src/sd_card.o
 .text.SD_LogStatus
                0x08003d2c      0x11c ./Drivers/Gizmo/Src/sd_card.o
                0x08003d2c                SD_LogStatus
 .text.SD_LogMsg
                0x08003e48       0x64 ./Drivers/Gizmo/Src/sd_card.o
                0x08003e48                SD_LogMsg
 .text.Local_AddCMD
                0x08003eac       0x3e ./Drivers/Gizmo/Src/system_logic.o
 *fill*         0x08003eea        0x2 
 .text.CAN_AddCMD
                0x08003eec       0x48 ./Drivers/Gizmo/Src/system_logic.o
 .text.DecodeOpCode
                0x08003f34      0x248 ./Drivers/Gizmo/Src/system_logic.o
 .text.UART_Decode
                0x0800417c       0x82 ./Drivers/Gizmo/Src/system_logic.o
                0x0800417c                UART_Decode
 *fill*         0x080041fe        0x2 
 .text.CAN_Decode
                0x08004200       0x38 ./Drivers/Gizmo/Src/system_logic.o
                0x08004200                CAN_Decode
 .text.PeripheralUpdateState
                0x08004238       0x54 ./Drivers/Gizmo/Src/system_logic.o
                0x08004238                PeripheralUpdateState
 .text.interpolate_x
                0x0800428c       0x78 ./Drivers/Gizmo/Src/trig.o
 .text.LUT_ATan
                0x08004304      0x100 ./Drivers/Gizmo/Src/trig.o
                0x08004304                LUT_ATan
 .text.GetTiltAngles
                0x08004404      0x13e ./Drivers/Gizmo/Src/trig.o
                0x08004404                GetTiltAngles
 *fill*         0x08004542        0x2 
 .text.SPI_Write_Byte
                0x08004544       0x24 ./Drivers/LCD_waveshare/LCD/DEV_Config.o
                0x08004544                SPI_Write_Byte
 .text.Driver_Delay_ms
                0x08004568       0x16 ./Drivers/LCD_waveshare/LCD/DEV_Config.o
                0x08004568                Driver_Delay_ms
 *fill*         0x0800457e        0x2 
 .text.LCD_Reset
                0x08004580       0x3c ./Drivers/LCD_waveshare/LCD/LCD.o
 .text.LCD_WriteReg
                0x080045bc       0x40 ./Drivers/LCD_waveshare/LCD/LCD.o
 .text.LCD_WriteData_8Bit
                0x080045fc       0x40 ./Drivers/LCD_waveshare/LCD/LCD.o
 .text.LCD_WriteData_NLen16Bit
                0x0800463c       0x68 ./Drivers/LCD_waveshare/LCD/LCD.o
 .text.LCD_InitReg
                0x080046a4      0x1c4 ./Drivers/LCD_waveshare/LCD/LCD.o
 .text.LCD_SetGramScanWay
                0x08004868       0xe0 ./Drivers/LCD_waveshare/LCD/LCD.o
                0x08004868                LCD_SetGramScanWay
 .text.LCD_Init
                0x08004948       0x50 ./Drivers/LCD_waveshare/LCD/LCD.o
                0x08004948                LCD_Init
 .text.LCD_SetWindows
                0x08004998       0xac ./Drivers/LCD_waveshare/LCD/LCD.o
                0x08004998                LCD_SetWindows
 .text.LCD_SetCursor
                0x08004a44       0x24 ./Drivers/LCD_waveshare/LCD/LCD.o
                0x08004a44                LCD_SetCursor
 .text.LCD_SetColor
                0x08004a68       0x2c ./Drivers/LCD_waveshare/LCD/LCD.o
                0x08004a68                LCD_SetColor
 .text.LCD_SetPointlColor
                0x08004a94       0x4c ./Drivers/LCD_waveshare/LCD/LCD.o
                0x08004a94                LCD_SetPointlColor
 .text.LCD_SetArealColor
                0x08004ae0       0x5a ./Drivers/LCD_waveshare/LCD/LCD.o
                0x08004ae0                LCD_SetArealColor
 *fill*         0x08004b3a        0x2 
 .text.LCD_Clear
                0x08004b3c       0x2c ./Drivers/LCD_waveshare/LCD/LCD.o
                0x08004b3c                LCD_Clear
 .text.LCD_DrawPoint
                0x08004b68       0xf0 ./Drivers/LCD_waveshare/LCD/LCD.o
                0x08004b68                LCD_DrawPoint
 .text.LCD_DrawLine
                0x08004c58      0x160 ./Drivers/LCD_waveshare/LCD/LCD.o
                0x08004c58                LCD_DrawLine
 .text.LCD_DrawRectangle
                0x08004db8       0xe0 ./Drivers/LCD_waveshare/LCD/LCD.o
                0x08004db8                LCD_DrawRectangle
 .text.LCD_DisplayChar
                0x08004e98      0x14c ./Drivers/LCD_waveshare/LCD/LCD.o
                0x08004e98                LCD_DisplayChar
 .text.LCD_DisplayString
                0x08004fe4       0xa4 ./Drivers/LCD_waveshare/LCD/LCD.o
                0x08004fe4                LCD_DisplayString
 .text.HAL_Init
                0x08005088       0x44 ./Drivers/STM32F4xx_HAL_Driver/Src/stm32f4xx_hal.o
                0x08005088                HAL_Init
 .text.HAL_InitTick
                0x080050cc       0x60 ./Drivers/STM32F4xx_HAL_Driver/Src/stm32f4xx_hal.o
                0x080050cc                HAL_InitTick
 .text.HAL_IncTick
                0x0800512c       0x28 ./Drivers/STM32F4xx_HAL_Driver/Src/stm32f4xx_hal.o
                0x0800512c                HAL_IncTick
 .text.HAL_GetTick
                0x08005154       0x18 ./Drivers/STM32F4xx_HAL_Driver/Src/stm32f4xx_hal.o
                0x08005154                HAL_GetTick
 .text.HAL_Delay
                0x0800516c       0x48 ./Drivers/STM32F4xx_HAL_Driver/Src/stm32f4xx_hal.o
                0x0800516c                HAL_Delay
 .text.HAL_CAN_Init
                0x080051b4      0x1f6 ./Drivers/STM32F4xx_HAL_Driver/Src/stm32f4xx_hal_can.o
                0x080051b4                HAL_CAN_Init
 *fill*         0x080053aa        0x2 
 .text.HAL_CAN_ConfigFilter
                0x080053ac      0x1c0 ./Drivers/STM32F4xx_HAL_Driver/Src/stm32f4xx_hal_can.o
                0x080053ac                HAL_CAN_ConfigFilter
 .text.HAL_CAN_Start
                0x0800556c       0x88 ./Drivers/STM32F4xx_HAL_Driver/Src/stm32f4xx_hal_can.o
                0x0800556c                HAL_CAN_Start
 .text.HAL_CAN_AddTxMessage
                0x080055f4      0x1a0 ./Drivers/STM32F4xx_HAL_Driver/Src/stm32f4xx_hal_can.o
                0x080055f4                HAL_CAN_AddTxMessage
 .text.HAL_CAN_GetRxMessage
                0x08005794      0x244 ./Drivers/STM32F4xx_HAL_Driver/Src/stm32f4xx_hal_can.o
                0x08005794                HAL_CAN_GetRxMessage
 .text.HAL_CAN_ActivateNotification
                0x080059d8       0x4c ./Drivers/STM32F4xx_HAL_Driver/Src/stm32f4xx_hal_can.o
                0x080059d8                HAL_CAN_ActivateNotification
 .text.HAL_CAN_IRQHandler
                0x08005a24      0x36e ./Drivers/STM32F4xx_HAL_Driver/Src/stm32f4xx_hal_can.o
                0x08005a24                HAL_CAN_IRQHandler
 .text.HAL_CAN_TxMailbox0CompleteCallback
                0x08005d92       0x14 ./Drivers/STM32F4xx_HAL_Driver/Src/stm32f4xx_hal_can.o
                0x08005d92                HAL_CAN_TxMailbox0CompleteCallback
 .text.HAL_CAN_TxMailbox1CompleteCallback
                0x08005da6       0x14 ./Drivers/STM32F4xx_HAL_Driver/Src/stm32f4xx_hal_can.o
                0x08005da6                HAL_CAN_TxMailbox1CompleteCallback
 .text.HAL_CAN_TxMailbox2CompleteCallback
                0x08005dba       0x14 ./Drivers/STM32F4xx_HAL_Driver/Src/stm32f4xx_hal_can.o
                0x08005dba                HAL_CAN_TxMailbox2CompleteCallback
 .text.HAL_CAN_TxMailbox0AbortCallback
                0x08005dce       0x14 ./Drivers/STM32F4xx_HAL_Driver/Src/stm32f4xx_hal_can.o
                0x08005dce                HAL_CAN_TxMailbox0AbortCallback
 .text.HAL_CAN_TxMailbox1AbortCallback
                0x08005de2       0x14 ./Drivers/STM32F4xx_HAL_Driver/Src/stm32f4xx_hal_can.o
                0x08005de2                HAL_CAN_TxMailbox1AbortCallback
 .text.HAL_CAN_TxMailbox2AbortCallback
                0x08005df6       0x14 ./Drivers/STM32F4xx_HAL_Driver/Src/stm32f4xx_hal_can.o
                0x08005df6                HAL_CAN_TxMailbox2AbortCallback
 .text.HAL_CAN_RxFifo0FullCallback
                0x08005e0a       0x14 ./Drivers/STM32F4xx_HAL_Driver/Src/stm32f4xx_hal_can.o
                0x08005e0a                HAL_CAN_RxFifo0FullCallback
 .text.HAL_CAN_RxFifo1MsgPendingCallback
                0x08005e1e       0x14 ./Drivers/STM32F4xx_HAL_Driver/Src/stm32f4xx_hal_can.o
                0x08005e1e                HAL_CAN_RxFifo1MsgPendingCallback
 .text.HAL_CAN_RxFifo1FullCallback
                0x08005e32       0x14 ./Drivers/STM32F4xx_HAL_Driver/Src/stm32f4xx_hal_can.o
                0x08005e32                HAL_CAN_RxFifo1FullCallback
 .text.HAL_CAN_SleepCallback
                0x08005e46       0x14 ./Drivers/STM32F4xx_HAL_Driver/Src/stm32f4xx_hal_can.o
                0x08005e46                HAL_CAN_SleepCallback
 .text.HAL_CAN_WakeUpFromRxMsgCallback
                0x08005e5a       0x14 ./Drivers/STM32F4xx_HAL_Driver/Src/stm32f4xx_hal_can.o
                0x08005e5a                HAL_CAN_WakeUpFromRxMsgCallback
 .text.HAL_CAN_ErrorCallback
                0x08005e6e       0x14 ./Drivers/STM32F4xx_HAL_Driver/Src/stm32f4xx_hal_can.o
                0x08005e6e                HAL_CAN_ErrorCallback
 *fill*         0x08005e82        0x2 
 .text.__NVIC_SetPriorityGrouping
                0x08005e84       0x48 ./Drivers/STM32F4xx_HAL_Driver/Src/stm32f4xx_hal_cortex.o
 .text.__NVIC_GetPriorityGrouping
                0x08005ecc       0x1c ./Drivers/STM32F4xx_HAL_Driver/Src/stm32f4xx_hal_cortex.o
 .text.__NVIC_EnableIRQ
                0x08005ee8       0x3c ./Drivers/STM32F4xx_HAL_Driver/Src/stm32f4xx_hal_cortex.o
 .text.__NVIC_SetPriority
                0x08005f24       0x54 ./Drivers/STM32F4xx_HAL_Driver/Src/stm32f4xx_hal_cortex.o
 .text.NVIC_EncodePriority
                0x08005f78       0x66 ./Drivers/STM32F4xx_HAL_Driver/Src/stm32f4xx_hal_cortex.o
 *fill*         0x08005fde        0x2 
 .text.SysTick_Config
                0x08005fe0       0x44 ./Drivers/STM32F4xx_HAL_Driver/Src/stm32f4xx_hal_cortex.o
 .text.HAL_NVIC_SetPriorityGrouping
                0x08006024       0x16 ./Drivers/STM32F4xx_HAL_Driver/Src/stm32f4xx_hal_cortex.o
                0x08006024                HAL_NVIC_SetPriorityGrouping
 .text.HAL_NVIC_SetPriority
                0x0800603a       0x38 ./Drivers/STM32F4xx_HAL_Driver/Src/stm32f4xx_hal_cortex.o
                0x0800603a                HAL_NVIC_SetPriority
 .text.HAL_NVIC_EnableIRQ
                0x08006072       0x1c ./Drivers/STM32F4xx_HAL_Driver/Src/stm32f4xx_hal_cortex.o
                0x08006072                HAL_NVIC_EnableIRQ
 .text.HAL_SYSTICK_Config
                0x0800608e       0x18 ./Drivers/STM32F4xx_HAL_Driver/Src/stm32f4xx_hal_cortex.o
                0x0800608e                HAL_SYSTICK_Config
 *fill*         0x080060a6        0x2 
 .text.HAL_DMA_Init
                0x080060a8      0x15c ./Drivers/STM32F4xx_HAL_Driver/Src/stm32f4xx_hal_dma.o
                0x080060a8                HAL_DMA_Init
 .text.HAL_DMA_Start_IT
                0x08006204       0xb0 ./Drivers/STM32F4xx_HAL_Driver/Src/stm32f4xx_hal_dma.o
                0x08006204                HAL_DMA_Start_IT
 .text.HAL_DMA_Abort
                0x080062b4       0xe0 ./Drivers/STM32F4xx_HAL_Driver/Src/stm32f4xx_hal_dma.o
                0x080062b4                HAL_DMA_Abort
 .text.HAL_DMA_Abort_IT
                0x08006394       0x44 ./Drivers/STM32F4xx_HAL_Driver/Src/stm32f4xx_hal_dma.o
                0x08006394                HAL_DMA_Abort_IT
 .text.HAL_DMA_IRQHandler
                0x080063d8      0x314 ./Drivers/STM32F4xx_HAL_Driver/Src/stm32f4xx_hal_dma.o
                0x080063d8                HAL_DMA_IRQHandler
 .text.DMA_SetConfig
                0x080066ec       0x5c ./Drivers/STM32F4xx_HAL_Driver/Src/stm32f4xx_hal_dma.o
 .text.DMA_CalcBaseAndBitshift
                0x08006748       0x6c ./Drivers/STM32F4xx_HAL_Driver/Src/stm32f4xx_hal_dma.o
 .text.DMA_CheckFifoParam
                0x080067b4       0xf8 ./Drivers/STM32F4xx_HAL_Driver/Src/stm32f4xx_hal_dma.o
 .text.HAL_GPIO_Init
                0x080068ac      0x328 ./Drivers/STM32F4xx_HAL_Driver/Src/stm32f4xx_hal_gpio.o
                0x080068ac                HAL_GPIO_Init
 .text.HAL_GPIO_ReadPin
                0x08006bd4       0x30 ./Drivers/STM32F4xx_HAL_Driver/Src/stm32f4xx_hal_gpio.o
                0x08006bd4                HAL_GPIO_ReadPin
 .text.HAL_GPIO_WritePin
                0x08006c04       0x32 ./Drivers/STM32F4xx_HAL_Driver/Src/stm32f4xx_hal_gpio.o
                0x08006c04                HAL_GPIO_WritePin
 *fill*         0x08006c36        0x2 
 .text.HAL_I2C_Init
                0x08006c38      0x288 ./Drivers/STM32F4xx_HAL_Driver/Src/stm32f4xx_hal_i2c.o
                0x08006c38                HAL_I2C_Init
 .text.HAL_I2C_Master_Transmit
                0x08006ec0      0x1fc ./Drivers/STM32F4xx_HAL_Driver/Src/stm32f4xx_hal_i2c.o
                0x08006ec0                HAL_I2C_Master_Transmit
 .text.HAL_I2C_Mem_Read
                0x080070bc      0x464 ./Drivers/STM32F4xx_HAL_Driver/Src/stm32f4xx_hal_i2c.o
                0x080070bc                HAL_I2C_Mem_Read
 .text.I2C_MasterRequestWrite
                0x08007520      0x104 ./Drivers/STM32F4xx_HAL_Driver/Src/stm32f4xx_hal_i2c.o
 .text.I2C_RequestMemoryRead
                0x08007624      0x1d0 ./Drivers/STM32F4xx_HAL_Driver/Src/stm32f4xx_hal_i2c.o
 .text.I2C_WaitOnFlagUntilTimeout
                0x080077f4       0xf4 ./Drivers/STM32F4xx_HAL_Driver/Src/stm32f4xx_hal_i2c.o
 .text.I2C_WaitOnMasterAddressFlagUntilTimeout
                0x080078e8      0x140 ./Drivers/STM32F4xx_HAL_Driver/Src/stm32f4xx_hal_i2c.o
 .text.I2C_WaitOnTXEFlagUntilTimeout
                0x08007a28       0x90 ./Drivers/STM32F4xx_HAL_Driver/Src/stm32f4xx_hal_i2c.o
 .text.I2C_WaitOnBTFFlagUntilTimeout
                0x08007ab8       0x90 ./Drivers/STM32F4xx_HAL_Driver/Src/stm32f4xx_hal_i2c.o
 .text.I2C_WaitOnRXNEFlagUntilTimeout
                0x08007b48       0xba ./Drivers/STM32F4xx_HAL_Driver/Src/stm32f4xx_hal_i2c.o
 .text.I2C_IsAcknowledgeFailed
                0x08007c02       0x5e ./Drivers/STM32F4xx_HAL_Driver/Src/stm32f4xx_hal_i2c.o
 .text.HAL_RCC_ClockConfig
                0x08007c60      0x1cc ./Drivers/STM32F4xx_HAL_Driver/Src/stm32f4xx_hal_rcc.o
                0x08007c60                HAL_RCC_ClockConfig
 .text.HAL_RCC_GetHCLKFreq
                0x08007e2c       0x18 ./Drivers/STM32F4xx_HAL_Driver/Src/stm32f4xx_hal_rcc.o
                0x08007e2c                HAL_RCC_GetHCLKFreq
 .text.HAL_RCC_GetPCLK1Freq
                0x08007e44       0x28 ./Drivers/STM32F4xx_HAL_Driver/Src/stm32f4xx_hal_rcc.o
                0x08007e44                HAL_RCC_GetPCLK1Freq
 .text.HAL_RCC_GetPCLK2Freq
                0x08007e6c       0x28 ./Drivers/STM32F4xx_HAL_Driver/Src/stm32f4xx_hal_rcc.o
                0x08007e6c                HAL_RCC_GetPCLK2Freq
 .text.HAL_RCCEx_PeriphCLKConfig
                0x08007e94      0x654 ./Drivers/STM32F4xx_HAL_Driver/Src/stm32f4xx_hal_rcc_ex.o
                0x08007e94                HAL_RCCEx_PeriphCLKConfig
 .text.HAL_RCC_GetSysClockFreq
                0x080084e8      0x460 ./Drivers/STM32F4xx_HAL_Driver/Src/stm32f4xx_hal_rcc_ex.o
                0x080084e8                HAL_RCC_GetSysClockFreq
 .text.HAL_RCC_OscConfig
                0x08008948      0x53c ./Drivers/STM32F4xx_HAL_Driver/Src/stm32f4xx_hal_rcc_ex.o
                0x08008948                HAL_RCC_OscConfig
 .text.HAL_RTC_Init
                0x08008e84      0x106 ./Drivers/STM32F4xx_HAL_Driver/Src/stm32f4xx_hal_rtc.o
                0x08008e84                HAL_RTC_Init
 .text.HAL_RTC_SetTime
                0x08008f8a      0x134 ./Drivers/STM32F4xx_HAL_Driver/Src/stm32f4xx_hal_rtc.o
                0x08008f8a                HAL_RTC_SetTime
 .text.HAL_RTC_GetTime
                0x080090be       0xbc ./Drivers/STM32F4xx_HAL_Driver/Src/stm32f4xx_hal_rtc.o
                0x080090be                HAL_RTC_GetTime
 .text.HAL_RTC_SetDate
                0x0800917a      0x108 ./Drivers/STM32F4xx_HAL_Driver/Src/stm32f4xx_hal_rtc.o
                0x0800917a                HAL_RTC_SetDate
 .text.HAL_RTC_GetDate
                0x08009282       0x9e ./Drivers/STM32F4xx_HAL_Driver/Src/stm32f4xx_hal_rtc.o
                0x08009282                HAL_RTC_GetDate
 .text.HAL_RTC_SetAlarm
                0x08009320      0x254 ./Drivers/STM32F4xx_HAL_Driver/Src/stm32f4xx_hal_rtc.o
                0x08009320                HAL_RTC_SetAlarm
 .text.HAL_RTC_WaitForSynchro
                0x08009574       0x4c ./Drivers/STM32F4xx_HAL_Driver/Src/stm32f4xx_hal_rtc.o
                0x08009574                HAL_RTC_WaitForSynchro
 .text.RTC_EnterInitMode
                0x080095c0       0x6e ./Drivers/STM32F4xx_HAL_Driver/Src/stm32f4xx_hal_rtc.o
                0x080095c0                RTC_EnterInitMode
 .text.RTC_ExitInitMode
                0x0800962e       0x4a ./Drivers/STM32F4xx_HAL_Driver/Src/stm32f4xx_hal_rtc.o
                0x0800962e                RTC_ExitInitMode
 .text.RTC_ByteToBcd2
                0x08009678       0x3c ./Drivers/STM32F4xx_HAL_Driver/Src/stm32f4xx_hal_rtc.o
                0x08009678                RTC_ByteToBcd2
 .text.RTC_Bcd2ToByte
                0x080096b4       0x3c ./Drivers/STM32F4xx_HAL_Driver/Src/stm32f4xx_hal_rtc.o
                0x080096b4                RTC_Bcd2ToByte
 .text.HAL_SD_Init
                0x080096f0       0x60 ./Drivers/STM32F4xx_HAL_Driver/Src/stm32f4xx_hal_sd.o
                0x080096f0                HAL_SD_Init
 .text.HAL_SD_InitCard
                0x08009750      0x100 ./Drivers/STM32F4xx_HAL_Driver/Src/stm32f4xx_hal_sd.o
                0x08009750                HAL_SD_InitCard
 .text.HAL_SD_ReadBlocks
                0x08009850      0x3bc ./Drivers/STM32F4xx_HAL_Driver/Src/stm32f4xx_hal_sd.o
                0x08009850                HAL_SD_ReadBlocks
 .text.HAL_SD_WriteBlocks
                0x08009c0c      0x30c ./Drivers/STM32F4xx_HAL_Driver/Src/stm32f4xx_hal_sd.o
                0x08009c0c                HAL_SD_WriteBlocks
 .text.HAL_SD_GetCardCSD
                0x08009f18      0x348 ./Drivers/STM32F4xx_HAL_Driver/Src/stm32f4xx_hal_sd.o
                0x08009f18                HAL_SD_GetCardCSD
 .text.HAL_SD_GetCardInfo
                0x0800a260       0x58 ./Drivers/STM32F4xx_HAL_Driver/Src/stm32f4xx_hal_sd.o
                0x0800a260                HAL_SD_GetCardInfo
 .text.HAL_SD_GetCardState
                0x0800a2b8       0x40 ./Drivers/STM32F4xx_HAL_Driver/Src/stm32f4xx_hal_sd.o
                0x0800a2b8                HAL_SD_GetCardState
 .text.SD_InitCard
                0x0800a2f8      0x19c ./Drivers/STM32F4xx_HAL_Driver/Src/stm32f4xx_hal_sd.o
 .text.SD_PowerON
                0x0800a494      0x11c ./Drivers/STM32F4xx_HAL_Driver/Src/stm32f4xx_hal_sd.o
 .text.SD_SendStatus
                0x0800a5b0       0x50 ./Drivers/STM32F4xx_HAL_Driver/Src/stm32f4xx_hal_sd.o
 .text.HAL_SPI_Init
                0x0800a600      0x112 ./Drivers/STM32F4xx_HAL_Driver/Src/stm32f4xx_hal_spi.o
                0x0800a600                HAL_SPI_Init
 *fill*         0x0800a712        0x2 
 .text.HAL_SPI_Transmit_IT
                0x0800a714      0x108 ./Drivers/STM32F4xx_HAL_Driver/Src/stm32f4xx_hal_spi.o
                0x0800a714                HAL_SPI_Transmit_IT
 .text.HAL_SPI_IRQHandler
                0x0800a81c      0x1e8 ./Drivers/STM32F4xx_HAL_Driver/Src/stm32f4xx_hal_spi.o
                0x0800a81c                HAL_SPI_IRQHandler
 .text.HAL_SPI_TxCpltCallback
                0x0800aa04       0x14 ./Drivers/STM32F4xx_HAL_Driver/Src/stm32f4xx_hal_spi.o
                0x0800aa04                HAL_SPI_TxCpltCallback
 .text.HAL_SPI_ErrorCallback
                0x0800aa18       0x14 ./Drivers/STM32F4xx_HAL_Driver/Src/stm32f4xx_hal_spi.o
                0x0800aa18                HAL_SPI_ErrorCallback
 .text.SPI_DMAAbortOnError
                0x0800aa2c       0x28 ./Drivers/STM32F4xx_HAL_Driver/Src/stm32f4xx_hal_spi.o
 .text.SPI_TxISR_8BIT
                0x0800aa54       0x46 ./Drivers/STM32F4xx_HAL_Driver/Src/stm32f4xx_hal_spi.o
 .text.SPI_TxISR_16BIT
                0x0800aa9a       0x44 ./Drivers/STM32F4xx_HAL_Driver/Src/stm32f4xx_hal_spi.o
 *fill*         0x0800aade        0x2 
 .text.SPI_WaitFlagStateUntilTimeout
                0x0800aae0      0x110 ./Drivers/STM32F4xx_HAL_Driver/Src/stm32f4xx_hal_spi.o
 .text.SPI_EndRxTxTransaction
                0x0800abf0       0xa8 ./Drivers/STM32F4xx_HAL_Driver/Src/stm32f4xx_hal_spi.o
 .text.SPI_CloseTx_ISR
                0x0800ac98       0xc4 ./Drivers/STM32F4xx_HAL_Driver/Src/stm32f4xx_hal_spi.o
 .text.HAL_UART_Init
                0x0800ad5c       0xa0 ./Drivers/STM32F4xx_HAL_Driver/Src/stm32f4xx_hal_uart.o
                0x0800ad5c                HAL_UART_Init
 .text.HAL_HalfDuplex_Init
                0x0800adfc       0xb0 ./Drivers/STM32F4xx_HAL_Driver/Src/stm32f4xx_hal_uart.o
                0x0800adfc                HAL_HalfDuplex_Init
 .text.HAL_UART_Transmit
                0x0800aeac      0x116 ./Drivers/STM32F4xx_HAL_Driver/Src/stm32f4xx_hal_uart.o
                0x0800aeac                HAL_UART_Transmit
 .text.HAL_UART_Receive
                0x0800afc2      0x12e ./Drivers/STM32F4xx_HAL_Driver/Src/stm32f4xx_hal_uart.o
                0x0800afc2                HAL_UART_Receive
 .text.HAL_UART_Transmit_DMA
                0x0800b0f0       0xe0 ./Drivers/STM32F4xx_HAL_Driver/Src/stm32f4xx_hal_uart.o
                0x0800b0f0                HAL_UART_Transmit_DMA
 .text.HAL_UART_Receive_DMA
                0x0800b1d0       0x4a ./Drivers/STM32F4xx_HAL_Driver/Src/stm32f4xx_hal_uart.o
                0x0800b1d0                HAL_UART_Receive_DMA
 *fill*         0x0800b21a        0x2 
 .text.HAL_UART_IRQHandler
                0x0800b21c      0x524 ./Drivers/STM32F4xx_HAL_Driver/Src/stm32f4xx_hal_uart.o
                0x0800b21c                HAL_UART_IRQHandler
 .text.HAL_UART_TxHalfCpltCallback
                0x0800b740       0x14 ./Drivers/STM32F4xx_HAL_Driver/Src/stm32f4xx_hal_uart.o
                0x0800b740                HAL_UART_TxHalfCpltCallback
 .text.HAL_UART_RxHalfCpltCallback
                0x0800b754       0x14 ./Drivers/STM32F4xx_HAL_Driver/Src/stm32f4xx_hal_uart.o
                0x0800b754                HAL_UART_RxHalfCpltCallback
 .text.HAL_UART_ErrorCallback
                0x0800b768       0x14 ./Drivers/STM32F4xx_HAL_Driver/Src/stm32f4xx_hal_uart.o
                0x0800b768                HAL_UART_ErrorCallback
 .text.HAL_UARTEx_RxEventCallback
                0x0800b77c       0x18 ./Drivers/STM32F4xx_HAL_Driver/Src/stm32f4xx_hal_uart.o
                0x0800b77c                HAL_UARTEx_RxEventCallback
 .text.HAL_HalfDuplex_EnableTransmitter
                0x0800b794       0x68 ./Drivers/STM32F4xx_HAL_Driver/Src/stm32f4xx_hal_uart.o
                0x0800b794                HAL_HalfDuplex_EnableTransmitter
 .text.HAL_HalfDuplex_EnableReceiver
                0x0800b7fc       0x68 ./Drivers/STM32F4xx_HAL_Driver/Src/stm32f4xx_hal_uart.o
                0x0800b7fc                HAL_HalfDuplex_EnableReceiver
 .text.UART_DMATransmitCplt
                0x0800b864       0x9a ./Drivers/STM32F4xx_HAL_Driver/Src/stm32f4xx_hal_uart.o
 .text.UART_DMATxHalfCplt
                0x0800b8fe       0x1c ./Drivers/STM32F4xx_HAL_Driver/Src/stm32f4xx_hal_uart.o
 .text.UART_DMAReceiveCplt
                0x0800b91a      0x12c ./Drivers/STM32F4xx_HAL_Driver/Src/stm32f4xx_hal_uart.o
 .text.UART_DMARxHalfCplt
                0x0800ba46       0x3c ./Drivers/STM32F4xx_HAL_Driver/Src/stm32f4xx_hal_uart.o
 .text.UART_DMAError
                0x0800ba82       0x94 ./Drivers/STM32F4xx_HAL_Driver/Src/stm32f4xx_hal_uart.o
 .text.UART_WaitOnFlagUntilTimeout
                0x0800bb16       0xb2 ./Drivers/STM32F4xx_HAL_Driver/Src/stm32f4xx_hal_uart.o
 .text.UART_Start_Receive_DMA
                0x0800bbc8      0x134 ./Drivers/STM32F4xx_HAL_Driver/Src/stm32f4xx_hal_uart.o
                0x0800bbc8                UART_Start_Receive_DMA
 .text.UART_EndTxTransfer
                0x0800bcfc       0x50 ./Drivers/STM32F4xx_HAL_Driver/Src/stm32f4xx_hal_uart.o
 .text.UART_EndRxTransfer
                0x0800bd4c       0xc6 ./Drivers/STM32F4xx_HAL_Driver/Src/stm32f4xx_hal_uart.o
 .text.UART_DMAAbortOnError
                0x0800be12       0x28 ./Drivers/STM32F4xx_HAL_Driver/Src/stm32f4xx_hal_uart.o
 .text.UART_Transmit_IT
                0x0800be3a       0xa0 ./Drivers/STM32F4xx_HAL_Driver/Src/stm32f4xx_hal_uart.o
 .text.UART_EndTransmit_IT
                0x0800beda       0x30 ./Drivers/STM32F4xx_HAL_Driver/Src/stm32f4xx_hal_uart.o
 .text.UART_Receive_IT
                0x0800bf0a      0x17c ./Drivers/STM32F4xx_HAL_Driver/Src/stm32f4xx_hal_uart.o
 *fill*         0x0800c086        0x2 
 .text.UART_SetConfig
                0x0800c088      0x4e8 ./Drivers/STM32F4xx_HAL_Driver/Src/stm32f4xx_hal_uart.o
 .text.SDIO_Init
                0x0800c570       0x56 ./Drivers/STM32F4xx_HAL_Driver/Src/stm32f4xx_ll_sdmmc.o
                0x0800c570                SDIO_Init
 .text.SDIO_ReadFIFO
                0x0800c5c6       0x1a ./Drivers/STM32F4xx_HAL_Driver/Src/stm32f4xx_ll_sdmmc.o
                0x0800c5c6                SDIO_ReadFIFO
 .text.SDIO_WriteFIFO
                0x0800c5e0       0x22 ./Drivers/STM32F4xx_HAL_Driver/Src/stm32f4xx_ll_sdmmc.o
                0x0800c5e0                SDIO_WriteFIFO
 .text.SDIO_PowerState_ON
                0x0800c602       0x1c ./Drivers/STM32F4xx_HAL_Driver/Src/stm32f4xx_ll_sdmmc.o
                0x0800c602                SDIO_PowerState_ON
 .text.SDIO_GetPowerState
                0x0800c61e       0x1c ./Drivers/STM32F4xx_HAL_Driver/Src/stm32f4xx_ll_sdmmc.o
                0x0800c61e                SDIO_GetPowerState
 .text.SDIO_SendCommand
                0x0800c63a       0x54 ./Drivers/STM32F4xx_HAL_Driver/Src/stm32f4xx_ll_sdmmc.o
                0x0800c63a                SDIO_SendCommand
 .text.SDIO_GetCommandResponse
                0x0800c68e       0x1a ./Drivers/STM32F4xx_HAL_Driver/Src/stm32f4xx_ll_sdmmc.o
                0x0800c68e                SDIO_GetCommandResponse
 .text.SDIO_GetResponse
                0x0800c6a8       0x26 ./Drivers/STM32F4xx_HAL_Driver/Src/stm32f4xx_ll_sdmmc.o
                0x0800c6a8                SDIO_GetResponse
 .text.SDIO_ConfigData
                0x0800c6ce       0x58 ./Drivers/STM32F4xx_HAL_Driver/Src/stm32f4xx_ll_sdmmc.o
                0x0800c6ce                SDIO_ConfigData
 .text.SDMMC_CmdBlockLength
                0x0800c726       0x44 ./Drivers/STM32F4xx_HAL_Driver/Src/stm32f4xx_ll_sdmmc.o
                0x0800c726                SDMMC_CmdBlockLength
 .text.SDMMC_CmdReadSingleBlock
                0x0800c76a       0x44 ./Drivers/STM32F4xx_HAL_Driver/Src/stm32f4xx_ll_sdmmc.o
                0x0800c76a                SDMMC_CmdReadSingleBlock
 .text.SDMMC_CmdReadMultiBlock
                0x0800c7ae       0x44 ./Drivers/STM32F4xx_HAL_Driver/Src/stm32f4xx_ll_sdmmc.o
                0x0800c7ae                SDMMC_CmdReadMultiBlock
 .text.SDMMC_CmdWriteSingleBlock
                0x0800c7f2       0x44 ./Drivers/STM32F4xx_HAL_Driver/Src/stm32f4xx_ll_sdmmc.o
                0x0800c7f2                SDMMC_CmdWriteSingleBlock
 .text.SDMMC_CmdWriteMultiBlock
                0x0800c836       0x44 ./Drivers/STM32F4xx_HAL_Driver/Src/stm32f4xx_ll_sdmmc.o
                0x0800c836                SDMMC_CmdWriteMultiBlock
 *fill*         0x0800c87a        0x2 
 .text.SDMMC_CmdStopTransfer
                0x0800c87c       0x44 ./Drivers/STM32F4xx_HAL_Driver/Src/stm32f4xx_ll_sdmmc.o
                0x0800c87c                SDMMC_CmdStopTransfer
 .text.SDMMC_CmdSelDesel
                0x0800c8c0       0x46 ./Drivers/STM32F4xx_HAL_Driver/Src/stm32f4xx_ll_sdmmc.o
                0x0800c8c0                SDMMC_CmdSelDesel
 .text.SDMMC_CmdGoIdleState
                0x0800c906       0x3c ./Drivers/STM32F4xx_HAL_Driver/Src/stm32f4xx_ll_sdmmc.o
                0x0800c906                SDMMC_CmdGoIdleState
 .text.SDMMC_CmdOperCond
                0x0800c942       0x3e ./Drivers/STM32F4xx_HAL_Driver/Src/stm32f4xx_ll_sdmmc.o
                0x0800c942                SDMMC_CmdOperCond
 .text.SDMMC_CmdAppCommand
                0x0800c980       0x44 ./Drivers/STM32F4xx_HAL_Driver/Src/stm32f4xx_ll_sdmmc.o
                0x0800c980                SDMMC_CmdAppCommand
 .text.SDMMC_CmdAppOperCommand
                0x0800c9c4       0x46 ./Drivers/STM32F4xx_HAL_Driver/Src/stm32f4xx_ll_sdmmc.o
                0x0800c9c4                SDMMC_CmdAppOperCommand
 .text.SDMMC_CmdSendCID
                0x0800ca0a       0x3c ./Drivers/STM32F4xx_HAL_Driver/Src/stm32f4xx_ll_sdmmc.o
                0x0800ca0a                SDMMC_CmdSendCID
 .text.SDMMC_CmdSendCSD
                0x0800ca46       0x3e ./Drivers/STM32F4xx_HAL_Driver/Src/stm32f4xx_ll_sdmmc.o
                0x0800ca46                SDMMC_CmdSendCSD
 .text.SDMMC_CmdSetRelAdd
                0x0800ca84       0x42 ./Drivers/STM32F4xx_HAL_Driver/Src/stm32f4xx_ll_sdmmc.o
                0x0800ca84                SDMMC_CmdSetRelAdd
 .text.SDMMC_CmdSendStatus
                0x0800cac6       0x44 ./Drivers/STM32F4xx_HAL_Driver/Src/stm32f4xx_ll_sdmmc.o
                0x0800cac6                SDMMC_CmdSendStatus
 *fill*         0x0800cb0a        0x2 
 .text.SDMMC_GetCmdResp1
                0x0800cb0c      0x1dc ./Drivers/STM32F4xx_HAL_Driver/Src/stm32f4xx_ll_sdmmc.o
                0x0800cb0c                SDMMC_GetCmdResp1
 .text.SDMMC_GetCmdResp2
                0x0800cce8       0x90 ./Drivers/STM32F4xx_HAL_Driver/Src/stm32f4xx_ll_sdmmc.o
                0x0800cce8                SDMMC_GetCmdResp2
 .text.SDMMC_GetCmdResp3
                0x0800cd78       0x7c ./Drivers/STM32F4xx_HAL_Driver/Src/stm32f4xx_ll_sdmmc.o
                0x0800cd78                SDMMC_GetCmdResp3
 .text.SDMMC_GetCmdResp6
                0x0800cdf4       0xec ./Drivers/STM32F4xx_HAL_Driver/Src/stm32f4xx_ll_sdmmc.o
                0x0800cdf4                SDMMC_GetCmdResp6
 .text.SDMMC_GetCmdResp7
                0x0800cee0       0x9c ./Drivers/STM32F4xx_HAL_Driver/Src/stm32f4xx_ll_sdmmc.o
                0x0800cee0                SDMMC_GetCmdResp7
 .text.SDMMC_GetCmdError
                0x0800cf7c       0x58 ./Drivers/STM32F4xx_HAL_Driver/Src/stm32f4xx_ll_sdmmc.o
 .text.MX_FATFS_Init
                0x0800cfd4       0x24 ./FATFS/App/fatfs.o
                0x0800cfd4                MX_FATFS_Init
 .text.get_fattime
                0x0800cff8       0x10 ./FATFS/App/fatfs.o
                0x0800cff8                get_fattime
 .text.BSP_SD_Init
                0x0800d008       0x30 ./FATFS/Target/bsp_driver_sd.o
                0x0800d008                BSP_SD_Init
 .text.BSP_SD_ReadBlocks
                0x0800d038       0x3c ./FATFS/Target/bsp_driver_sd.o
                0x0800d038                BSP_SD_ReadBlocks
 .text.BSP_SD_WriteBlocks
                0x0800d074       0x3c ./FATFS/Target/bsp_driver_sd.o
                0x0800d074                BSP_SD_WriteBlocks
 .text.BSP_SD_GetCardState
                0x0800d0b0       0x20 ./FATFS/Target/bsp_driver_sd.o
                0x0800d0b0                BSP_SD_GetCardState
 .text.BSP_SD_GetCardInfo
                0x0800d0d0       0x1c ./FATFS/Target/bsp_driver_sd.o
                0x0800d0d0                BSP_SD_GetCardInfo
 .text.BSP_SD_IsDetected
                0x0800d0ec       0x24 ./FATFS/Target/bsp_driver_sd.o
                0x0800d0ec                BSP_SD_IsDetected
 .text.BSP_PlatformIsDetected
                0x0800d110       0x2c ./FATFS/Target/fatfs_platform.o
                0x0800d110                BSP_PlatformIsDetected
 .text.SD_CheckStatus
                0x0800d13c       0x3c ./FATFS/Target/sd_diskio.o
 .text.SD_initialize
                0x0800d178       0x3c ./FATFS/Target/sd_diskio.o
                0x0800d178                SD_initialize
 .text.SD_status
                0x0800d1b4       0x1c ./FATFS/Target/sd_diskio.o
                0x0800d1b4                SD_status
 .text.SD_read  0x0800d1d0       0x42 ./FATFS/Target/sd_diskio.o
                0x0800d1d0                SD_read
 .text.SD_write
                0x0800d212       0x42 ./FATFS/Target/sd_diskio.o
                0x0800d212                SD_write
 .text.SD_ioctl
                0x0800d254       0xb0 ./FATFS/Target/sd_diskio.o
                0x0800d254                SD_ioctl
 .text.disk_status
                0x0800d304       0x34 ./Middlewares/Third_Party/FatFs/src/diskio.o
                0x0800d304                disk_status
 .text.disk_initialize
                0x0800d338       0x50 ./Middlewares/Third_Party/FatFs/src/diskio.o
                0x0800d338                disk_initialize
 .text.disk_read
                0x0800d388       0x40 ./Middlewares/Third_Party/FatFs/src/diskio.o
                0x0800d388                disk_read
 .text.disk_write
                0x0800d3c8       0x40 ./Middlewares/Third_Party/FatFs/src/diskio.o
                0x0800d3c8                disk_write
 .text.disk_ioctl
                0x0800d408       0x3c ./Middlewares/Third_Party/FatFs/src/diskio.o
                0x0800d408                disk_ioctl
 .text.ld_word  0x0800d444       0x30 ./Middlewares/Third_Party/FatFs/src/ff.o
 .text.ld_dword
                0x0800d474       0x46 ./Middlewares/Third_Party/FatFs/src/ff.o
 .text.st_word  0x0800d4ba       0x36 ./Middlewares/Third_Party/FatFs/src/ff.o
 .text.st_dword
                0x0800d4f0       0x58 ./Middlewares/Third_Party/FatFs/src/ff.o
 .text.mem_cpy  0x0800d548       0x42 ./Middlewares/Third_Party/FatFs/src/ff.o
 .text.mem_set  0x0800d58a       0x36 ./Middlewares/Third_Party/FatFs/src/ff.o
 .text.mem_cmp  0x0800d5c0       0x4e ./Middlewares/Third_Party/FatFs/src/ff.o
 .text.chk_chr  0x0800d60e       0x36 ./Middlewares/Third_Party/FatFs/src/ff.o
 .text.chk_lock
                0x0800d644       0xb8 ./Middlewares/Third_Party/FatFs/src/ff.o
 .text.enq_lock
                0x0800d6fc       0x44 ./Middlewares/Third_Party/FatFs/src/ff.o
 .text.inc_lock
                0x0800d740      0x11c ./Middlewares/Third_Party/FatFs/src/ff.o
 .text.dec_lock
                0x0800d85c       0x78 ./Middlewares/Third_Party/FatFs/src/ff.o
 .text.clear_lock
                0x0800d8d4       0x48 ./Middlewares/Third_Party/FatFs/src/ff.o
 .text.sync_window
                0x0800d91c       0x88 ./Middlewares/Third_Party/FatFs/src/ff.o
 .text.move_window
                0x0800d9a4       0x5a ./Middlewares/Third_Party/FatFs/src/ff.o
 *fill*         0x0800d9fe        0x2 
 .text.sync_fs  0x0800da00       0xe0 ./Middlewares/Third_Party/FatFs/src/ff.o
 .text.clust2sect
                0x0800dae0       0x3e ./Middlewares/Third_Party/FatFs/src/ff.o
 .text.get_fat  0x0800db1e      0x1a6 ./Middlewares/Third_Party/FatFs/src/ff.o
 .text.put_fat  0x0800dcc4      0x234 ./Middlewares/Third_Party/FatFs/src/ff.o
 .text.remove_chain
                0x0800def8       0xca ./Middlewares/Third_Party/FatFs/src/ff.o
 .text.create_chain
                0x0800dfc2      0x130 ./Middlewares/Third_Party/FatFs/src/ff.o
 .text.clmt_clust
                0x0800e0f2       0x70 ./Middlewares/Third_Party/FatFs/src/ff.o
 .text.dir_sdi  0x0800e162      0x112 ./Middlewares/Third_Party/FatFs/src/ff.o
 .text.dir_next
                0x0800e274      0x1ac ./Middlewares/Third_Party/FatFs/src/ff.o
 .text.dir_alloc
                0x0800e420       0x8e ./Middlewares/Third_Party/FatFs/src/ff.o
 .text.ld_clust
                0x0800e4ae       0x3e ./Middlewares/Third_Party/FatFs/src/ff.o
 .text.st_clust
                0x0800e4ec       0x40 ./Middlewares/Third_Party/FatFs/src/ff.o
 .text.cmp_lfn  0x0800e52c       0xe0 ./Middlewares/Third_Party/FatFs/src/ff.o
 .text.put_lfn  0x0800e60c       0xd0 ./Middlewares/Third_Party/FatFs/src/ff.o
 .text.gen_numname
                0x0800e6dc      0x11c ./Middlewares/Third_Party/FatFs/src/ff.o
 .text.sum_sfn  0x0800e7f8       0x42 ./Middlewares/Third_Party/FatFs/src/ff.o
 .text.dir_find
                0x0800e83a      0x180 ./Middlewares/Third_Party/FatFs/src/ff.o
 *fill*         0x0800e9ba        0x2 
 .text.dir_register
                0x0800e9bc      0x1f0 ./Middlewares/Third_Party/FatFs/src/ff.o
 .text.create_name
                0x0800ebac      0x370 ./Middlewares/Third_Party/FatFs/src/ff.o
 .text.follow_path
                0x0800ef1c       0xec ./Middlewares/Third_Party/FatFs/src/ff.o
 .text.get_ldnumber
                0x0800f008       0x88 ./Middlewares/Third_Party/FatFs/src/ff.o
 .text.check_fs
                0x0800f090       0xac ./Middlewares/Third_Party/FatFs/src/ff.o
 .text.find_volume
                0x0800f13c      0x50c ./Middlewares/Third_Party/FatFs/src/ff.o
 .text.validate
                0x0800f648       0x6a ./Middlewares/Third_Party/FatFs/src/ff.o
 *fill*         0x0800f6b2        0x2 
 .text.f_mount  0x0800f6b4       0x8c ./Middlewares/Third_Party/FatFs/src/ff.o
                0x0800f6b4                f_mount
 .text.f_open   0x0800f740      0x390 ./Middlewares/Third_Party/FatFs/src/ff.o
                0x0800f740                f_open
 .text.f_write  0x0800fad0      0x328 ./Middlewares/Third_Party/FatFs/src/ff.o
                0x0800fad0                f_write
 .text.f_sync   0x0800fdf8       0xfc ./Middlewares/Third_Party/FatFs/src/ff.o
                0x0800fdf8                f_sync
 .text.f_close  0x0800fef4       0x54 ./Middlewares/Third_Party/FatFs/src/ff.o
                0x0800fef4                f_close
 .text.putc_bfd
                0x0800ff48       0x7a ./Middlewares/Third_Party/FatFs/src/ff.o
 .text.putc_flush
                0x0800ffc2       0x4a ./Middlewares/Third_Party/FatFs/src/ff.o
 .text.putc_init
                0x0801000c       0x2a ./Middlewares/Third_Party/FatFs/src/ff.o
 .text.f_putc   0x08010036       0x3a ./Middlewares/Third_Party/FatFs/src/ff.o
                0x08010036                f_putc
 .text.f_puts   0x08010070       0x48 ./Middlewares/Third_Party/FatFs/src/ff.o
                0x08010070                f_puts
 .text.f_printf
                0x080100b8      0x43c ./Middlewares/Third_Party/FatFs/src/ff.o
                0x080100b8                f_printf
 .text.FATFS_LinkDriverEx
                0x080104f4       0x98 ./Middlewares/Third_Party/FatFs/src/ff_gen_drv.o
                0x080104f4                FATFS_LinkDriverEx
 .text.FATFS_LinkDriver
                0x0801058c       0x1e ./Middlewares/Third_Party/FatFs/src/ff_gen_drv.o
                0x0801058c                FATFS_LinkDriver
 *fill*         0x080105aa        0x2 
 .text.ff_convert
                0x080105ac       0x78 ./Middlewares/Third_Party/FatFs/src/option/ccsbcs.o
                0x080105ac                ff_convert
 .text.ff_wtoupper
                0x08010624      0x114 ./Middlewares/Third_Party/FatFs/src/option/ccsbcs.o
                0x08010624                ff_wtoupper
 .text.__cvt    0x08010738       0xca D:/Software/STM32Cube/STM32CubeIDE/plugins/com.st.stm32cube.ide.mcu.externaltools.gnu-tools-for-stm32.12.3.rel1.win32_1.0.200.202406191623/tools/bin/../lib/gcc/arm-none-eabi/12.3.1/../../../../arm-none-eabi/lib/thumb/v7e-m+fp/hard\libc_nano.a(libc_a-nano-vfprintf_float.o)
                0x08010738                __cvt
 .text.__exponent
                0x08010802       0x74 D:/Software/STM32Cube/STM32CubeIDE/plugins/com.st.stm32cube.ide.mcu.externaltools.gnu-tools-for-stm32.12.3.rel1.win32_1.0.200.202406191623/tools/bin/../lib/gcc/arm-none-eabi/12.3.1/../../../../arm-none-eabi/lib/thumb/v7e-m+fp/hard\libc_nano.a(libc_a-nano-vfprintf_float.o)
                0x08010802                __exponent
 *fill*         0x08010876        0x2 
 .text._printf_float
                0x08010878      0x454 D:/Software/STM32Cube/STM32CubeIDE/plugins/com.st.stm32cube.ide.mcu.externaltools.gnu-tools-for-stm32.12.3.rel1.win32_1.0.200.202406191623/tools/bin/../lib/gcc/arm-none-eabi/12.3.1/../../../../arm-none-eabi/lib/thumb/v7e-m+fp/hard\libc_nano.a(libc_a-nano-vfprintf_float.o)
                0x08010878                _printf_float
 .text._printf_common
                0x08010ccc       0xda D:/Software/STM32Cube/STM32CubeIDE/plugins/com.st.stm32cube.ide.mcu.externaltools.gnu-tools-for-stm32.12.3.rel1.win32_1.0.200.202406191623/tools/bin/../lib/gcc/arm-none-eabi/12.3.1/../../../../arm-none-eabi/lib/thumb/v7e-m+fp/hard\libc_nano.a(libc_a-nano-vfprintf_i.o)
                0x08010ccc                _printf_common
 *fill*         0x08010da6        0x2 
 .text._printf_i
                0x08010da8      0x240 D:/Software/STM32Cube/STM32CubeIDE/plugins/com.st.stm32cube.ide.mcu.externaltools.gnu-tools-for-stm32.12.3.rel1.win32_1.0.200.202406191623/tools/bin/../lib/gcc/arm-none-eabi/12.3.1/../../../../arm-none-eabi/lib/thumb/v7e-m+fp/hard\libc_nano.a(libc_a-nano-vfprintf_i.o)
                0x08010da8                _printf_i
 .text._scanf_float
                0x08010fe8      0x428 D:/Software/STM32Cube/STM32CubeIDE/plugins/com.st.stm32cube.ide.mcu.externaltools.gnu-tools-for-stm32.12.3.rel1.win32_1.0.200.202406191623/tools/bin/../lib/gcc/arm-none-eabi/12.3.1/../../../../arm-none-eabi/lib/thumb/v7e-m+fp/hard\libc_nano.a(libc_a-nano-vfscanf_float.o)
                0x08010fe8                _scanf_float
 .text.std      0x08011410       0x6c D:/Software/STM32Cube/STM32CubeIDE/plugins/com.st.stm32cube.ide.mcu.externaltools.gnu-tools-for-stm32.12.3.rel1.win32_1.0.200.202406191623/tools/bin/../lib/gcc/arm-none-eabi/12.3.1/../../../../arm-none-eabi/lib/thumb/v7e-m+fp/hard\libc_nano.a(libc_a-findfp.o)
 .text.stdio_exit_handler
                0x0801147c       0x18 D:/Software/STM32Cube/STM32CubeIDE/plugins/com.st.stm32cube.ide.mcu.externaltools.gnu-tools-for-stm32.12.3.rel1.win32_1.0.200.202406191623/tools/bin/../lib/gcc/arm-none-eabi/12.3.1/../../../../arm-none-eabi/lib/thumb/v7e-m+fp/hard\libc_nano.a(libc_a-findfp.o)
 .text.cleanup_stdio
                0x08011494       0x40 D:/Software/STM32Cube/STM32CubeIDE/plugins/com.st.stm32cube.ide.mcu.externaltools.gnu-tools-for-stm32.12.3.rel1.win32_1.0.200.202406191623/tools/bin/../lib/gcc/arm-none-eabi/12.3.1/../../../../arm-none-eabi/lib/thumb/v7e-m+fp/hard\libc_nano.a(libc_a-findfp.o)
 .text.global_stdio_init.part.0
                0x080114d4       0x3c D:/Software/STM32Cube/STM32CubeIDE/plugins/com.st.stm32cube.ide.mcu.externaltools.gnu-tools-for-stm32.12.3.rel1.win32_1.0.200.202406191623/tools/bin/../lib/gcc/arm-none-eabi/12.3.1/../../../../arm-none-eabi/lib/thumb/v7e-m+fp/hard\libc_nano.a(libc_a-findfp.o)
 .text.__sfp_lock_acquire
                0x08011510        0xc D:/Software/STM32Cube/STM32CubeIDE/plugins/com.st.stm32cube.ide.mcu.externaltools.gnu-tools-for-stm32.12.3.rel1.win32_1.0.200.202406191623/tools/bin/../lib/gcc/arm-none-eabi/12.3.1/../../../../arm-none-eabi/lib/thumb/v7e-m+fp/hard\libc_nano.a(libc_a-findfp.o)
                0x08011510                __sfp_lock_acquire
 .text.__sfp_lock_release
                0x0801151c        0xc D:/Software/STM32Cube/STM32CubeIDE/plugins/com.st.stm32cube.ide.mcu.externaltools.gnu-tools-for-stm32.12.3.rel1.win32_1.0.200.202406191623/tools/bin/../lib/gcc/arm-none-eabi/12.3.1/../../../../arm-none-eabi/lib/thumb/v7e-m+fp/hard\libc_nano.a(libc_a-findfp.o)
                0x0801151c                __sfp_lock_release
 .text.__sinit  0x08011528       0x30 D:/Software/STM32Cube/STM32CubeIDE/plugins/com.st.stm32cube.ide.mcu.externaltools.gnu-tools-for-stm32.12.3.rel1.win32_1.0.200.202406191623/tools/bin/../lib/gcc/arm-none-eabi/12.3.1/../../../../arm-none-eabi/lib/thumb/v7e-m+fp/hard\libc_nano.a(libc_a-findfp.o)
                0x08011528                __sinit
 .text._fwalk_sglue
                0x08011558       0x3c D:/Software/STM32Cube/STM32CubeIDE/plugins/com.st.stm32cube.ide.mcu.externaltools.gnu-tools-for-stm32.12.3.rel1.win32_1.0.200.202406191623/tools/bin/../lib/gcc/arm-none-eabi/12.3.1/../../../../arm-none-eabi/lib/thumb/v7e-m+fp/hard\libc_nano.a(libc_a-fwalk.o)
                0x08011558                _fwalk_sglue
 .text.snprintf
                0x08011594       0x68 D:/Software/STM32Cube/STM32CubeIDE/plugins/com.st.stm32cube.ide.mcu.externaltools.gnu-tools-for-stm32.12.3.rel1.win32_1.0.200.202406191623/tools/bin/../lib/gcc/arm-none-eabi/12.3.1/../../../../arm-none-eabi/lib/thumb/v7e-m+fp/hard\libc_nano.a(libc_a-snprintf.o)
                0x08011594                sniprintf
                0x08011594                snprintf
 .text.sprintf  0x080115fc       0x40 D:/Software/STM32Cube/STM32CubeIDE/plugins/com.st.stm32cube.ide.mcu.externaltools.gnu-tools-for-stm32.12.3.rel1.win32_1.0.200.202406191623/tools/bin/../lib/gcc/arm-none-eabi/12.3.1/../../../../arm-none-eabi/lib/thumb/v7e-m+fp/hard\libc_nano.a(libc_a-sprintf.o)
                0x080115fc                siprintf
                0x080115fc                sprintf
 .text.__sread  0x0801163c       0x22 D:/Software/STM32Cube/STM32CubeIDE/plugins/com.st.stm32cube.ide.mcu.externaltools.gnu-tools-for-stm32.12.3.rel1.win32_1.0.200.202406191623/tools/bin/../lib/gcc/arm-none-eabi/12.3.1/../../../../arm-none-eabi/lib/thumb/v7e-m+fp/hard\libc_nano.a(libc_a-stdio.o)
                0x0801163c                __sread
 .text.__swrite
                0x0801165e       0x38 D:/Software/STM32Cube/STM32CubeIDE/plugins/com.st.stm32cube.ide.mcu.externaltools.gnu-tools-for-stm32.12.3.rel1.win32_1.0.200.202406191623/tools/bin/../lib/gcc/arm-none-eabi/12.3.1/../../../../arm-none-eabi/lib/thumb/v7e-m+fp/hard\libc_nano.a(libc_a-stdio.o)
                0x0801165e                __swrite
 .text.__sseek  0x08011696       0x24 D:/Software/STM32Cube/STM32CubeIDE/plugins/com.st.stm32cube.ide.mcu.externaltools.gnu-tools-for-stm32.12.3.rel1.win32_1.0.200.202406191623/tools/bin/../lib/gcc/arm-none-eabi/12.3.1/../../../../arm-none-eabi/lib/thumb/v7e-m+fp/hard\libc_nano.a(libc_a-stdio.o)
                0x08011696                __sseek
 .text.__sclose
                0x080116ba        0x8 D:/Software/STM32Cube/STM32CubeIDE/plugins/com.st.stm32cube.ide.mcu.externaltools.gnu-tools-for-stm32.12.3.rel1.win32_1.0.200.202406191623/tools/bin/../lib/gcc/arm-none-eabi/12.3.1/../../../../arm-none-eabi/lib/thumb/v7e-m+fp/hard\libc_nano.a(libc_a-stdio.o)
                0x080116ba                __sclose
 .text.memset   0x080116c2       0x10 D:/Software/STM32Cube/STM32CubeIDE/plugins/com.st.stm32cube.ide.mcu.externaltools.gnu-tools-for-stm32.12.3.rel1.win32_1.0.200.202406191623/tools/bin/../lib/gcc/arm-none-eabi/12.3.1/../../../../arm-none-eabi/lib/thumb/v7e-m+fp/hard\libc_nano.a(libc_a-memset.o)
                0x080116c2                memset
 *fill*         0x080116d2        0x2 
 .text._localeconv_r
                0x080116d4        0x8 D:/Software/STM32Cube/STM32CubeIDE/plugins/com.st.stm32cube.ide.mcu.externaltools.gnu-tools-for-stm32.12.3.rel1.win32_1.0.200.202406191623/tools/bin/../lib/gcc/arm-none-eabi/12.3.1/../../../../arm-none-eabi/lib/thumb/v7e-m+fp/hard\libc_nano.a(libc_a-localeconv.o)
                0x080116d4                _localeconv_r
 .text._close_r
                0x080116dc       0x20 D:/Software/STM32Cube/STM32CubeIDE/plugins/com.st.stm32cube.ide.mcu.externaltools.gnu-tools-for-stm32.12.3.rel1.win32_1.0.200.202406191623/tools/bin/../lib/gcc/arm-none-eabi/12.3.1/../../../../arm-none-eabi/lib/thumb/v7e-m+fp/hard\libc_nano.a(libc_a-closer.o)
                0x080116dc                _close_r
 .text._lseek_r
                0x080116fc       0x24 D:/Software/STM32Cube/STM32CubeIDE/plugins/com.st.stm32cube.ide.mcu.externaltools.gnu-tools-for-stm32.12.3.rel1.win32_1.0.200.202406191623/tools/bin/../lib/gcc/arm-none-eabi/12.3.1/../../../../arm-none-eabi/lib/thumb/v7e-m+fp/hard\libc_nano.a(libc_a-lseekr.o)
                0x080116fc                _lseek_r
 .text._read_r  0x08011720       0x24 D:/Software/STM32Cube/STM32CubeIDE/plugins/com.st.stm32cube.ide.mcu.externaltools.gnu-tools-for-stm32.12.3.rel1.win32_1.0.200.202406191623/tools/bin/../lib/gcc/arm-none-eabi/12.3.1/../../../../arm-none-eabi/lib/thumb/v7e-m+fp/hard\libc_nano.a(libc_a-readr.o)
                0x08011720                _read_r
 .text._write_r
                0x08011744       0x24 D:/Software/STM32Cube/STM32CubeIDE/plugins/com.st.stm32cube.ide.mcu.externaltools.gnu-tools-for-stm32.12.3.rel1.win32_1.0.200.202406191623/tools/bin/../lib/gcc/arm-none-eabi/12.3.1/../../../../arm-none-eabi/lib/thumb/v7e-m+fp/hard\libc_nano.a(libc_a-writer.o)
                0x08011744                _write_r
 .text.__errno  0x08011768        0xc D:/Software/STM32Cube/STM32CubeIDE/plugins/com.st.stm32cube.ide.mcu.externaltools.gnu-tools-for-stm32.12.3.rel1.win32_1.0.200.202406191623/tools/bin/../lib/gcc/arm-none-eabi/12.3.1/../../../../arm-none-eabi/lib/thumb/v7e-m+fp/hard\libc_nano.a(libc_a-errno.o)
                0x08011768                __errno
 .text.__libc_init_array
                0x08011774       0x48 D:/Software/STM32Cube/STM32CubeIDE/plugins/com.st.stm32cube.ide.mcu.externaltools.gnu-tools-for-stm32.12.3.rel1.win32_1.0.200.202406191623/tools/bin/../lib/gcc/arm-none-eabi/12.3.1/../../../../arm-none-eabi/lib/thumb/v7e-m+fp/hard\libc_nano.a(libc_a-init.o)
                0x08011774                __libc_init_array
 .text.__retarget_lock_init_recursive
                0x080117bc        0x2 D:/Software/STM32Cube/STM32CubeIDE/plugins/com.st.stm32cube.ide.mcu.externaltools.gnu-tools-for-stm32.12.3.rel1.win32_1.0.200.202406191623/tools/bin/../lib/gcc/arm-none-eabi/12.3.1/../../../../arm-none-eabi/lib/thumb/v7e-m+fp/hard\libc_nano.a(libc_a-lock.o)
                0x080117bc                __retarget_lock_init_recursive
 .text.__retarget_lock_acquire_recursive
                0x080117be        0x2 D:/Software/STM32Cube/STM32CubeIDE/plugins/com.st.stm32cube.ide.mcu.externaltools.gnu-tools-for-stm32.12.3.rel1.win32_1.0.200.202406191623/tools/bin/../lib/gcc/arm-none-eabi/12.3.1/../../../../arm-none-eabi/lib/thumb/v7e-m+fp/hard\libc_nano.a(libc_a-lock.o)
                0x080117be                __retarget_lock_acquire_recursive
 .text.__retarget_lock_release_recursive
                0x080117c0        0x2 D:/Software/STM32Cube/STM32CubeIDE/plugins/com.st.stm32cube.ide.mcu.externaltools.gnu-tools-for-stm32.12.3.rel1.win32_1.0.200.202406191623/tools/bin/../lib/gcc/arm-none-eabi/12.3.1/../../../../arm-none-eabi/lib/thumb/v7e-m+fp/hard\libc_nano.a(libc_a-lock.o)
                0x080117c0                __retarget_lock_release_recursive
 *fill*         0x080117c2        0x2 
 .text.nanf     0x080117c4        0xc D:/Software/STM32Cube/STM32CubeIDE/plugins/com.st.stm32cube.ide.mcu.externaltools.gnu-tools-for-stm32.12.3.rel1.win32_1.0.200.202406191623/tools/bin/../lib/gcc/arm-none-eabi/12.3.1/../../../../arm-none-eabi/lib/thumb/v7e-m+fp/hard\libc_nano.a(libm_a-sf_nan.o)
                0x080117c4                nanf
 .text.quorem   0x080117d0      0x110 D:/Software/STM32Cube/STM32CubeIDE/plugins/com.st.stm32cube.ide.mcu.externaltools.gnu-tools-for-stm32.12.3.rel1.win32_1.0.200.202406191623/tools/bin/../lib/gcc/arm-none-eabi/12.3.1/../../../../arm-none-eabi/lib/thumb/v7e-m+fp/hard\libc_nano.a(libc_a-dtoa.o)
 .text._dtoa_r  0x080118e0      0xb88 D:/Software/STM32Cube/STM32CubeIDE/plugins/com.st.stm32cube.ide.mcu.externaltools.gnu-tools-for-stm32.12.3.rel1.win32_1.0.200.202406191623/tools/bin/../lib/gcc/arm-none-eabi/12.3.1/../../../../arm-none-eabi/lib/thumb/v7e-m+fp/hard\libc_nano.a(libc_a-dtoa.o)
                0x080118e0                _dtoa_r
 .text._free_r  0x08012468       0x94 D:/Software/STM32Cube/STM32CubeIDE/plugins/com.st.stm32cube.ide.mcu.externaltools.gnu-tools-for-stm32.12.3.rel1.win32_1.0.200.202406191623/tools/bin/../lib/gcc/arm-none-eabi/12.3.1/../../../../arm-none-eabi/lib/thumb/v7e-m+fp/hard\libc_nano.a(libc_a-freer.o)
                0x08012468                _free_r
 .text.malloc   0x080124fc       0x10 D:/Software/STM32Cube/STM32CubeIDE/plugins/com.st.stm32cube.ide.mcu.externaltools.gnu-tools-for-stm32.12.3.rel1.win32_1.0.200.202406191623/tools/bin/../lib/gcc/arm-none-eabi/12.3.1/../../../../arm-none-eabi/lib/thumb/v7e-m+fp/hard\libc_nano.a(libc_a-malloc.o)
                0x080124fc                malloc
 .text.sbrk_aligned
                0x0801250c       0x44 D:/Software/STM32Cube/STM32CubeIDE/plugins/com.st.stm32cube.ide.mcu.externaltools.gnu-tools-for-stm32.12.3.rel1.win32_1.0.200.202406191623/tools/bin/../lib/gcc/arm-none-eabi/12.3.1/../../../../arm-none-eabi/lib/thumb/v7e-m+fp/hard\libc_nano.a(libc_a-mallocr.o)
 .text._malloc_r
                0x08012550      0x100 D:/Software/STM32Cube/STM32CubeIDE/plugins/com.st.stm32cube.ide.mcu.externaltools.gnu-tools-for-stm32.12.3.rel1.win32_1.0.200.202406191623/tools/bin/../lib/gcc/arm-none-eabi/12.3.1/../../../../arm-none-eabi/lib/thumb/v7e-m+fp/hard\libc_nano.a(libc_a-mallocr.o)
                0x08012550                _malloc_r
 .text.__malloc_lock
                0x08012650        0xc D:/Software/STM32Cube/STM32CubeIDE/plugins/com.st.stm32cube.ide.mcu.externaltools.gnu-tools-for-stm32.12.3.rel1.win32_1.0.200.202406191623/tools/bin/../lib/gcc/arm-none-eabi/12.3.1/../../../../arm-none-eabi/lib/thumb/v7e-m+fp/hard\libc_nano.a(libc_a-mlock.o)
                0x08012650                __malloc_lock
 .text.__malloc_unlock
                0x0801265c        0xc D:/Software/STM32Cube/STM32CubeIDE/plugins/com.st.stm32cube.ide.mcu.externaltools.gnu-tools-for-stm32.12.3.rel1.win32_1.0.200.202406191623/tools/bin/../lib/gcc/arm-none-eabi/12.3.1/../../../../arm-none-eabi/lib/thumb/v7e-m+fp/hard\libc_nano.a(libc_a-mlock.o)
                0x0801265c                __malloc_unlock
 .text._Balloc  0x08012668       0x80 D:/Software/STM32Cube/STM32CubeIDE/plugins/com.st.stm32cube.ide.mcu.externaltools.gnu-tools-for-stm32.12.3.rel1.win32_1.0.200.202406191623/tools/bin/../lib/gcc/arm-none-eabi/12.3.1/../../../../arm-none-eabi/lib/thumb/v7e-m+fp/hard\libc_nano.a(libc_a-mprec.o)
                0x08012668                _Balloc
 .text._Bfree   0x080126e8       0x44 D:/Software/STM32Cube/STM32CubeIDE/plugins/com.st.stm32cube.ide.mcu.externaltools.gnu-tools-for-stm32.12.3.rel1.win32_1.0.200.202406191623/tools/bin/../lib/gcc/arm-none-eabi/12.3.1/../../../../arm-none-eabi/lib/thumb/v7e-m+fp/hard\libc_nano.a(libc_a-mprec.o)
                0x080126e8                _Bfree
 .text.__multadd
                0x0801272c       0x8c D:/Software/STM32Cube/STM32CubeIDE/plugins/com.st.stm32cube.ide.mcu.externaltools.gnu-tools-for-stm32.12.3.rel1.win32_1.0.200.202406191623/tools/bin/../lib/gcc/arm-none-eabi/12.3.1/../../../../arm-none-eabi/lib/thumb/v7e-m+fp/hard\libc_nano.a(libc_a-mprec.o)
                0x0801272c                __multadd
 .text.__s2b    0x080127b8       0x94 D:/Software/STM32Cube/STM32CubeIDE/plugins/com.st.stm32cube.ide.mcu.externaltools.gnu-tools-for-stm32.12.3.rel1.win32_1.0.200.202406191623/tools/bin/../lib/gcc/arm-none-eabi/12.3.1/../../../../arm-none-eabi/lib/thumb/v7e-m+fp/hard\libc_nano.a(libc_a-mprec.o)
                0x080127b8                __s2b
 .text.__hi0bits
                0x0801284c       0x3e D:/Software/STM32Cube/STM32CubeIDE/plugins/com.st.stm32cube.ide.mcu.externaltools.gnu-tools-for-stm32.12.3.rel1.win32_1.0.200.202406191623/tools/bin/../lib/gcc/arm-none-eabi/12.3.1/../../../../arm-none-eabi/lib/thumb/v7e-m+fp/hard\libc_nano.a(libc_a-mprec.o)
                0x0801284c                __hi0bits
 .text.__lo0bits
                0x0801288a       0x5a D:/Software/STM32Cube/STM32CubeIDE/plugins/com.st.stm32cube.ide.mcu.externaltools.gnu-tools-for-stm32.12.3.rel1.win32_1.0.200.202406191623/tools/bin/../lib/gcc/arm-none-eabi/12.3.1/../../../../arm-none-eabi/lib/thumb/v7e-m+fp/hard\libc_nano.a(libc_a-mprec.o)
                0x0801288a                __lo0bits
 .text.__i2b    0x080128e4       0x2c D:/Software/STM32Cube/STM32CubeIDE/plugins/com.st.stm32cube.ide.mcu.externaltools.gnu-tools-for-stm32.12.3.rel1.win32_1.0.200.202406191623/tools/bin/../lib/gcc/arm-none-eabi/12.3.1/../../../../arm-none-eabi/lib/thumb/v7e-m+fp/hard\libc_nano.a(libc_a-mprec.o)
                0x080128e4                __i2b
 .text.__multiply
                0x08012910      0x154 D:/Software/STM32Cube/STM32CubeIDE/plugins/com.st.stm32cube.ide.mcu.externaltools.gnu-tools-for-stm32.12.3.rel1.win32_1.0.200.202406191623/tools/bin/../lib/gcc/arm-none-eabi/12.3.1/../../../../arm-none-eabi/lib/thumb/v7e-m+fp/hard\libc_nano.a(libc_a-mprec.o)
                0x08012910                __multiply
 .text.__pow5mult
                0x08012a64       0xb4 D:/Software/STM32Cube/STM32CubeIDE/plugins/com.st.stm32cube.ide.mcu.externaltools.gnu-tools-for-stm32.12.3.rel1.win32_1.0.200.202406191623/tools/bin/../lib/gcc/arm-none-eabi/12.3.1/../../../../arm-none-eabi/lib/thumb/v7e-m+fp/hard\libc_nano.a(libc_a-mprec.o)
                0x08012a64                __pow5mult
 .text.__lshift
                0x08012b18       0xd8 D:/Software/STM32Cube/STM32CubeIDE/plugins/com.st.stm32cube.ide.mcu.externaltools.gnu-tools-for-stm32.12.3.rel1.win32_1.0.200.202406191623/tools/bin/../lib/gcc/arm-none-eabi/12.3.1/../../../../arm-none-eabi/lib/thumb/v7e-m+fp/hard\libc_nano.a(libc_a-mprec.o)
                0x08012b18                __lshift
 .text.__mcmp   0x08012bf0       0x36 D:/Software/STM32Cube/STM32CubeIDE/plugins/com.st.stm32cube.ide.mcu.externaltools.gnu-tools-for-stm32.12.3.rel1.win32_1.0.200.202406191623/tools/bin/../lib/gcc/arm-none-eabi/12.3.1/../../../../arm-none-eabi/lib/thumb/v7e-m+fp/hard\libc_nano.a(libc_a-mprec.o)
                0x08012bf0                __mcmp
 *fill*         0x08012c26        0x2 
 .text.__mdiff  0x08012c28      0x128 D:/Software/STM32Cube/STM32CubeIDE/plugins/com.st.stm32cube.ide.mcu.externaltools.gnu-tools-for-stm32.12.3.rel1.win32_1.0.200.202406191623/tools/bin/../lib/gcc/arm-none-eabi/12.3.1/../../../../arm-none-eabi/lib/thumb/v7e-m+fp/hard\libc_nano.a(libc_a-mprec.o)
                0x08012c28                __mdiff
 .text.__ulp    0x08012d50       0x4c D:/Software/STM32Cube/STM32CubeIDE/plugins/com.st.stm32cube.ide.mcu.externaltools.gnu-tools-for-stm32.12.3.rel1.win32_1.0.200.202406191623/tools/bin/../lib/gcc/arm-none-eabi/12.3.1/../../../../arm-none-eabi/lib/thumb/v7e-m+fp/hard\libc_nano.a(libc_a-mprec.o)
                0x08012d50                __ulp
 .text.__b2d    0x08012d9c       0x94 D:/Software/STM32Cube/STM32CubeIDE/plugins/com.st.stm32cube.ide.mcu.externaltools.gnu-tools-for-stm32.12.3.rel1.win32_1.0.200.202406191623/tools/bin/../lib/gcc/arm-none-eabi/12.3.1/../../../../arm-none-eabi/lib/thumb/v7e-m+fp/hard\libc_nano.a(libc_a-mprec.o)
                0x08012d9c                __b2d
 .text.__d2b    0x08012e30       0xb0 D:/Software/STM32Cube/STM32CubeIDE/plugins/com.st.stm32cube.ide.mcu.externaltools.gnu-tools-for-stm32.12.3.rel1.win32_1.0.200.202406191623/tools/bin/../lib/gcc/arm-none-eabi/12.3.1/../../../../arm-none-eabi/lib/thumb/v7e-m+fp/hard\libc_nano.a(libc_a-mprec.o)
                0x08012e30                __d2b
 .text.__ratio  0x08012ee0       0x64 D:/Software/STM32Cube/STM32CubeIDE/plugins/com.st.stm32cube.ide.mcu.externaltools.gnu-tools-for-stm32.12.3.rel1.win32_1.0.200.202406191623/tools/bin/../lib/gcc/arm-none-eabi/12.3.1/../../../../arm-none-eabi/lib/thumb/v7e-m+fp/hard\libc_nano.a(libc_a-mprec.o)
                0x08012ee0                __ratio
 .text.__copybits
                0x08012f44       0x46 D:/Software/STM32Cube/STM32CubeIDE/plugins/com.st.stm32cube.ide.mcu.externaltools.gnu-tools-for-stm32.12.3.rel1.win32_1.0.200.202406191623/tools/bin/../lib/gcc/arm-none-eabi/12.3.1/../../../../arm-none-eabi/lib/thumb/v7e-m+fp/hard\libc_nano.a(libc_a-mprec.o)
                0x08012f44                __copybits
 .text.__any_on
                0x08012f8a       0x42 D:/Software/STM32Cube/STM32CubeIDE/plugins/com.st.stm32cube.ide.mcu.externaltools.gnu-tools-for-stm32.12.3.rel1.win32_1.0.200.202406191623/tools/bin/../lib/gcc/arm-none-eabi/12.3.1/../../../../arm-none-eabi/lib/thumb/v7e-m+fp/hard\libc_nano.a(libc_a-mprec.o)
                0x08012f8a                __any_on
 .text.sulp     0x08012fcc       0x3c D:/Software/STM32Cube/STM32CubeIDE/plugins/com.st.stm32cube.ide.mcu.externaltools.gnu-tools-for-stm32.12.3.rel1.win32_1.0.200.202406191623/tools/bin/../lib/gcc/arm-none-eabi/12.3.1/../../../../arm-none-eabi/lib/thumb/v7e-m+fp/hard\libc_nano.a(libc_a-strtod.o)
 .text._strtod_l
                0x08013008      0xbc8 D:/Software/STM32Cube/STM32CubeIDE/plugins/com.st.stm32cube.ide.mcu.externaltools.gnu-tools-for-stm32.12.3.rel1.win32_1.0.200.202406191623/tools/bin/../lib/gcc/arm-none-eabi/12.3.1/../../../../arm-none-eabi/lib/thumb/v7e-m+fp/hard\libc_nano.a(libc_a-strtod.o)
                0x08013008                _strtod_l
 .text._strtod_r
                0x08013bd0        0xc D:/Software/STM32Cube/STM32CubeIDE/plugins/com.st.stm32cube.ide.mcu.externaltools.gnu-tools-for-stm32.12.3.rel1.win32_1.0.200.202406191623/tools/bin/../lib/gcc/arm-none-eabi/12.3.1/../../../../arm-none-eabi/lib/thumb/v7e-m+fp/hard\libc_nano.a(libc_a-strtod.o)
                0x08013bd0                _strtod_r
 .text._strtol_l.constprop.0
                0x08013bdc       0xf4 D:/Software/STM32Cube/STM32CubeIDE/plugins/com.st.stm32cube.ide.mcu.externaltools.gnu-tools-for-stm32.12.3.rel1.win32_1.0.200.202406191623/tools/bin/../lib/gcc/arm-none-eabi/12.3.1/../../../../arm-none-eabi/lib/thumb/v7e-m+fp/hard\libc_nano.a(libc_a-strtol.o)
 .text._strtol_r
                0x08013cd0        0x4 D:/Software/STM32Cube/STM32CubeIDE/plugins/com.st.stm32cube.ide.mcu.externaltools.gnu-tools-for-stm32.12.3.rel1.win32_1.0.200.202406191623/tools/bin/../lib/gcc/arm-none-eabi/12.3.1/../../../../arm-none-eabi/lib/thumb/v7e-m+fp/hard\libc_nano.a(libc_a-strtol.o)
                0x08013cd0                _strtol_r
 .text.__ssputs_r
                0x08013cd4       0xb6 D:/Software/STM32Cube/STM32CubeIDE/plugins/com.st.stm32cube.ide.mcu.externaltools.gnu-tools-for-stm32.12.3.rel1.win32_1.0.200.202406191623/tools/bin/../lib/gcc/arm-none-eabi/12.3.1/../../../../arm-none-eabi/lib/thumb/v7e-m+fp/hard\libc_nano.a(libc_a-nano-svfprintf.o)
                0x08013cd4                __ssputs_r
 *fill*         0x08013d8a        0x2 
 .text._svfprintf_r
                0x08013d8c      0x1f8 D:/Software/STM32Cube/STM32CubeIDE/plugins/com.st.stm32cube.ide.mcu.externaltools.gnu-tools-for-stm32.12.3.rel1.win32_1.0.200.202406191623/tools/bin/../lib/gcc/arm-none-eabi/12.3.1/../../../../arm-none-eabi/lib/thumb/v7e-m+fp/hard\libc_nano.a(libc_a-nano-svfprintf.o)
                0x08013d8c                _svfiprintf_r
                0x08013d8c                _svfprintf_r
 .text.__sflush_r
                0x08013f84      0x108 D:/Software/STM32Cube/STM32CubeIDE/plugins/com.st.stm32cube.ide.mcu.externaltools.gnu-tools-for-stm32.12.3.rel1.win32_1.0.200.202406191623/tools/bin/../lib/gcc/arm-none-eabi/12.3.1/../../../../arm-none-eabi/lib/thumb/v7e-m+fp/hard\libc_nano.a(libc_a-fflush.o)
                0x08013f84                __sflush_r
 .text._fflush_r
                0x0801408c       0x50 D:/Software/STM32Cube/STM32CubeIDE/plugins/com.st.stm32cube.ide.mcu.externaltools.gnu-tools-for-stm32.12.3.rel1.win32_1.0.200.202406191623/tools/bin/../lib/gcc/arm-none-eabi/12.3.1/../../../../arm-none-eabi/lib/thumb/v7e-m+fp/hard\libc_nano.a(libc_a-fflush.o)
                0x0801408c                _fflush_r
 .text.memmove  0x080140dc       0x34 D:/Software/STM32Cube/STM32CubeIDE/plugins/com.st.stm32cube.ide.mcu.externaltools.gnu-tools-for-stm32.12.3.rel1.win32_1.0.200.202406191623/tools/bin/../lib/gcc/arm-none-eabi/12.3.1/../../../../arm-none-eabi/lib/thumb/v7e-m+fp/hard\libc_nano.a(libc_a-memmove.o)
                0x080140dc                memmove
 .text.strncmp  0x08014110       0x24 D:/Software/STM32Cube/STM32CubeIDE/plugins/com.st.stm32cube.ide.mcu.externaltools.gnu-tools-for-stm32.12.3.rel1.win32_1.0.200.202406191623/tools/bin/../lib/gcc/arm-none-eabi/12.3.1/../../../../arm-none-eabi/lib/thumb/v7e-m+fp/hard\libc_nano.a(libc_a-strncmp.o)
                0x08014110                strncmp
 .text._sbrk_r  0x08014134       0x20 D:/Software/STM32Cube/STM32CubeIDE/plugins/com.st.stm32cube.ide.mcu.externaltools.gnu-tools-for-stm32.12.3.rel1.win32_1.0.200.202406191623/tools/bin/../lib/gcc/arm-none-eabi/12.3.1/../../../../arm-none-eabi/lib/thumb/v7e-m+fp/hard\libc_nano.a(libc_a-sbrkr.o)
                0x08014134                _sbrk_r
 .text.memcpy   0x08014154       0x1c D:/Software/STM32Cube/STM32CubeIDE/plugins/com.st.stm32cube.ide.mcu.externaltools.gnu-tools-for-stm32.12.3.rel1.win32_1.0.200.202406191623/tools/bin/../lib/gcc/arm-none-eabi/12.3.1/../../../../arm-none-eabi/lib/thumb/v7e-m+fp/hard\libc_nano.a(libc_a-memcpy-stub.o)
                0x08014154                memcpy